******************************************************************************
             TMS320C2000 Linker PC v18.1.2                     
******************************************************************************
>> Linked Tue Dec  4 17:33:41 2018

OUTPUT FILE NAME:   <task_WonBot.out>
ENTRY POINT SYMBOL: "_c_int00"  address: 003f0ee2


MEMORY CONFIGURATION

         name            origin    length      used     unused   attr    fill
----------------------  --------  ---------  --------  --------  ----  --------
PAGE 0:
  OTP                   003d7800   00000400  00000000  00000400  RWIX
  FLASH                 003f0000   00007f80  00003b8a  000043f6  RWIX
  CSM_RSVD              003f7f80   00000076  00000000  00000076  RWIX
  BEGIN                 003f7ff6   00000002  00000000  00000002  RWIX
  CSM_PWL               003f7ff8   00000008  00000000  00000008  RWIX
  IQTABLES              003fe000   00000b50  00000000  00000b50  RWIX
  IQTABLES2             003feb50   0000008c  00000000  0000008c  RWIX
  IQTABLES3             003febdc   000000aa  00000000  000000aa  RWIX
  ROM                   003ff27c   00000d44  00000000  00000d44  RWIX
  RESET                 003fffc0   00000002  00000000  00000002  RWIX
  VECTORS               003fffc2   0000003e  00000000  0000003e  RWIX

PAGE 1:
  M01SARAM              00000000   00000800  00000762  0000009e  RWIX
  DEV_EMU               00000880   00000105  00000004  00000101  RWIX
  SYS_PWR_CTL           00000985   00000003  00000003  00000000  RWIX
  FLASH_REGS            00000a80   00000060  00000008  00000058  RWIX
  CSM                   00000ae0   00000010  00000010  00000000  RWIX
  ADC_RESULT            00000b00   00000020  00000020  00000000  RWIX
  CPU_TIMER0            00000c00   00000008  00000008  00000000  RWIX
  CPU_TIMER1            00000c08   00000008  00000008  00000000  RWIX
  CPU_TIMER2            00000c10   00000008  00000008  00000000  RWIX
  PIE_CTRL              00000ce0   00000020  0000001a  00000006  RWIX
  PIEVECT               00000d00   00000100  00000000  00000100  RWIX
  COMP1                 00006400   00000020  00000020  00000000  RWIX
  COMP2                 00006420   00000020  00000020  00000000  RWIX
  EPWM1                 00006800   00000040  00000040  00000000  RWIX
  EPWM2                 00006840   00000040  00000040  00000000  RWIX
  EPWM3                 00006880   00000040  00000040  00000000  RWIX
  EPWM4                 000068c0   00000040  00000040  00000000  RWIX
  ECAP1                 00006a00   00000020  00000020  00000000  RWIX
  GPIOCTRL              00006f80   00000040  00000040  00000000  RWIX
  GPIODAT               00006fc0   00000020  00000020  00000000  RWIX
  GPIOINT               00006fe0   00000020  0000000a  00000016  RWIX
  SYSTEM                00007010   00000020  0000001f  00000001  RWIX
  SPIA                  00007040   00000010  00000010  00000000  RWIX
  SCIA                  00007050   00000010  00000010  00000000  RWIX
  NMIINTRUPT            00007060   00000010  00000010  00000000  RWIX
  XINTRUPT              00007070   00000010  00000010  00000000  RWIX
  ADC                   00007100   00000080  00000051  0000002f  RWIX
  I2CA                  00007900   00000040  00000022  0000001e  RWIX
  L0SARAM               00008000   00001000  00000120  00000ee0  RWIX
  PARTID                003d7fff   00000001  00000001  00000000  RWIX
  CSM_PWL               003f7ff8   00000008  00000008  00000000  RWIX


SECTION ALLOCATION MAP

 output                                  attributes/
section   page    origin      length       input sections
--------  ----  ----------  ----------   ----------------
PieVectTableFile 
*          0    00000d00    00000100     DSECT
                  00000d00    00000100     F2802x_GlobalVariableDefs.obj (PieVectTableFile)

EmuKeyVar 
*          0    00000d00    00000001     DSECT
                  00000d00    00000001     F2802x_GlobalVariableDefs.obj (EmuKeyVar)

EmuBModeVar 
*          0    00000d01    00000001     DSECT
                  00000d01    00000001     F2802x_GlobalVariableDefs.obj (EmuBModeVar)

FlashCallbackVar 
*          0    00000d02    00000002     DSECT
                  00000d02    00000002     F2802x_GlobalVariableDefs.obj (FlashCallbackVar)

FlashScalingVar 
*          0    00000d04    00000002     DSECT
                  00000d04    00000002     F2802x_GlobalVariableDefs.obj (FlashScalingVar)

.econst    0    003f1fd4    000017c3     
                  003f1fd4    00001374     task_p28L.o28L (.econst:xdc_runtime_Text_charTab__A)
                  003f3348    00000100     task_p28L.o28L (.econst:_ti_sysbios_family_c28_Hwi_vectors)
                  003f3448    0000006b     task_p28L.o28L (.econst:.string)
                  003f34b3    00000001     task_p28L.o28L (.econst:ti_sysbios_family_c28_Hwi_Module__id__C)
                  003f34b4    00000058     ti.targets.rts2800.a28L : Error.o28L (.econst:.string)
                  003f350c    0000004c     task_p28L.o28L (.econst:xdc_runtime_Text_nodeTab__A)
                  003f3558    00000047     ti.targets.rts2800.a28L : Log.o28L (.econst:.string)
                  003f359f    00000001     task_p28L.o28L (.econst:ti_sysbios_family_c28_Hwi_NUM_INTERRUPTS_ALL__C)
                  003f35a0    00000043     ti.targets.rts2800.a28L : Text.o28L (.econst:.string)
                  003f35e3    00000001     task_p28L.o28L (.econst:ti_sysbios_family_c28_Hwi_Object__count__C)
                  003f35e4    0000002a     ti.targets.rts2800.a28L : Startup.o28L (.econst:.string)
                  003f360e    0000001e     task_p28L.o28L (.econst:xdc_runtime_LoggerBuf_Module__FXNS__C)
                  003f362c    00000019     ti.targets.rts2800.a28L : System.o28L (.econst:.string)
                  003f3645    00000001     task_p28L.o28L (.econst:ti_sysbios_family_c28_TaskSupport_Module__id__C)
                  003f3646    00000014     task_p28L.o28L (.econst:xdc_runtime_HeapStd_Module__FXNS__C)
                  003f365a    00000012     task_p28L.o28L (.econst:ti_sysbios_gates_GateHwi_Module__FXNS__C)
                  003f366c    00000012     task_p28L.o28L (.econst:xdc_runtime_LoggerBuf_Object__PARAMS__C)
                  003f367e    00000012     task_p28L.o28L (.econst:xdc_runtime_Startup_sfxnTab__A)
                  003f3690    00000010     task_p28L.o28L (.econst:ti_sysbios_gates_GateHwi_Object__DESC__C)
                  003f36a0    00000010     task_p28L.o28L (.econst:xdc_runtime_HeapStd_Object__DESC__C)
                  003f36b0    00000010     task_p28L.o28L (.econst:xdc_runtime_LoggerBuf_Object__DESC__C)
                  003f36c0    0000000e     task_p28L.o28L (.econst:xdc_runtime_HeapStd_Object__PARAMS__C)
                  003f36ce    0000000d     task.obj (.econst:.string)
                  003f36db    00000001     task_p28L.o28L (.econst:ti_sysbios_family_c28_Timer_startupNeeded__C)
                  003f36dc    0000000c     task_p28L.o28L (.econst:ti_sysbios_gates_GateHwi_Object__PARAMS__C)
                  003f36e8    00000009     task_p28L.o28L (.econst:xdc_runtime_Startup_sfxnRts__A)
                  003f36f1    00000001     task_p28L.o28L (.econst:ti_sysbios_hal_Hwi_Module__id__C)
                  003f36f2    00000006     task_p28L.o28L (.econst)
                  003f36f8    00000005     ti.targets.rts2800.a28L : Assert.o28L (.econst:.string)
                  003f36fd    00000001     task_p28L.o28L (.econst:ti_sysbios_knl_Swi_Object__count__C)
                  003f36fe    00000004     task_p28L.o28L (.econst:ti_sysbios_knl_Idle_funcList__A)
                  003f3702    00000004     task_p28L.o28L (.econst:ti_sysbios_knl_Idle_funcList__C)
                  003f3706    00000004     task_p28L.o28L (.econst:xdc_runtime_Startup_firstFxns__C)
                  003f370a    00000004     task_p28L.o28L (.econst:xdc_runtime_Startup_lastFxns__C)
                  003f370e    00000002     task_p28L.o28L (.econst:ti_sysbios_family_c28_Hwi_A_badIntNum__C)
                  003f3710    00000002     task_p28L.o28L (.econst:ti_sysbios_family_c28_Hwi_A_invalidArg__C)
                  003f3712    00000002     task_p28L.o28L (.econst:ti_sysbios_family_c28_Hwi_E_unpluggedInterrupt__C)
                  003f3714    00000002     task_p28L.o28L (.econst:ti_sysbios_family_c28_Hwi_Module__diagsEnabled__C)
                  003f3716    00000002     task_p28L.o28L (.econst:ti_sysbios_family_c28_Hwi_Module__diagsIncluded__C)
                  003f3718    00000002     task_p28L.o28L (.econst:ti_sysbios_family_c28_Hwi_Module__diagsMask__C)
                  003f371a    00000002     task_p28L.o28L (.econst:ti_sysbios_family_c28_TaskSupport_E_invalidStack__C)
                  003f371c    00000002     task_p28L.o28L (.econst:ti_sysbios_hal_Hwi_E_stackOverflow__C)
                  003f371e    00000002     task_p28L.o28L (.econst:ti_sysbios_knl_Task_E_spOutOfBounds__C)
                  003f3720    00000002     task_p28L.o28L (.econst:ti_sysbios_knl_Task_E_stackOverflow__C)
                  003f3722    00000002     task_p28L.o28L (.econst:ti_sysbios_knl_Task_Module_State_inactiveQ__O)
                  003f3724    00000002     task_p28L.o28L (.econst:ti_sysbios_knl_Task_allBlockedFunc__C)
                  003f3726    00000002     task_p28L.o28L (.econst:xdc_runtime_Assert_E_assertFailed__C)
                  003f3728    00000002     task_p28L.o28L (.econst:xdc_runtime_Core_A_initializedParams__C)
                  003f372a    00000002     task_p28L.o28L (.econst:xdc_runtime_Core_Module__diagsEnabled__C)
                  003f372c    00000002     task_p28L.o28L (.econst:xdc_runtime_Core_Module__diagsIncluded__C)
                  003f372e    00000002     task_p28L.o28L (.econst:xdc_runtime_Core_Module__diagsMask__C)
                  003f3730    00000002     task_p28L.o28L (.econst:xdc_runtime_Error_E_memory__C)
                  003f3732    00000002     task_p28L.o28L (.econst:xdc_runtime_Error_Module__diagsEnabled__C)
                  003f3734    00000002     task_p28L.o28L (.econst:xdc_runtime_Error_Module__diagsIncluded__C)
                  003f3736    00000002     task_p28L.o28L (.econst:xdc_runtime_Error_Module__diagsMask__C)
                  003f3738    00000002     task_p28L.o28L (.econst:xdc_runtime_Error_Module__loggerFxn8__C)
                  003f373a    00000002     task_p28L.o28L (.econst:xdc_runtime_Error_Module__loggerObj__C)
                  003f373c    00000002     task_p28L.o28L (.econst:xdc_runtime_Error_policyFxn__C)
                  003f373e    00000002     task_p28L.o28L (.econst:xdc_runtime_Error_raiseHook__C)
                  003f3740    00000002     task_p28L.o28L (.econst:xdc_runtime_HeapStd_A_align__C)
                  003f3742    00000002     task_p28L.o28L (.econst:xdc_runtime_HeapStd_A_invalidTotalFreeSize__C)
                  003f3744    00000002     task_p28L.o28L (.econst:xdc_runtime_HeapStd_A_zeroSize__C)
                  003f3746    00000002     task_p28L.o28L (.econst:xdc_runtime_HeapStd_E_noRTSMemory__C)
                  003f3748    00000002     task_p28L.o28L (.econst:xdc_runtime_HeapStd_Module__diagsEnabled__C)
                  003f374a    00000002     task_p28L.o28L (.econst:xdc_runtime_HeapStd_Module__diagsIncluded__C)
                  003f374c    00000002     task_p28L.o28L (.econst:xdc_runtime_HeapStd_Module__diagsMask__C)
                  003f374e    00000002     task_p28L.o28L (.econst:xdc_runtime_IFilterLogger_Interface__BASE__C)
                  003f3750    00000002     task_p28L.o28L (.econst:xdc_runtime_IGateProvider_Interface__BASE__C)
                  003f3752    00000002     task_p28L.o28L (.econst:xdc_runtime_IHeap_Interface__BASE__C)
                  003f3754    00000002     task_p28L.o28L (.econst:xdc_runtime_ILogger_Interface__BASE__C)
                  003f3756    00000002     task_p28L.o28L (.econst:xdc_runtime_IModule_Interface__BASE__C)
                  003f3758    00000002     task_p28L.o28L (.econst:xdc_runtime_Log_L_error__C)
                  003f375a    00000002     task_p28L.o28L (.econst:xdc_runtime_LoggerBuf_E_badLevel__C)
                  003f375c    00000002     task_p28L.o28L (.econst:xdc_runtime_LoggerBuf_Module__gateObj__C)
                  003f375e    00000002     task_p28L.o28L (.econst:xdc_runtime_LoggerBuf_statusLogger__C)
                  003f3760    00000002     task_p28L.o28L (.econst:xdc_runtime_Memory_defaultHeapInstance__C)
                  003f3762    00000002     task_p28L.o28L (.econst:xdc_runtime_Startup_execImpl__C)
                  003f3764    00000002     task_p28L.o28L (.econst:xdc_runtime_Startup_firstFxns__A)
                  003f3766    00000002     task_p28L.o28L (.econst:xdc_runtime_Startup_lastFxns__A)
                  003f3768    00000002     task_p28L.o28L (.econst:xdc_runtime_Startup_sfxnRts__C)
                  003f376a    00000002     task_p28L.o28L (.econst:xdc_runtime_Startup_sfxnTab__C)
                  003f376c    00000002     task_p28L.o28L (.econst:xdc_runtime_SysMin_bufSize__C)
                  003f376e    00000002     task_p28L.o28L (.econst:xdc_runtime_SysMin_outputFunc__C)
                  003f3770    00000002     task_p28L.o28L (.econst:xdc_runtime_System_Module__gateObj__C)
                  003f3772    00000002     task_p28L.o28L (.econst:xdc_runtime_System_abortFxn__C)
                  003f3774    00000002     task_p28L.o28L (.econst:xdc_runtime_System_exitFxn__C)
                  003f3776    00000002     task_p28L.o28L (.econst:xdc_runtime_System_extendFxn__C)
                  003f3778    00000002     task_p28L.o28L (.econst:xdc_runtime_Text_charTab__C)
                  003f377a    00000002     task_p28L.o28L (.econst:xdc_runtime_Text_nameEmpty__C)
                  003f377c    00000002     task_p28L.o28L (.econst:xdc_runtime_Text_nameStatic__C)
                  003f377e    00000002     task_p28L.o28L (.econst:xdc_runtime_Text_nameUnknown__C)
                  003f3780    00000002     task_p28L.o28L (.econst:xdc_runtime_Text_nodeTab__C)
                  003f3782    00000002     task_p28L.o28L (.econst:xdc_runtime_Text_visitRopeFxn__C)
                  003f3784    00000001     task_p28L.o28L (.econst:ti_sysbios_knl_Task_Module__id__C)
                  003f3785    00000001     task_p28L.o28L (.econst:ti_sysbios_knl_Task_Object__count__C)
                  003f3786    00000001     task_p28L.o28L (.econst:ti_sysbios_knl_Task_numConstructedTasks__C)
                  003f3787    00000001     task_p28L.o28L (.econst:xdc_runtime_Core_Module__id__C)
                  003f3788    00000001     task_p28L.o28L (.econst:xdc_runtime_Error_Module__loggerDefined__C)
                  003f3789    00000001     task_p28L.o28L (.econst:xdc_runtime_Error_maxDepth__C)
                  003f378a    00000001     task_p28L.o28L (.econst:xdc_runtime_Error_policy__C)
                  003f378b    00000001     task_p28L.o28L (.econst:xdc_runtime_HeapStd_Module__id__C)
                  003f378c    00000001     task_p28L.o28L (.econst:xdc_runtime_LoggerBuf_Module__id__C)
                  003f378d    00000001     task_p28L.o28L (.econst:xdc_runtime_LoggerBuf_Object__count__C)
                  003f378e    00000001     task_p28L.o28L (.econst:xdc_runtime_LoggerBuf_filterByLevel__C)
                  003f378f    00000001     task_p28L.o28L (.econst:xdc_runtime_Memory_Module__id__C)
                  003f3790    00000001     task_p28L.o28L (.econst:xdc_runtime_Startup_maxPasses__C)
                  003f3791    00000001     task_p28L.o28L (.econst:xdc_runtime_SysMin_flushAtExit__C)
                  003f3792    00000001     task_p28L.o28L (.econst:xdc_runtime_System_maxAtexitHandlers__C)
                  003f3793    00000001     task_p28L.o28L (.econst:xdc_runtime_Text_charCnt__C)
                  003f3794    00000001     task_p28L.o28L (.econst:xdc_runtime_Text_isLoaded__C)
                  003f3795    00000001     task_p28L.o28L (.econst:xdc_runtime_Text_registryModsLastId__C)
                  003f3796    00000001     task_p28L.o28L (.econst:xdc_runtime_Text_unnamedModsLastId__C)

.cinit     0    003f3797    000003d7     
                  003f3797    0000038c     task_p28L.o28L (.cinit)
                  003f3b23    00000031     task.obj (.cinit)
                  003f3b54    0000000e     rts2800_ml.lib : exit.c.obj (.cinit)
                  003f3b62    00000005                    : _lock.c.obj (.cinit:__lock)
                  003f3b67    00000005                    : _lock.c.obj (.cinit:__unlock)
                  003f3b6c    00000002     --HOLE-- [fill = 0]

.switch    0    003f3b6e    0000001c     
                  003f3b6e    0000001c     sysbios.a28L : BIOS.obj (.switch:_ti_sysbios_family_c28_Hwi_clearInterrupt__E)

.ebss      1    00000000    00000662     UNINITIALIZED
                  00000000    00000540     task_p28L.o28L (.ebss)
                  00000540    00000100     task_p28L.o28L (.ebss:taskStackSection)
                  00000640    00000010     task.obj (.ebss)
                  00000650    00000008     rts2800_ml.lib : hostopen.c.obj (.ebss)
                  00000658    00000006                    : exit.c.obj (.ebss)
                  0000065e    00000002                    : _lock.c.obj (.ebss:__lock)
                  00000660    00000002                    : _lock.c.obj (.ebss:__unlock)

DevEmuRegsFile 
*          1    00000880    00000004     UNINITIALIZED
                  00000880    00000004     F2802x_GlobalVariableDefs.obj (DevEmuRegsFile)

SysPwrCtrlRegsFile 
*          1    00000985    00000003     UNINITIALIZED
                  00000985    00000003     F2802x_GlobalVariableDefs.obj (SysPwrCtrlRegsFile)

FlashRegsFile 
*          1    00000a80    00000008     UNINITIALIZED
                  00000a80    00000008     F2802x_GlobalVariableDefs.obj (FlashRegsFile)

CsmRegsFile 
*          1    00000ae0    00000010     UNINITIALIZED
                  00000ae0    00000010     F2802x_GlobalVariableDefs.obj (CsmRegsFile)

AdcResultFile 
*          1    00000b00    00000020     UNINITIALIZED
                  00000b00    00000020     F2802x_GlobalVariableDefs.obj (AdcResultFile)

CpuTimer0RegsFile 
*          1    00000c00    00000008     UNINITIALIZED
                  00000c00    00000008     F2802x_GlobalVariableDefs.obj (CpuTimer0RegsFile)

CpuTimer1RegsFile 
*          1    00000c08    00000008     UNINITIALIZED
                  00000c08    00000008     F2802x_GlobalVariableDefs.obj (CpuTimer1RegsFile)

CpuTimer2RegsFile 
*          1    00000c10    00000008     UNINITIALIZED
                  00000c10    00000008     F2802x_GlobalVariableDefs.obj (CpuTimer2RegsFile)

PieCtrlRegsFile 
*          1    00000ce0    0000001a     UNINITIALIZED
                  00000ce0    0000001a     F2802x_GlobalVariableDefs.obj (PieCtrlRegsFile)

Comp1RegsFile 
*          1    00006400    00000020     UNINITIALIZED
                  00006400    00000020     F2802x_GlobalVariableDefs.obj (Comp1RegsFile)

Comp2RegsFile 
*          1    00006420    00000020     UNINITIALIZED
                  00006420    00000020     F2802x_GlobalVariableDefs.obj (Comp2RegsFile)

EPwm1RegsFile 
*          1    00006800    00000040     UNINITIALIZED
                  00006800    00000040     F2802x_GlobalVariableDefs.obj (EPwm1RegsFile)

EPwm2RegsFile 
*          1    00006840    00000040     UNINITIALIZED
                  00006840    00000040     F2802x_GlobalVariableDefs.obj (EPwm2RegsFile)

EPwm3RegsFile 
*          1    00006880    00000040     UNINITIALIZED
                  00006880    00000040     F2802x_GlobalVariableDefs.obj (EPwm3RegsFile)

EPwm4RegsFile 
*          1    000068c0    00000040     UNINITIALIZED
                  000068c0    00000040     F2802x_GlobalVariableDefs.obj (EPwm4RegsFile)

ECap1RegsFile 
*          1    00006a00    00000020     UNINITIALIZED
                  00006a00    00000020     F2802x_GlobalVariableDefs.obj (ECap1RegsFile)

GpioCtrlRegsFile 
*          1    00006f80    00000040     UNINITIALIZED
                  00006f80    00000040     F2802x_GlobalVariableDefs.obj (GpioCtrlRegsFile)

GpioDataRegsFile 
*          1    00006fc0    00000020     UNINITIALIZED
                  00006fc0    00000020     F2802x_GlobalVariableDefs.obj (GpioDataRegsFile)

GpioIntRegsFile 
*          1    00006fe0    0000000a     UNINITIALIZED
                  00006fe0    0000000a     F2802x_GlobalVariableDefs.obj (GpioIntRegsFile)

SysCtrlRegsFile 
*          1    00007010    0000001f     UNINITIALIZED
                  00007010    0000001f     F2802x_GlobalVariableDefs.obj (SysCtrlRegsFile)

SpiaRegsFile 
*          1    00007040    00000010     UNINITIALIZED
                  00007040    00000010     F2802x_GlobalVariableDefs.obj (SpiaRegsFile)

SciaRegsFile 
*          1    00007050    00000010     UNINITIALIZED
                  00007050    00000010     F2802x_GlobalVariableDefs.obj (SciaRegsFile)

NmiIntruptRegsFile 
*          1    00007060    00000010     UNINITIALIZED
                  00007060    00000010     F2802x_GlobalVariableDefs.obj (NmiIntruptRegsFile)

XIntruptRegsFile 
*          1    00007070    00000010     UNINITIALIZED
                  00007070    00000010     F2802x_GlobalVariableDefs.obj (XIntruptRegsFile)

AdcRegsFile 
*          1    00007100    00000051     UNINITIALIZED
                  00007100    00000051     F2802x_GlobalVariableDefs.obj (AdcRegsFile)

I2caRegsFile 
*          1    00007900    00000022     UNINITIALIZED
                  00007900    00000022     F2802x_GlobalVariableDefs.obj (I2caRegsFile)

PartIdRegsFile 
*          1    003d7fff    00000001     UNINITIALIZED
                  003d7fff    00000001     F2802x_GlobalVariableDefs.obj (PartIdRegsFile)

CsmPwlFile 
*          1    003f7ff8    00000008     UNINITIALIZED
                  003f7ff8    00000008     F2802x_GlobalVariableDefs.obj (CsmPwlFile)

.pinit     0    003f0000    00000000     UNINITIALIZED

.text      0    003f0000    00001fd4     
                  003f0000    00000230     ti.targets.rts2800.a28L : System.o28L (.text:_xdc_runtime_System_doPrint__I)
                  003f0230    0000011c     DeviceInit_18Nov2018.obj (.text)
                  003f034c    00000107     rts2800_ml.lib : ll_div28.asm.obj (.text)
                  003f0453    000000ef     ti.targets.rts2800.a28L : HeapStd.o28L (.text:_xdc_runtime_HeapStd_alloc__E)
                  003f0542    000000e1     sysbios.a28L : BIOS.obj (.text:_ti_sysbios_family_c28_Hwi_clearInterrupt__E)
                  003f0623    000000c3     task.obj (.text)
                  003f06e6    000000b4     ti.targets.rts2800.a28L : LoggerBuf.o28L (.text:_xdc_runtime_LoggerBuf_write8__E)
                  003f079a    000000b0     task_p28L.o28L (.text:_xdc_runtime_System_printfExtend__I)
                  003f084a    0000009f     ti.targets.rts2800.a28L : Core-mem.o28L (.text:_xdc_runtime_Core_createObject__I)
                  003f08e9    00000094     rts2800_ml.lib : trgmsg.c.obj (.text)
                  003f097d    0000008e     sysbios.a28L : BIOS.obj (.text:_ti_sysbios_family_c28_Hwi_enableInterrupt__E)
                  003f0a0b    0000008a     ti.targets.rts2800.a28L : Error.o28L (.text:_xdc_runtime_Error_policyDefault__E)
                  003f0a95    00000083     sysbios.a28L : c28_Hwi_disp_asm.obj (.text:_ti_sysbios_family_c28_Hwi_dispatch)
                  003f0b18    00000082     ti.targets.rts2800.a28L : HeapStd.o28L (.text:_xdc_runtime_HeapStd_Instance_init__E)
                  003f0b9a    00000081     sysbios.a28L : BIOS.obj (.text:_ti_sysbios_family_c28_Hwi_disableInterrupt__E)
                  003f0c1b    00000080                  : BIOS.obj (.text:_ti_sysbios_family_c28_Hwi_disablePIEIER__E)
                  003f0c9b    0000007f                  : BIOS.obj (.text:_ti_sysbios_family_c28_Hwi_enablePIEIER__E)
                  003f0d1a    00000078     ti.targets.rts2800.a28L : LoggerBuf.o28L (.text:_xdc_runtime_LoggerBuf_write4__E)
                  003f0d92    00000073     sysbios.a28L : BIOS.obj (.text:_ti_sysbios_knl_Task_checkStacks__E)
                  003f0e05    00000071     ti.targets.rts2800.a28L : Startup.o28L (.text:_xdc_runtime_Startup_startMods__I)
                  003f0e76    0000006c                             : HeapStd.o28L (.text:_xdc_runtime_HeapStd_free__E)
                  003f0ee2    00000067     boot.a28L : boot_cg.o28L (.text)
                  003f0f49    00000066     sysbios.a28L : BIOS.obj (.text:_ti_sysbios_family_c28_Timer_stopAndClear__I)
                  003f0faf    0000005d     ti.targets.rts2800.a28L : Text.o28L (.text:_xdc_runtime_Text_putSite__E)
                  003f100c    0000005a     rts2800_ml.lib : fs_mpy28.asm.obj (.text)
                  003f1066    0000004d     sysbios.a28L : BIOS.obj (.text:_ti_sysbios_family_c28_Hwi_dispatchCore__I)
                  003f10b3    00000048                  : BIOS.obj (.text:_ti_sysbios_knl_Task_postInit__I)
                  003f10fb    00000047                  : BIOS.obj (.text:_ti_sysbios_family_c28_Hwi_Module_startup__E)
                  003f1142    00000041     ti.targets.rts2800.a28L : Text.o28L (.text:_xdc_runtime_Text_putLab__E)
                  003f1183    0000003e                             : Text.o28L (.text:_xdc_runtime_Text_putMod__E)
                  003f11c1    0000003d                             : Core-mem.o28L (.text:_xdc_runtime_Core_deleteObject__I)
                  003f11fe    0000003d                             : LoggerBuf.o28L (.text:_xdc_runtime_LoggerBuf_getFilterLevel__E)
                  003f123b    0000003d                             : Memory.o28L (.text:_xdc_runtime_Memory_alloc__E)
                  003f1278    0000003c     sysbios.a28L : BIOS.obj (.text:_ti_sysbios_family_c28_Timer_postInit__I)
                  003f12b4    0000003c                  : BIOS.obj (.text:_ti_sysbios_knl_Swi_restoreHwi__E)
                  003f12f0    0000003c                  : BIOS.obj (.text:_ti_sysbios_knl_Swi_run__I)
                  003f132c    0000003c     ti.targets.rts2800.a28L : LoggerBuf.o28L (.text:_xdc_runtime_LoggerBuf_setFilterLevel__E)
                  003f1368    0000003a                             : System.o28L (.text:_xdc_runtime_System_formatNum__I)
                  003f13a2    00000038     sysbios.a28L : BIOS.obj (.text:_ti_sysbios_family_c28_TaskSupport_start__E)
                  003f13da    00000038     rts2800_ml.lib : hostwrite.c.obj (.text)
                  003f1412    00000035     sysbios.a28L : BIOS.obj (.text:_ti_sysbios_knl_Task_startCore__E)
                  003f1447    00000032                  : BIOS.obj (.text:_ti_sysbios_knl_Task_Module_startup__E)
                  003f1479    00000030     ti.targets.rts2800.a28L : Error.o28L (.text:_xdc_runtime_Error_print__E)
                  003f14a9    0000002f                             : Startup.o28L (.text:_xdc_runtime_Startup_exec__E)
                  003f14d8    0000002e     Boot.a28L : Boot.o28L (.text:.bootCodeSection:_ti_catalog_c2800_init_Boot_configurePll2802x)
                  003f1506    0000002e     sysbios.a28L : BIOS.obj (.text:_ti_sysbios_knl_Swi_runLoop__I)
                  003f1534    0000002e                  : BIOS.obj (.text:_ti_sysbios_knl_Swi_schedule__I)
                  003f1562    0000002e                  : BIOS.obj (.text:_ti_sysbios_knl_Task_schedule__I)
                  003f1590    0000002e     ti.targets.rts2800.a28L : LoggerBuf.o28L (.text:_xdc_runtime_LoggerBuf_Instance_init__E)
                  003f15be    0000002d     sysbios.a28L : BIOS.obj (.text:_ti_sysbios_family_c28_Hwi_getInterruptFlag__E)
                  003f15eb    0000002d     ti.targets.rts2800.a28L : Core-params.o28L (.text:_xdc_runtime_Core_assignParams__I)
                  003f1618    0000002d     task_p28L.o28L (.text:_xdc_runtime_LoggerBuf_Object__create__S)
                  003f1645    0000002d     ti.targets.rts2800.a28L : Text.o28L (.text:_xdc_runtime_Text_visitRope2__I)
                  003f1672    0000002c     sysbios.a28L : BIOS.obj (.text:_ti_sysbios_family_c28_Timer_start__E)
                  003f169e    0000002c     ti.targets.rts2800.a28L : Assert.o28L (.text:_xdc_runtime_Assert_raise__I)
                  003f16ca    0000002c     task_p28L.o28L (.text:_xdc_runtime_HeapStd_Object__create__S)
                  003f16f6    0000002a     rts2800_ml.lib : l_div28.asm.obj (.text)
                  003f1720    00000029     sysbios.a28L : BIOS.obj (.text:_ti_sysbios_family_c28_Hwi_getStackInfo__E)
                  003f1749    00000029                  : BIOS.obj (.text:_ti_sysbios_family_c28_Hwi_unPluggedInterrupt__I)
                  003f1772    00000029     ti.targets.rts2800.a28L : Error.o28L (.text:_xdc_runtime_Error_setX__E)
                  003f179b    00000029     rts2800_ml.lib : exit.c.obj (.text)
                  003f17c4    00000028     sysbios.a28L : BIOS.obj (.text:_ti_sysbios_family_c28_Timer_getExpiredCounts64__E)
                  003f17ec    00000028     ti.targets.rts2800.a28L : Text.o28L (.text:_xdc_runtime_Text_xprintf__I)
                  003f1814    00000026                             : SysMin.o28L (.text:_xdc_runtime_SysMin_flush__E)
                  003f183a    00000024     rts2800_ml.lib : cpy_tbl.c.obj (.text)
                  003f185e    00000023     ti.targets.rts2800.a28L : System.o28L (.text:_xdc_runtime_System_processAtExit__E)
                  003f1881    00000022     sysbios.a28L : BIOS.obj (.text:_ti_sysbios_knl_Swi_post__E)
                  003f18a3    00000022                  : BIOS.obj (.text:_ti_sysbios_knl_Task_blockI__E)
                  003f18c5    00000021                  : BIOS.obj (.text:_ti_sysbios_knl_Task_allBlockedFunction__I)
                  003f18e6    00000021     rts2800_ml.lib : fs_toul28.asm.obj (.text)
                  003f1907    00000020     sysbios.a28L : BIOS.obj (.text:_ti_sysbios_family_c28_Timer_setPrescale__E)
                  003f1927    00000020                  : BIOS.obj (.text:_ti_sysbios_knl_Task_exit__E)
                  003f1947    0000001e     ti.targets.rts2800.a28L : LoggerBuf.o28L (.text:_xdc_runtime_LoggerBuf_filterOutEvent__I)
                  003f1965    0000001e                             : System.o28L (.text:_xdc_runtime_System_atexit__E)
                  003f1983    0000001d     sysbios.a28L : c28_TaskSupport_asm.obj (.text:_ti_sysbios_family_c28_TaskSupport_buildTaskStack)
                  003f19a0    0000001d     task_p28L.o28L (.text:_ti_sysbios_gates_GateHwi_Object__create__S)
                  003f19bd    0000001d     rts2800_ml.lib : memcpy.c.obj (.text)
                  003f19da    0000001c     ti.targets.rts2800.a28L : SysMin.o28L (.text:_xdc_runtime_SysMin_putch__E)
                  003f19f6    0000001b     sysbios.a28L : c28_Hwi_asm.obj (.text:_ti_sysbios_family_c28_Hwi_switchAndDispatch__I)
                  003f1a11    0000001b                  : BIOS.obj (.text:_ti_sysbios_hal_Hwi_checkStack)
                  003f1a2c    0000001b                  : BIOS.obj (.text:_ti_sysbios_knl_Task_processVitalTaskFlag__I)
                  003f1a47    0000001b                  : BIOS.obj (.text:_ti_sysbios_knl_Task_restore__E)
                  003f1a62    0000001b     task_p28L.o28L (.text:_xdc_runtime_SysMin_output__I)
                  003f1a7d    0000001a     sysbios.a28L : BIOS.obj (.text:_ti_sysbios_hal_Hwi_initStack)
                  003f1a97    0000001a     ti.targets.rts2800.a28L : Core-label.o28L (.text:_xdc_runtime_Core_assignLabel__I)
                  003f1ab1    0000001a                             : System.o28L (.text:_xdc_runtime_System_avprintf__E)
                  003f1acb    0000001a     rts2800_ml.lib : l_tofs28.asm.obj (.text)
                  003f1ae5    00000019     sysbios.a28L : BIOS.obj (.text:_ti_sysbios_knl_Swi_restore__E)
                  003f1afe    00000019     ti.targets.rts2800.a28L : System.o28L (.text:_xdc_runtime_System_putchar__I)
                  003f1b17    00000019                             : System.o28L (.text:_xdc_runtime_System_vprintf__E)
                  003f1b30    00000019     rts2800_ml.lib : args_main.c.obj (.text)
                  003f1b49    00000018     sysbios.a28L : c28_Hwi_asm.obj (.text:_ti_sysbios_family_xxx_Hwi_switchAndRunFunc)
                  003f1b61    00000018     ti.targets.rts2800.a28L : Memory.o28L (.text:_xdc_runtime_Memory_valloc__E)
                  003f1b79    00000018                             : Text.o28L (.text:_xdc_runtime_Text_printVisFxn__I)
                  003f1b91    00000017     sysbios.a28L : BIOS.obj (.text:_ti_sysbios_family_c28_Timer_startup__E)
                  003f1ba8    00000017                  : BIOS.obj (.text:_ti_sysbios_knl_Task_unblockI__E)
                  003f1bbf    00000017     ti.targets.rts2800.a28L : LoggerBuf.o28L (.text:_xdc_runtime_LoggerBuf_Module_startup__E)
                  003f1bd6    00000016     task_p28L.o28L (.text:_ti_sysbios_BIOS_atExitFunc__I)
                  003f1bec    00000016     sysbios.a28L : BIOS.obj (.text:_ti_sysbios_family_c28_Timer_Module_startup__E)
                  003f1c02    00000016     ti.targets.rts2800.a28L : LoggerBuf.o28L (.text:_xdc_runtime_LoggerBuf_reset__E)
                  003f1c18    00000016                             : SysMin.o28L (.text:_xdc_runtime_SysMin_abort__E)
                  003f1c2e    00000015     sysbios.a28L : BIOS.obj (.text:_ti_sysbios_knl_Swi_Module_startup__E)
                  003f1c43    00000015                  : BIOS.obj (.text:_ti_sysbios_knl_Task_restoreHwi__E)
                  003f1c58    00000014                  : BIOS.obj (.text:_ti_sysbios_knl_Idle_run__E)
                  003f1c6c    00000013     task_p28L.o28L (.text:_ti_sysbios_BIOS_startFunc__I)
                  003f1c7f    00000012     task_p28L.o28L (.text:_ti_sysbios_gates_GateHwi_Object__delete__S)
                  003f1c91    00000012     task_p28L.o28L (.text:_xdc_runtime_LoggerBuf_Object__delete__S)
                  003f1ca3    00000011     task_p28L.o28L (.text:_xdc_runtime_HeapStd_Object__delete__S)
                  003f1cb4    00000011     ti.targets.rts2800.a28L : Text.o28L (.text:_xdc_runtime_Text_cordText__E)
                  003f1cc5    00000010     sysbios.a28L : BIOS.obj (.text:_ti_sysbios_family_c28_Timer_stop__E)
                  003f1cd5    00000010                  : BIOS.obj (.text:_ti_sysbios_family_c28_TimestampProvider_get64__E)
                  003f1ce5    00000010     ti.targets.rts2800.a28L : SysMin.o28L (.text:_xdc_runtime_SysMin_Module_startup__E)
                  003f1cf5    0000000f     Boot.a28L : Boot.o28L (.text:.bootCodeSection:_ti_catalog_c2800_init_Boot_disableWatchdog)
                  003f1d04    0000000f     ti.targets.rts2800.a28L : Error.o28L (.text:_xdc_runtime_Error_raiseX__E)
                  003f1d13    0000000f                             : Registry.o28L (.text:_xdc_runtime_Registry_findById__E)
                  003f1d22    0000000e     task_p28L.o28L (.text:_ti_sysbios_BIOS_errorRaiseHook__I)
                  003f1d30    0000000e     task_p28L.o28L (.text:_ti_sysbios_knl_Swi_Object__get__S)
                  003f1d3e    0000000e     task_p28L.o28L (.text:_ti_sysbios_knl_Task_Object__get__S)
                  003f1d4c    0000000e     task_p28L.o28L (.text:_xdc_runtime_LoggerBuf_Object__get__S)
                  003f1d5a    0000000d     sysbios.a28L : BIOS.obj (.text:_ti_sysbios_family_c28_Hwi_dispatchC__I)
                  003f1d67    0000000d                  : BIOS.obj (.text:_ti_sysbios_family_c28_TaskSupport_checkStack__E)
                  003f1d74    0000000d                  : c28_TaskSupport_asm.obj (.text:_ti_sysbios_family_c28_TaskSupport_swap__E)
                  003f1d81    0000000d     task_p28L.o28L (.text:_ti_sysbios_gates_GateHwi_Handle__label__S)
                  003f1d8e    0000000d     sysbios.a28L : BIOS.obj (.text:_ti_sysbios_knl_Task_enter__I)
                  003f1d9b    0000000d     ti.targets.rts2800.a28L : Error.o28L (.text:_xdc_runtime_Error_check__E)
                  003f1da8    0000000d     task_p28L.o28L (.text:_xdc_runtime_HeapStd_Handle__label__S)
                  003f1db5    0000000d     task_p28L.o28L (.text:_xdc_runtime_LoggerBuf_Handle__label__S)
                  003f1dc2    0000000d     ti.targets.rts2800.a28L : System.o28L (.text:_xdc_runtime_System_abort__E)
                  003f1dcf    0000000c     task_p28L.o28L (.text:_ti_sysbios_family_c28_Hwi_disableIER__E)
                  003f1ddb    0000000c     sysbios.a28L : BIOS.obj (.text:_ti_sysbios_knl_Queue_put__E)
                  003f1de7    0000000c     ti.targets.rts2800.a28L : LoggerBuf.o28L (.text:_xdc_runtime_LoggerBuf_Instance_finalize__E)
                  003f1df3    0000000c                             : LoggerBuf.o28L (.text:_xdc_runtime_LoggerBuf_write2__E)
                  003f1dff    0000000c     rts2800_ml.lib : memset.c.obj (.text)
                  003f1e0b    0000000b     task_p28L.o28L (.text:_ti_sysbios_family_c28_Hwi_Module__startupDone__F)
                  003f1e16    0000000b     task_p28L.o28L (.text:_ti_sysbios_family_c28_Hwi_Object__get__S)
                  003f1e21    0000000b     task_p28L.o28L (.text:_ti_sysbios_family_c28_Hwi_enableIER__E)
                  003f1e2c    0000000b     task_p28L.o28L (.text:_ti_sysbios_knl_Queue_Object__get__S)
                  003f1e37    0000000b     ti.targets.rts2800.a28L : LoggerBuf.o28L (.text:_xdc_runtime_LoggerBuf_write1__E)
                  003f1e42    0000000b                             : SysMin.o28L (.text:_xdc_runtime_SysMin_exit__E)
                  003f1e4d    0000000b                             : System.o28L (.text:_xdc_runtime_System_exit__E)
                  003f1e58    0000000a     task_p28L.o28L (.text:_ti_sysbios_BIOS_exitFunc__I)
                  003f1e62    0000000a     ti.targets.rts2800.a28L : Error.o28L (.text:_xdc_runtime_Error_init__E)
                  003f1e6c    0000000a                             : LoggerBuf.o28L (.text:_xdc_runtime_LoggerBuf_write0__E)
                  003f1e76    0000000a                             : Memory.o28L (.text:_xdc_runtime_Memory_free__E)
                  003f1e80    0000000a                             : System.o28L (.text:_xdc_runtime_System_vsnprintf__E)
                  003f1e8a    0000000a                             : Text.o28L (.text:_xdc_runtime_Text_ropeText__E)
                  003f1e94    00000009     task_p28L.o28L (.text:_ti_sysbios_family_c28_Hwi_restoreIER__E)
                  003f1e9d    00000009     sysbios.a28L : c28_TaskSupport_asm.obj (.text:_ti_sysbios_family_c28_TaskSupport_glue)
                  003f1ea6    00000009                  : BIOS.obj (.text:_ti_sysbios_hal_Hwi_Module_startup__E)
                  003f1eaf    00000009     task_p28L.o28L (.text:_ti_sysbios_knl_Task_SupportProxy_start__E)
                  003f1eb8    00000009     sysbios.a28L : BIOS.obj (.text:_ti_sysbios_knl_Task_unblock__E)
                  003f1ec1    00000009     task_p28L.o28L (.text:_xdc_runtime_Startup_exec__I)
                  003f1eca    00000009     task_p28L.o28L (.text:_xdc_runtime_Text_visitRope__I)
                  003f1ed3    00000009     rts2800_ml.lib : _lock.c.obj (.text)
                  003f1edc    00000008     sysbios.a28L : BIOS.obj (.text:_ti_sysbios_BIOS_setThreadType__E)
                  003f1ee4    00000008     task_p28L.o28L (.text:_xdc_runtime_IHeap_alloc)
                  003f1eec    00000008     ti.targets.rts2800.a28L : Memory.o28L (.text:_xdc_runtime_Memory_calloc__E)
                  003f1ef4    00000008                             : SysMin.o28L (.text:_xdc_runtime_SysMin_ready__E)
                  003f1efc    00000008     rts2800_ml.lib : strlen.c.obj (.text)
                  003f1f04    00000007     task_p28L.o28L (.text:.bootCodeSection:_ti_catalog_c2800_init_Boot_init)
                  003f1f0b    00000007     ti.targets.rts2800.a28L : HeapStd.o28L (.text:_xdc_runtime_HeapStd_getStats__E)
                  003f1f12    00000007     task_p28L.o28L (.text:_xdc_runtime_System_aprintf__E)
                  003f1f19    00000007     task_p28L.o28L (.text:_xdc_runtime_System_printf__E)
                  003f1f20    00000006     sysbios.a28L : BIOS.obj (.text:_ti_sysbios_BIOS_start__E)
                  003f1f26    00000006                  : c28_IntrinsicsSupport_asm.obj (.text:_ti_sysbios_family_c28_IntrinsicsSupport_maxbit__E)
                  003f1f2c    00000006                  : BIOS.obj (.text:_ti_sysbios_family_c28_TimestampProvider_rolloverFunc__E)
                  003f1f32    00000006                  : BIOS.obj (.text:_ti_sysbios_family_c28_TimestampProvider_startTimer__E)
                  003f1f38    00000006                  : BIOS.obj (.text:_ti_sysbios_knl_Swi_disable__E)
                  003f1f3e    00000006                  : BIOS.obj (.text:_ti_sysbios_knl_Task_disable__E)
                  003f1f44    00000006     ti.targets.rts2800.a28L : Gate.o28L (.text:_xdc_runtime_Gate_enterSystem__E)
                  003f1f4a    00000006                             : Gate.o28L (.text:_xdc_runtime_Gate_leaveSystem__E)
                  003f1f50    00000006                             : LoggerBuf.o28L (.text:_xdc_runtime_LoggerBuf_enable__E)
                  003f1f56    00000005     sysbios.a28L : BIOS.obj (.text:_ti_sysbios_family_c28_Hwi_switchFromBootStack__E)
                  003f1f5b    00000005                  : BIOS.obj (.text:_ti_sysbios_gates_GateHwi_enter__E)
                  003f1f60    00000005     ti.targets.rts2800.a28L : LoggerBuf.o28L (.text:_xdc_runtime_LoggerBuf_disable__E)
                  003f1f65    00000004     task_p28L.o28L (.text:_ti_sysbios_family_c28_Hwi_startup__E)
                  003f1f69    00000004     sysbios.a28L : BIOS.obj (.text:_ti_sysbios_knl_Swi_startup__E)
                  003f1f6d    00000004     task_p28L.o28L (.text:_xdc_runtime_IHeap_free)
                  003f1f71    00000004     ti.targets.rts2800.a28L : Memory.o28L (.text:_xdc_runtime_Memory_getMaxDefaultTypeAlign__E)
                  003f1f75    00000004                             : Startup.o28L (.text:_xdc_runtime_Startup_rtsDone__E)
                  003f1f79    00000003                             : xdc_noinit.o28L (.text:___xdc__init)
                  003f1f7c    00000003     task_p28L.o28L (.text:_ti_catalog_c2800_init_Boot_limpAbort)
                  003f1f7f    00000003     sysbios.a28L : c28_Hwi_asm.obj (.text:_ti_sysbios_family_c28_Hwi_getIFR__I)
                  003f1f82    00000003                  : BIOS.obj (.text:_ti_sysbios_family_c28_TimestampProvider_Module_startup__E)
                  003f1f85    00000003                  : BIOS.obj (.text:_ti_sysbios_gates_GateHwi_leave__E)
                  003f1f88    00000003     task_p28L.o28L (.text:_ti_sysbios_hal_Hwi_HwiProxy_getStackInfo__E)
                  003f1f8b    00000003     task_p28L.o28L (.text:_ti_sysbios_hal_Hwi_HwiProxy_switchFromBootStack__E)
                  003f1f8e    00000003     sysbios.a28L : BIOS.obj (.text:_ti_sysbios_hal_Hwi_startup__E)
                  003f1f91    00000003                  : BIOS.obj (.text:_ti_sysbios_knl_Idle_loop__E)
                  003f1f94    00000003     task_p28L.o28L (.text:_ti_sysbios_knl_Task_SupportProxy_checkStack__E)
                  003f1f97    00000003     task_p28L.o28L (.text:_ti_sysbios_knl_Task_SupportProxy_swap__E)
                  003f1f9a    00000003     sysbios.a28L : BIOS.obj (.text:_ti_sysbios_knl_Task_startup__E)
                  003f1f9d    00000003     task_p28L.o28L (.text:_xdc_runtime_LoggerBuf_Module_GateProxy_enter__E)
                  003f1fa0    00000003     task_p28L.o28L (.text:_xdc_runtime_LoggerBuf_Module_GateProxy_leave__E)
                  003f1fa3    00000003     task_p28L.o28L (.text:_xdc_runtime_LoggerBuf_TimestampProxy_get64__E)
                  003f1fa6    00000003     task_p28L.o28L (.text:_xdc_runtime_System_Module_GateProxy_enter__E)
                  003f1fa9    00000003     task_p28L.o28L (.text:_xdc_runtime_System_Module_GateProxy_leave__E)
                  003f1fac    00000003     ti.targets.rts2800.a28L : System.o28L (.text:_xdc_runtime_System_Module_startup__E)
                  003f1faf    00000003     task_p28L.o28L (.text:_xdc_runtime_System_SupportProxy_abort__E)
                  003f1fb2    00000003     task_p28L.o28L (.text:_xdc_runtime_System_SupportProxy_exit__E)
                  003f1fb5    00000003     task_p28L.o28L (.text:_xdc_runtime_System_SupportProxy_putch__E)
                  003f1fb8    00000003     task_p28L.o28L (.text:_xdc_runtime_System_SupportProxy_ready__E)
                  003f1fbb    00000003     ti.targets.rts2800.a28L : System.o28L (.text:_xdc_runtime_System_abortStd__E)
                  003f1fbe    00000003                             : System.o28L (.text:_xdc_runtime_System_exitStd__E)
                  003f1fc1    00000002     task_p28L.o28L (.text:_malloc)
                  003f1fc3    00000002     Boot.a28L : Boot.o28L (.text:_ti_catalog_c2800_init_Boot_defaultLimpAbortFunction)
                  003f1fc5    00000002     task_p28L.o28L (.text:_ti_sysbios_family_c28_TaskSupport_Module__startupDone__S)
                  003f1fc7    00000002     sysbios.a28L : BIOS.obj (.text:_ti_sysbios_gates_GateHwi_query__E)
                  003f1fc9    00000002     ti.targets.rts2800.a28L : Error.o28L (.text:_xdc_runtime_Error_getSite__E)
                  003f1fcb    00000002                             : HeapStd.o28L (.text:_xdc_runtime_HeapStd_isBlocking__E)
                  003f1fcd    00000002     rts2800_ml.lib : pre_init.c.obj (.text)
                  003f1fcf    00000001     task_p28L.o28L (.text:_free)
                  003f1fd0    00000001     sysbios.a28L : BIOS.obj (.text:_ti_sysbios_BIOS_linkedWithIncorrectBootLibrary__E)
                  003f1fd1    00000001                  : c28_Hwi_asm.obj (.text:_ti_sysbios_family_c28_Hwi_interruptReturn__I)
                  003f1fd2    00000001                  : BIOS.obj (.text:_ti_sysbios_gates_GateHwi_Instance_init__E)
                  003f1fd3    00000001     rts2800_ml.lib : startup.c.obj (.text)

ramfuncs   1    00008000    00000000     UNINITIALIZED

.stack     1    00000662    00000100     UNINITIALIZED
                  00000662    00000100     --HOLE--

.cio       1    00008000    00000120     UNINITIALIZED
                  00008000    00000120     rts2800_ml.lib : trgmsg.c.obj (.cio)

xdc.meta   0    00000000    00000105     COPY SECTION
                  00000000    00000105     task_p28L.o28L (xdc.meta)

.binit     0    003d7800    00000000     

MODULE SUMMARY

       Module                          code   initialized data   uninitialized data
       ------                          ----   ----------------   ------------------
    .\
       F2802x_GlobalVariableDefs.obj   0      0                  790               
       DeviceInit_18Nov2018.obj        284    0                  0                 
       task.obj                        195    62                 16                
    +--+-------------------------------+------+------------------+--------------------+
       Total:                          479    62                 806               
                                                                                   
    C:\Users\peima\Documents\01- School\02-Term 7\02-Real-Time\03-Labs\task_WonBot\Debug\configPkg\package\cfg\
       task_p28L.o28L                  696    6680               1600              
    +--+-------------------------------+------+------------------+--------------------+
       Total:                          696    6680               1600              
                                                                                   
    C:\TI\bios_6_73_01_01\packages\ti\catalog\c2800\init\lib\Boot.a28L
       Boot.o28L                       63     0                  0                 
    +--+-------------------------------+------+------------------+--------------------+
       Total:                          63     0                  0                 
                                                                                   
    C:\TI\bios_6_73_01_01\packages\ti\targets\rts2800\lib\boot.a28L
       boot_cg.o28L                    103    0                  0                 
    +--+-------------------------------+------+------------------+--------------------+
       Total:                          103    0                  0                 
                                                                                   
    C:\TI\bios_6_73_01_01\packages\ti\targets\rts2800\lib\ti.targets.rts2800.a28L
       System.o28L                     802    25                 0                 
       LoggerBuf.o28L                  598    0                  0                 
       HeapStd.o28L                    486    0                  0                 
       Text.o28L                       356    67                 0                 
       Error.o28L                      267    88                 0                 
       Core-mem.o28L                   220    0                  0                 
       Startup.o28L                    164    42                 0                 
       SysMin.o28L                     123    0                  0                 
       Memory.o28L                     107    0                  0                 
       Log.o28L                        0      71                 0                 
       Assert.o28L                     44     5                  0                 
       Core-params.o28L                45     0                  0                 
       Core-label.o28L                 26     0                  0                 
       Registry.o28L                   15     0                  0                 
       Gate.o28L                       12     0                  0                 
       xdc_noinit.o28L                 3      0                  0                 
    +--+-------------------------------+------+------------------+--------------------+
       Total:                          3268   298                0                 
                                                                                   
    C:\TI\ccsv8\tools\compiler\ti-cgt-c2000_18.1.2.LTS\lib\rts2800_ml.lib
       trgmsg.c.obj                    148    0                  288               
       ll_div28.asm.obj                263    0                  0                 
       fs_mpy28.asm.obj                90     0                  0                 
       exit.c.obj                      41     14                 6                 
       hostwrite.c.obj                 56     0                  0                 
       l_div28.asm.obj                 42     0                  0                 
       cpy_tbl.c.obj                   36     0                  0                 
       fs_toul28.asm.obj               33     0                  0                 
       memcpy.c.obj                    29     0                  0                 
       l_tofs28.asm.obj                26     0                  0                 
       args_main.c.obj                 25     0                  0                 
       _lock.c.obj                     9      10                 4                 
       memset.c.obj                    12     0                  0                 
       hostopen.c.obj                  0      0                  8                 
       strlen.c.obj                    8      0                  0                 
       pre_init.c.obj                  2      0                  0                 
       startup.c.obj                   1      0                  0                 
    +--+-------------------------------+------+------------------+--------------------+
       Total:                          821    24                 306               
                                                                                   
    C:\Users\peima\Documents\01- School\02-Term 7\02-Real-Time\03-Labs\task_WonBot\src\sysbios\sysbios.a28L
       BIOS.obj                        2475   28                 0                 
       c28_Hwi_disp_asm.obj            131    0                  0                 
       c28_Hwi_asm.obj                 55     0                  0                 
       c28_TaskSupport_asm.obj         51     0                  0                 
       c28_IntrinsicsSupport_asm.obj   6      0                  0                 
    +--+-------------------------------+------+------------------+--------------------+
       Total:                          2718   28                 0                 
                                                                                   
       Stack:                          0      0                  256               
    +--+-------------------------------+------+------------------+--------------------+
       Grand Total:                    8148   7092               2968              


GLOBAL DATA SYMBOLS: SORTED BY DATA PAGE

address     data page           name
--------    ----------------    ----
00000000       0 (00000000)     ___ISA__
00000000       0 (00000000)     _xdc_runtime_Error_Module__state__V
00000002       0 (00000000)     _xdc_runtime_HeapStd_Module__state__V
00000004       0 (00000000)     ___xdc__init__addr
00000006       0 (00000000)     _xdc_runtime_Memory_Module__state__V
00000008       0 (00000000)     _ti_sysbios_knl_Task_Module_State_0_idleTask__A
0000000a       0 (00000000)     _ti_sysbios_gates_GateHwi_Object__table__V
0000000c       0 (00000000)     _xdc_runtime_LoggerBuf_Module__state__V
00000010       0 (00000000)     _ti_sysbios_family_c28_Timer_Module__root__V
00000011       0 (00000000)     ___TARG__
00000014       0 (00000000)     _ti_sysbios_hal_Hwi_Module__root__V
00000018       0 (00000000)     _xdc_runtime_SysMin_Module__state__V
0000001c       0 (00000000)     _xdc_runtime_Registry_Module__state__V
00000020       0 (00000000)     _ti_sysbios_family_c28_TimestampProvider_Module__state__V
00000024       0 (00000000)     _ti_sysbios_gates_GateHwi_Module__root__V
00000028       0 (00000000)     _xdc_runtime_Startup_Module__state__V
0000002c       0 (00000000)     _xdc_runtime_System_Module__state__V
00000030       0 (00000000)     _ti_sysbios_knl_Task_Module__root__V
00000034       0 (00000000)     _xdc_runtime_Text_Module__state__V
00000035       0 (00000000)     ___PLAT__
00000038       0 (00000000)     _xdc_runtime_HeapStd_Module__root__V
0000003c       0 (00000000)     _xdc_runtime_LoggerBuf_Module__root__V

00000040       1 (00000040)     _ti_sysbios_knl_Queue_Module__root__V
00000044       1 (00000040)     _ti_sysbios_family_c28_Hwi_Module__root__V
00000048       1 (00000040)     _ti_sysbios_knl_Swi_Module__root__V
0000004c       1 (00000040)     _xdc_runtime_GateNull_Module__root__V
00000050       1 (00000040)     _xdc_runtime_HeapStd_Object__table__V
00000056       1 (00000040)     _xdc_runtime_System_Module_State_0_atexitHandlers__A
0000005b       1 (00000040)     ___TRDR__
0000005e       1 (00000040)     _ti_sysbios_family_c28_Timer_Module__state__V
00000066       1 (00000040)     _ti_sysbios_knl_Swi_Module__state__V

00000080       2 (00000080)     _ti_sysbios_family_c28_Hwi_Module__state__V
00000082       2 (00000080)     ___ASM__
00000090       2 (00000080)     _xdc_runtime_Error_IgnoreBlock
000000a0       2 (00000080)     _ti_sysbios_BIOS_Module__state__V

000000c0       3 (000000c0)     _xdc_runtime_LoggerBuf_Object__table__V
000000d2       3 (000000c0)     _ti_sysbios_knl_Swi_Object__table__V

00000100       4 (00000100)     _ti_sysbios_knl_Task_Module__state__V

00000140       5 (00000140)     _ti_sysbios_knl_Task_Object__table__V

00000180       6 (00000180)     _ti_sysbios_knl_Swi_Module_State_0_readyQ__A

000001c0       7 (000001c0)     _ti_sysbios_knl_Task_Module_State_0_readyQ__A

00000200       8 (00000200)     _ti_sysbios_family_c28_Hwi_Object__table__V

00000240       9 (00000240)     _ti_sysbios_family_c28_Timer_Object__table__V

000002c0       b (000002c0)     _xdc_runtime_SysMin_Module_State_0_outbuf__A

00000340       d (00000340)     _ti_sysbios_family_c28_Hwi_Module_State_0_dispatchTable__A

00000440      11 (00000440)     _xdc_runtime_LoggerBuf_Instance_State_0_entryArr__A

00000540      15 (00000540)     _ti_sysbios_knl_Task_Instance_State_0_stack__A

00000640      19 (00000640)     _trig
00000641      19 (00000640)     _riseE
00000642      19 (00000640)     _carState
00000643      19 (00000640)     _range
00000644      19 (00000640)     _pwmCount
00000645      19 (00000640)     _pwmDC
00000646      19 (00000640)     _period
00000648      19 (00000640)     _pulseTime
0000064a      19 (00000640)     _stopCounter
0000064c      19 (00000640)     _dist1
0000064e      19 (00000640)     _startCounter
00000650      19 (00000640)     _parmbuf
00000658      19 (00000640)     ___TI_enable_exit_profile_output
0000065a      19 (00000640)     ___TI_cleanup_ptr
0000065c      19 (00000640)     ___TI_dtors_ptr
0000065e      19 (00000640)     __lock
00000660      19 (00000640)     __unlock
00000662      19 (00000640)     __stack

00000880      22 (00000880)     _DevEmuRegs

00000985      26 (00000980)     _SysPwrCtrlRegs

00000a80      2a (00000a80)     _FlashRegs

00000ae0      2b (00000ac0)     _CsmRegs

00000b00      2c (00000b00)     _AdcResult

00000c00      30 (00000c00)     _CpuTimer0Regs
00000c08      30 (00000c00)     _CpuTimer1Regs
00000c10      30 (00000c00)     _CpuTimer2Regs

00000ce0      33 (00000cc0)     _PieCtrlRegs

00000d00      34 (00000d00)     _EmuKey
00000d00      34 (00000d00)     _PieVectTable
00000d01      34 (00000d00)     _EmuBMode
00000d02      34 (00000d00)     _Flash_CallbackPtr
00000d04      34 (00000d00)     _Flash_CPUScaleFactor

00006400     190 (00006400)     _Comp1Regs
00006420     190 (00006400)     _Comp2Regs

00006800     1a0 (00006800)     _EPwm1Regs

00006840     1a1 (00006840)     _EPwm2Regs

00006880     1a2 (00006880)     _EPwm3Regs

000068c0     1a3 (000068c0)     _EPwm4Regs

00006a00     1a8 (00006a00)     _ECap1Regs

00006f80     1be (00006f80)     _GpioCtrlRegs

00006fc0     1bf (00006fc0)     _GpioDataRegs
00006fe0     1bf (00006fc0)     _GpioIntRegs

00007010     1c0 (00007000)     _SysCtrlRegs

00007040     1c1 (00007040)     _SpiaRegs
00007050     1c1 (00007040)     _SciaRegs
00007060     1c1 (00007040)     _NmiIntruptRegs
00007070     1c1 (00007040)     _XIntruptRegs

00007100     1c4 (00007100)     _AdcRegs

00007900     1e4 (00007900)     _I2caRegs

00008000     200 (00008000)     __CIOBUF_

003d7fff    f5ff (003d7fc0)     _PartIdRegs

003f1fd4    fc7f (003f1fc0)     _xdc_runtime_Text_charTab__A

003f3348    fccd (003f3340)     _ti_sysbios_family_c28_Hwi_vectors

003f34b3    fcd2 (003f3480)     _ti_sysbios_family_c28_Hwi_Module__id__C

003f350c    fcd4 (003f3500)     _xdc_runtime_Text_nodeTab__A

003f359f    fcd6 (003f3580)     _ti_sysbios_family_c28_Hwi_NUM_INTERRUPTS_ALL__C

003f35e3    fcd7 (003f35c0)     _ti_sysbios_family_c28_Hwi_Object__count__C

003f360e    fcd8 (003f3600)     _xdc_runtime_LoggerBuf_Module__FXNS__C

003f3645    fcd9 (003f3640)     _ti_sysbios_family_c28_TaskSupport_Module__id__C
003f3646    fcd9 (003f3640)     _xdc_runtime_HeapStd_Module__FXNS__C
003f365a    fcd9 (003f3640)     _ti_sysbios_gates_GateHwi_Module__FXNS__C
003f366c    fcd9 (003f3640)     _xdc_runtime_LoggerBuf_Object__PARAMS__C
003f367e    fcd9 (003f3640)     _xdc_runtime_Startup_sfxnTab__A

003f3690    fcda (003f3680)     _ti_sysbios_gates_GateHwi_Object__DESC__C
003f36a0    fcda (003f3680)     _xdc_runtime_HeapStd_Object__DESC__C
003f36b0    fcda (003f3680)     _xdc_runtime_LoggerBuf_Object__DESC__C

003f36c0    fcdb (003f36c0)     _xdc_runtime_HeapStd_Object__PARAMS__C
003f36db    fcdb (003f36c0)     _ti_sysbios_family_c28_Timer_startupNeeded__C
003f36dc    fcdb (003f36c0)     _ti_sysbios_gates_GateHwi_Object__PARAMS__C
003f36e8    fcdb (003f36c0)     _xdc_runtime_Startup_sfxnRts__A
003f36f1    fcdb (003f36c0)     _ti_sysbios_hal_Hwi_Module__id__C
003f36f2    fcdb (003f36c0)     _ultraSonicHWI
003f36f4    fcdb (003f36c0)     _SpeedSWI
003f36f6    fcdb (003f36c0)     _timer1
003f36fd    fcdb (003f36c0)     _ti_sysbios_knl_Swi_Object__count__C
003f36fe    fcdb (003f36c0)     _ti_sysbios_knl_Idle_funcList__A

003f3702    fcdc (003f3700)     _ti_sysbios_knl_Idle_funcList__C
003f3706    fcdc (003f3700)     _xdc_runtime_Startup_firstFxns__C
003f370a    fcdc (003f3700)     _xdc_runtime_Startup_lastFxns__C
003f370e    fcdc (003f3700)     _ti_sysbios_family_c28_Hwi_A_badIntNum__C
003f3710    fcdc (003f3700)     _ti_sysbios_family_c28_Hwi_A_invalidArg__C
003f3712    fcdc (003f3700)     _ti_sysbios_family_c28_Hwi_E_unpluggedInterrupt__C
003f3714    fcdc (003f3700)     _ti_sysbios_family_c28_Hwi_Module__diagsEnabled__C
003f3716    fcdc (003f3700)     _ti_sysbios_family_c28_Hwi_Module__diagsIncluded__C
003f3718    fcdc (003f3700)     _ti_sysbios_family_c28_Hwi_Module__diagsMask__C
003f371a    fcdc (003f3700)     _ti_sysbios_family_c28_TaskSupport_E_invalidStack__C
003f371c    fcdc (003f3700)     _ti_sysbios_hal_Hwi_E_stackOverflow__C
003f371e    fcdc (003f3700)     _ti_sysbios_knl_Task_E_spOutOfBounds__C
003f3720    fcdc (003f3700)     _ti_sysbios_knl_Task_E_stackOverflow__C
003f3722    fcdc (003f3700)     _ti_sysbios_knl_Task_Module_State_inactiveQ__O
003f3724    fcdc (003f3700)     _ti_sysbios_knl_Task_allBlockedFunc__C
003f3726    fcdc (003f3700)     _xdc_runtime_Assert_E_assertFailed__C
003f3728    fcdc (003f3700)     _xdc_runtime_Core_A_initializedParams__C
003f372a    fcdc (003f3700)     _xdc_runtime_Core_Module__diagsEnabled__C
003f372c    fcdc (003f3700)     _xdc_runtime_Core_Module__diagsIncluded__C
003f372e    fcdc (003f3700)     _xdc_runtime_Core_Module__diagsMask__C
003f3730    fcdc (003f3700)     _xdc_runtime_Error_E_memory__C
003f3732    fcdc (003f3700)     _xdc_runtime_Error_Module__diagsEnabled__C
003f3734    fcdc (003f3700)     _xdc_runtime_Error_Module__diagsIncluded__C
003f3736    fcdc (003f3700)     _xdc_runtime_Error_Module__diagsMask__C
003f3738    fcdc (003f3700)     _xdc_runtime_Error_Module__loggerFxn8__C
003f373a    fcdc (003f3700)     _xdc_runtime_Error_Module__loggerObj__C
003f373c    fcdc (003f3700)     _xdc_runtime_Error_policyFxn__C
003f373e    fcdc (003f3700)     _xdc_runtime_Error_raiseHook__C

003f3740    fcdd (003f3740)     _xdc_runtime_HeapStd_A_align__C
003f3742    fcdd (003f3740)     _xdc_runtime_HeapStd_A_invalidTotalFreeSize__C
003f3744    fcdd (003f3740)     _xdc_runtime_HeapStd_A_zeroSize__C
003f3746    fcdd (003f3740)     _xdc_runtime_HeapStd_E_noRTSMemory__C
003f3748    fcdd (003f3740)     _xdc_runtime_HeapStd_Module__diagsEnabled__C
003f374a    fcdd (003f3740)     _xdc_runtime_HeapStd_Module__diagsIncluded__C
003f374c    fcdd (003f3740)     _xdc_runtime_HeapStd_Module__diagsMask__C
003f374e    fcdd (003f3740)     _xdc_runtime_IFilterLogger_Interface__BASE__C
003f3750    fcdd (003f3740)     _xdc_runtime_IGateProvider_Interface__BASE__C
003f3752    fcdd (003f3740)     _xdc_runtime_IHeap_Interface__BASE__C
003f3754    fcdd (003f3740)     _xdc_runtime_ILogger_Interface__BASE__C
003f3756    fcdd (003f3740)     _xdc_runtime_IModule_Interface__BASE__C
003f3758    fcdd (003f3740)     _xdc_runtime_Log_L_error__C
003f375a    fcdd (003f3740)     _xdc_runtime_LoggerBuf_E_badLevel__C
003f375c    fcdd (003f3740)     _xdc_runtime_LoggerBuf_Module__gateObj__C
003f375e    fcdd (003f3740)     _xdc_runtime_LoggerBuf_statusLogger__C
003f3760    fcdd (003f3740)     _xdc_runtime_Memory_defaultHeapInstance__C
003f3762    fcdd (003f3740)     _xdc_runtime_Startup_execImpl__C
003f3764    fcdd (003f3740)     _xdc_runtime_Startup_firstFxns__A
003f3766    fcdd (003f3740)     _xdc_runtime_Startup_lastFxns__A
003f3768    fcdd (003f3740)     _xdc_runtime_Startup_sfxnRts__C
003f376a    fcdd (003f3740)     _xdc_runtime_Startup_sfxnTab__C
003f376c    fcdd (003f3740)     _xdc_runtime_SysMin_bufSize__C
003f376e    fcdd (003f3740)     _xdc_runtime_SysMin_outputFunc__C
003f3770    fcdd (003f3740)     _xdc_runtime_System_Module__gateObj__C
003f3772    fcdd (003f3740)     _xdc_runtime_System_abortFxn__C
003f3774    fcdd (003f3740)     _xdc_runtime_System_exitFxn__C
003f3776    fcdd (003f3740)     _xdc_runtime_System_extendFxn__C
003f3778    fcdd (003f3740)     _xdc_runtime_Text_charTab__C
003f377a    fcdd (003f3740)     _xdc_runtime_Text_nameEmpty__C
003f377c    fcdd (003f3740)     _xdc_runtime_Text_nameStatic__C
003f377e    fcdd (003f3740)     _xdc_runtime_Text_nameUnknown__C

003f3780    fcde (003f3780)     _xdc_runtime_Text_nodeTab__C
003f3782    fcde (003f3780)     _xdc_runtime_Text_visitRopeFxn__C
003f3784    fcde (003f3780)     _ti_sysbios_knl_Task_Module__id__C
003f3785    fcde (003f3780)     _ti_sysbios_knl_Task_Object__count__C
003f3786    fcde (003f3780)     _ti_sysbios_knl_Task_numConstructedTasks__C
003f3787    fcde (003f3780)     _xdc_runtime_Core_Module__id__C
003f3788    fcde (003f3780)     _xdc_runtime_Error_Module__loggerDefined__C
003f3789    fcde (003f3780)     _xdc_runtime_Error_maxDepth__C
003f378a    fcde (003f3780)     _xdc_runtime_Error_policy__C
003f378b    fcde (003f3780)     _xdc_runtime_HeapStd_Module__id__C
003f378c    fcde (003f3780)     _xdc_runtime_LoggerBuf_Module__id__C
003f378d    fcde (003f3780)     _xdc_runtime_LoggerBuf_Object__count__C
003f378e    fcde (003f3780)     _xdc_runtime_LoggerBuf_filterByLevel__C
003f378f    fcde (003f3780)     _xdc_runtime_Memory_Module__id__C
003f3790    fcde (003f3780)     _xdc_runtime_Startup_maxPasses__C
003f3791    fcde (003f3780)     _xdc_runtime_SysMin_flushAtExit__C
003f3792    fcde (003f3780)     _xdc_runtime_System_maxAtexitHandlers__C
003f3793    fcde (003f3780)     _xdc_runtime_Text_charCnt__C
003f3794    fcde (003f3780)     _xdc_runtime_Text_isLoaded__C
003f3795    fcde (003f3780)     _xdc_runtime_Text_registryModsLastId__C
003f3796    fcde (003f3780)     _xdc_runtime_Text_unnamedModsLastId__C

003f7ff8    fdff (003f7fc0)     _CsmPwl


GLOBAL SYMBOLS: SORTED ALPHABETICALLY BY Name 

page  address   name                                                      
----  -------   ----                                                      
0     003f0000  .text                                                     
0     003f179b  C$$EXIT                                                   
0     003f093c  C$$IO$$                                                   
0     003f100c  FS$$MPY                                                   
0     003f18e6  FS$$TOUL                                                  
0     003f16f6  L$$DIV                                                    
0     003f1705  L$$MOD                                                    
0     003f1acb  L$$TOFS                                                   
0     003f034c  LL$$DIV                                                   
0     003f0388  LL$$MOD                                                   
0     003f1713  UL$$DIV                                                   
0     003f171a  UL$$MOD                                                   
0     003f03c2  ULL$$DIV                                                  
0     003f03f1  ULL$$MOD                                                  
1     00007100  _AdcRegs                                                  
1     00000b00  _AdcResult                                                
1     00006400  _Comp1Regs                                                
1     00006420  _Comp2Regs                                                
1     00000c00  _CpuTimer0Regs                                            
1     00000c08  _CpuTimer1Regs                                            
1     00000c10  _CpuTimer2Regs                                            
1     003f7ff8  _CsmPwl                                                   
1     00000ae0  _CsmRegs                                                  
1     00000880  _DevEmuRegs                                               
0     003f0230  _DeviceInit                                               
1     00006a00  _ECap1Regs                                                
1     00006800  _EPwm1Regs                                                
1     00006840  _EPwm2Regs                                                
1     00006880  _EPwm3Regs                                                
1     000068c0  _EPwm4Regs                                                
0     00000d01  _EmuBMode                                                 
0     00000d00  _EmuKey                                                   
1     00000a80  _FlashRegs                                                
0     00000d04  _Flash_CPUScaleFactor                                     
0     00000d02  _Flash_CallbackPtr                                        
1     00006f80  _GpioCtrlRegs                                             
1     00006fc0  _GpioDataRegs                                             
1     00006fe0  _GpioIntRegs                                              
0     003f13da  _HOSTwrite                                                
1     00007900  _I2caRegs                                                 
1     00007060  _NmiIntruptRegs                                           
1     003d7fff  _PartIdRegs                                               
1     00000ce0  _PieCtrlRegs                                              
0     00000d00  _PieVectTable                                             
1     00008000  _RamfuncsLoadEnd                                          
abs   00000000  _RamfuncsLoadSize                                         
1     00008000  _RamfuncsLoadStart                                        
1     00008000  _RamfuncsRunStart                                         
1     00007050  _SciaRegs                                                 
0     003f36f4  _SpeedSWI                                                 
0     003f068c  _SpeedSWIFxn                                              
1     00007040  _SpiaRegs                                                 
1     00007010  _SysCtrlRegs                                              
1     00000985  _SysPwrCtrlRegs                                           
1     00007070  _XIntruptRegs                                             
1     00008000  __CIOBUF_                                                 
1     00000762  __STACK_END                                               
abs   00000100  __STACK_SIZE                                              
0     00000082  ___ASM__                                                  
0     00000000  ___ISA__                                                  
0     00000035  ___PLAT__                                                 
0     00000011  ___TARG__                                                 
1     0000065a  ___TI_cleanup_ptr                                         
1     0000065c  ___TI_dtors_ptr                                           
1     00000658  ___TI_enable_exit_profile_output                          
abs   ffffffff  ___TI_pprof_out_hndl                                      
abs   ffffffff  ___TI_prof_data_size                                      
abs   ffffffff  ___TI_prof_data_start                                     
0     003f0941  ___TI_readmsg                                             
0     003f08e9  ___TI_writemsg                                            
0     0000005b  ___TRDR__                                                 
abs   ffffffff  ___binit__                                                
abs   ffffffff  ___c_args__                                               
0     003f3797  ___cinit__                                                
0     003f1fd4  ___etext__                                                
abs   ffffffff  ___pinit__                                                
0     003f0000  ___text__                                                 
0     003f1f79  ___xdc__init                                              
1     00000004  ___xdc__init__addr                                        
0     003f1b30  __args_main                                               
1     0000065e  __lock                                                    
0     003f1edb  __nop                                                     
0     003f1ed7  __register_lock                                           
0     003f1ed3  __register_unlock                                         
1     00000662  __stack                                                   
0     003f1fd3  __system_post_cinit                                       
0     003f1fcd  __system_pre_init                                         
1     00000660  __unlock                                                  
0     003f179b  _abort                                                    
0     003f0ee2  _c_int00                                                  
1     00000642  _carState                                                 
0     003f183a  _copy_in                                                  
1     0000064c  _dist1                                                    
0     003f179d  _exit                                                     
0     003f1fcf  _free                                                     
0     003f0623  _main                                                     
0     003f1fc1  _malloc                                                   
0     003f19bd  _memcpy                                                   
0     003f1dff  _memset                                                   
0     003f06e5  _myIdleFxn                                                
1     00000650  _parmbuf                                                  
1     00000646  _period                                                   
1     00000648  _pulseTime                                                
1     00000644  _pwmCount                                                 
1     00000645  _pwmDC                                                    
1     00000643  _range                                                    
1     00000641  _riseE                                                    
1     0000064e  _startCounter                                             
1     0000064a  _stopCounter                                              
0     003f1efc  _strlen                                                   
0     003f14d8  _ti_catalog_c2800_init_Boot_configurePll2802x             
0     003f1fc3  _ti_catalog_c2800_init_Boot_defaultLimpAbortFunction      
0     003f1cf5  _ti_catalog_c2800_init_Boot_disableWatchdog               
0     003f1f04  _ti_catalog_c2800_init_Boot_init                          
0     003f1f7c  _ti_catalog_c2800_init_Boot_limpAbort                     
1     000000a0  _ti_sysbios_BIOS_Module__state__V                         
0     003f1bd6  _ti_sysbios_BIOS_atExitFunc__I                            
0     003f1d22  _ti_sysbios_BIOS_errorRaiseHook__I                        
0     003f1e58  _ti_sysbios_BIOS_exitFunc__I                              
0     003f1fd0  _ti_sysbios_BIOS_linkedWithIncorrectBootLibrary__E        
0     003f1edc  _ti_sysbios_BIOS_setThreadType__E                         
0     003f1c6c  _ti_sysbios_BIOS_startFunc__I                             
0     003f1f20  _ti_sysbios_BIOS_start__E                                 
0     003f370e  _ti_sysbios_family_c28_Hwi_A_badIntNum__C                 
0     003f3710  _ti_sysbios_family_c28_Hwi_A_invalidArg__C                
0     003f3712  _ti_sysbios_family_c28_Hwi_E_unpluggedInterrupt__C        
1     00000340  _ti_sysbios_family_c28_Hwi_Module_State_0_dispatchTable__A
0     003f3714  _ti_sysbios_family_c28_Hwi_Module__diagsEnabled__C        
0     003f3716  _ti_sysbios_family_c28_Hwi_Module__diagsIncluded__C       
0     003f3718  _ti_sysbios_family_c28_Hwi_Module__diagsMask__C           
0     003f34b3  _ti_sysbios_family_c28_Hwi_Module__id__C                  
1     00000044  _ti_sysbios_family_c28_Hwi_Module__root__V                
0     003f1e0b  _ti_sysbios_family_c28_Hwi_Module__startupDone__F         
0     003f1e0b  _ti_sysbios_family_c28_Hwi_Module__startupDone__S         
1     00000080  _ti_sysbios_family_c28_Hwi_Module__state__V               
0     003f10fb  _ti_sysbios_family_c28_Hwi_Module_startup__E              
0     003f359f  _ti_sysbios_family_c28_Hwi_NUM_INTERRUPTS_ALL__C          
0     003f35e3  _ti_sysbios_family_c28_Hwi_Object__count__C               
0     003f1e16  _ti_sysbios_family_c28_Hwi_Object__get__S                 
1     00000200  _ti_sysbios_family_c28_Hwi_Object__table__V               
0     003f0542  _ti_sysbios_family_c28_Hwi_clearInterrupt__E              
0     003f1dcf  _ti_sysbios_family_c28_Hwi_disableIER__E                  
0     003f0b9a  _ti_sysbios_family_c28_Hwi_disableInterrupt__E            
0     003f0c1b  _ti_sysbios_family_c28_Hwi_disablePIEIER__E               
0     003f1d5a  _ti_sysbios_family_c28_Hwi_dispatchC__I                   
0     003f1066  _ti_sysbios_family_c28_Hwi_dispatchCore__I                
0     003f0af2  _ti_sysbios_family_c28_Hwi_dispatchPie                    
0     003f0a95  _ti_sysbios_family_c28_Hwi_dispatchTable                  
0     003f1e21  _ti_sysbios_family_c28_Hwi_enableIER__E                   
0     003f097d  _ti_sysbios_family_c28_Hwi_enableInterrupt__E             
0     003f0c9b  _ti_sysbios_family_c28_Hwi_enablePIEIER__E                
0     003f1f7f  _ti_sysbios_family_c28_Hwi_getIFR__I                      
0     003f15be  _ti_sysbios_family_c28_Hwi_getInterruptFlag__E            
0     003f1720  _ti_sysbios_family_c28_Hwi_getStackInfo__E                
0     003f1fd1  _ti_sysbios_family_c28_Hwi_interruptReturn__I             
0     003f1e94  _ti_sysbios_family_c28_Hwi_restoreIER__E                  
0     003f1f65  _ti_sysbios_family_c28_Hwi_startup__E                     
0     003f19f6  _ti_sysbios_family_c28_Hwi_switchAndDispatch__I           
0     003f1f56  _ti_sysbios_family_c28_Hwi_switchFromBootStack__E         
0     003f1749  _ti_sysbios_family_c28_Hwi_unPluggedInterrupt__I          
0     003f3348  _ti_sysbios_family_c28_Hwi_vectors                        
0     003f1f26  _ti_sysbios_family_c28_IntrinsicsSupport_maxbit__E        
0     003f371a  _ti_sysbios_family_c28_TaskSupport_E_invalidStack__C      
0     003f3645  _ti_sysbios_family_c28_TaskSupport_Module__id__C          
0     003f1fc5  _ti_sysbios_family_c28_TaskSupport_Module__startupDone__S 
0     003f1983  _ti_sysbios_family_c28_TaskSupport_buildTaskStack         
0     003f1d67  _ti_sysbios_family_c28_TaskSupport_checkStack__E          
0     003f1e9d  _ti_sysbios_family_c28_TaskSupport_glue                   
0     003f13a2  _ti_sysbios_family_c28_TaskSupport_start__E               
0     003f1d74  _ti_sysbios_family_c28_TaskSupport_swap__E                
1     00000010  _ti_sysbios_family_c28_Timer_Module__root__V              
1     0000005e  _ti_sysbios_family_c28_Timer_Module__state__V             
0     003f1bec  _ti_sysbios_family_c28_Timer_Module_startup__E            
1     00000240  _ti_sysbios_family_c28_Timer_Object__table__V             
0     003f17c4  _ti_sysbios_family_c28_Timer_getExpiredCounts64__E        
0     003f1278  _ti_sysbios_family_c28_Timer_postInit__I                  
0     003f1907  _ti_sysbios_family_c28_Timer_setPrescale__E               
0     003f1672  _ti_sysbios_family_c28_Timer_start__E                     
0     003f36db  _ti_sysbios_family_c28_Timer_startupNeeded__C             
0     003f1b91  _ti_sysbios_family_c28_Timer_startup__E                   
[...]
0     003f1f38  _ti_sysbios_knl_Swi_disable__E                            
0     003f1f3e  _ti_sysbios_knl_Task_disable__E                           
0     003f1f44  _xdc_runtime_Gate_enterSystem__E                          
0     003f1f4a  _xdc_runtime_Gate_leaveSystem__E                          
0     003f1f50  _xdc_runtime_LoggerBuf_enable__E                          
0     003f1f56  _ti_sysbios_family_c28_Hwi_switchFromBootStack__E         
0     003f1f5b  _ti_sysbios_gates_GateHwi_enter__E                        
0     003f1f60  _xdc_runtime_LoggerBuf_disable__E                         
0     003f1f65  _ti_sysbios_family_c28_Hwi_startup__E                     
0     003f1f65  _ti_sysbios_hal_Hwi_HwiProxy_startup__E                   
0     003f1f69  _ti_sysbios_knl_Swi_startup__E                            
0     003f1f6d  _xdc_runtime_Memory_HeapProxy_free__E                     
0     003f1f71  _xdc_runtime_Memory_getMaxDefaultTypeAlign__E             
0     003f1f75  _xdc_runtime_Startup_rtsDone__E                           
0     003f1f79  ___xdc__init                                              
0     003f1f7c  _ti_catalog_c2800_init_Boot_limpAbort                     
0     003f1f7f  _ti_sysbios_family_c28_Hwi_getIFR__I                      
0     003f1f82  _ti_sysbios_family_c28_TimestampProvider_Module_startup__E
0     003f1f85  _ti_sysbios_gates_GateHwi_leave__E                        
0     003f1f88  _ti_sysbios_hal_Hwi_HwiProxy_getStackInfo__E              
0     003f1f8b  _ti_sysbios_hal_Hwi_HwiProxy_switchFromBootStack__E       
0     003f1f8e  _ti_sysbios_hal_Hwi_startup__E                            
0     003f1f91  _ti_sysbios_knl_Idle_loop__E                              
0     003f1f94  _ti_sysbios_knl_Task_SupportProxy_checkStack__E           
0     003f1f97  _ti_sysbios_knl_Task_SupportProxy_swap__E                 
0     003f1f9a  _ti_sysbios_knl_Task_startup__E                           
0     003f1f9d  _xdc_runtime_LoggerBuf_Module_GateProxy_enter__E          
0     003f1fa0  _xdc_runtime_LoggerBuf_Module_GateProxy_leave__E          
0     003f1fa3  _xdc_runtime_LoggerBuf_TimestampProxy_get64__E            
0     003f1fa6  _xdc_runtime_System_Module_GateProxy_enter__E             
0     003f1fa9  _xdc_runtime_System_Module_GateProxy_leave__E             
0     003f1fac  _xdc_runtime_System_Module_startup__E                     
0     003f1faf  _xdc_runtime_System_SupportProxy_abort__E                 
0     003f1fb2  _xdc_runtime_System_SupportProxy_exit__E                  
0     003f1fb5  _xdc_runtime_System_SupportProxy_putch__E                 
0     003f1fb8  _xdc_runtime_System_SupportProxy_ready__E                 
0     003f1fbb  _xdc_runtime_System_abortStd__E                           
0     003f1fbe  _xdc_runtime_System_exitStd__E                            
0     003f1fc1  _malloc                                                   
0     003f1fc3  _ti_catalog_c2800_init_Boot_defaultLimpAbortFunction      
0     003f1fc5  _ti_sysbios_family_c28_TaskSupport_Module__startupDone__S 
0     003f1fc5  _ti_sysbios_knl_Task_SupportProxy_Module__startupDone__S  
0     003f1fc7  _ti_sysbios_gates_GateHwi_query__E                        
0     003f1fc9  _xdc_runtime_Error_getSite__E                             
0     003f1fcb  _xdc_runtime_HeapStd_isBlocking__E                        
0     003f1fcd  __system_pre_init                                         
0     003f1fcf  _free                                                     
0     003f1fd0  _ti_sysbios_BIOS_linkedWithIncorrectBootLibrary__E        
0     003f1fd1  _ti_sysbios_family_c28_Hwi_interruptReturn__I             
0     003f1fd2  _ti_sysbios_gates_GateHwi_Instance_init__E                
0     003f1fd3  __system_post_cinit                                       
0     003f1fd4  ___etext__                                                
0     003f1fd4  _xdc_runtime_Text_charTab__A                              
0     003f1fd4  etext                                                     
0     003f3348  _ti_sysbios_family_c28_Hwi_vectors                        
0     003f34b3  _ti_sysbios_family_c28_Hwi_Module__id__C                  
0     003f350c  _xdc_runtime_Text_nodeTab__A                              
0     003f359f  _ti_sysbios_family_c28_Hwi_NUM_INTERRUPTS_ALL__C          
0     003f35e3  _ti_sysbios_family_c28_Hwi_Object__count__C               
0     003f360e  _xdc_runtime_LoggerBuf_Module__FXNS__C                    
0     003f3645  _ti_sysbios_family_c28_TaskSupport_Module__id__C          
0     003f3646  _xdc_runtime_HeapStd_Module__FXNS__C                      
0     003f365a  _ti_sysbios_gates_GateHwi_Module__FXNS__C                 
0     003f366c  _xdc_runtime_LoggerBuf_Object__PARAMS__C                  
0     003f367e  _xdc_runtime_Startup_sfxnTab__A                           
0     003f3690  _ti_sysbios_gates_GateHwi_Object__DESC__C                 
0     003f36a0  _xdc_runtime_HeapStd_Object__DESC__C                      
0     003f36b0  _xdc_runtime_LoggerBuf_Object__DESC__C                    
0     003f36c0  _xdc_runtime_HeapStd_Object__PARAMS__C                    
0     003f36db  _ti_sysbios_family_c28_Timer_startupNeeded__C             
0     003f36dc  _ti_sysbios_gates_GateHwi_Object__PARAMS__C               
0     003f36e8  _xdc_runtime_Startup_sfxnRts__A                           
0     003f36f1  _ti_sysbios_hal_Hwi_Module__id__C                         
0     003f36f2  _ultraSonicHWI                                            
0     003f36f4  _SpeedSWI                                                 
0     003f36f6  _timer1                                                   
0     003f36fd  _ti_sysbios_knl_Swi_Object__count__C                      
0     003f36fe  _ti_sysbios_knl_Idle_funcList__A                          
0     003f3702  _ti_sysbios_knl_Idle_funcList__C                          
0     003f3706  _xdc_runtime_Startup_firstFxns__C                         
0     003f370a  _xdc_runtime_Startup_lastFxns__C                          
0     003f370e  _ti_sysbios_family_c28_Hwi_A_badIntNum__C                 
0     003f3710  _ti_sysbios_family_c28_Hwi_A_invalidArg__C                
0     003f3712  _ti_sysbios_family_c28_Hwi_E_unpluggedInterrupt__C        
0     003f3714  _ti_sysbios_family_c28_Hwi_Module__diagsEnabled__C        
0     003f3716  _ti_sysbios_family_c28_Hwi_Module__diagsIncluded__C       
0     003f3718  _ti_sysbios_family_c28_Hwi_Module__diagsMask__C           
0     003f371a  _ti_sysbios_family_c28_TaskSupport_E_invalidStack__C      
0     003f371c  _ti_sysbios_hal_Hwi_E_stackOverflow__C                    
0     003f371e  _ti_sysbios_knl_Task_E_spOutOfBounds__C                   
0     003f3720  _ti_sysbios_knl_Task_E_stackOverflow__C                   
0     003f3722  _ti_sysbios_knl_Task_Module_State_inactiveQ__O            
0     003f3724  _ti_sysbios_knl_Task_allBlockedFunc__C                    
0     003f3726  _xdc_runtime_Assert_E_assertFailed__C                     
0     003f3728  _xdc_runtime_Core_A_initializedParams__C                  
0     003f372a  _xdc_runtime_Core_Module__diagsEnabled__C                 
0     003f372c  _xdc_runtime_Core_Module__diagsIncluded__C                
0     003f372e  _xdc_runtime_Core_Module__diagsMask__C                    
0     003f3730  _xdc_runtime_Error_E_memory__C                            
0     003f3732  _xdc_runtime_Error_Module__diagsEnabled__C                
0     003f3734  _xdc_runtime_Error_Module__diagsIncluded__C               
0     003f3736  _xdc_runtime_Error_Module__diagsMask__C                   
0     003f3738  _xdc_runtime_Error_Module__loggerFxn8__C                  
0     003f373a  _xdc_runtime_Error_Module__loggerObj__C                   
0     003f373c  _xdc_runtime_Error_policyFxn__C                           
0     003f373e  _xdc_runtime_Error_raiseHook__C                           
0     003f3740  _xdc_runtime_HeapStd_A_align__C                           
0     003f3742  _xdc_runtime_HeapStd_A_invalidTotalFreeSize__C            
0     003f3744  _xdc_runtime_HeapStd_A_zeroSize__C                        
0     003f3746  _xdc_runtime_HeapStd_E_noRTSMemory__C                     
0     003f3748  _xdc_runtime_HeapStd_Module__diagsEnabled__C              
0     003f374a  _xdc_runtime_HeapStd_Module__diagsIncluded__C             
0     003f374c  _xdc_runtime_HeapStd_Module__diagsMask__C                 
0     003f374e  _xdc_runtime_IFilterLogger_Interface__BASE__C             
0     003f3750  _xdc_runtime_IGateProvider_Interface__BASE__C             
0     003f3752  _xdc_runtime_IHeap_Interface__BASE__C                     
0     003f3754  _xdc_runtime_ILogger_Interface__BASE__C                   
0     003f3756  _xdc_runtime_IModule_Interface__BASE__C                   
0     003f3758  _xdc_runtime_Log_L_error__C                               
0     003f375a  _xdc_runtime_LoggerBuf_E_badLevel__C                      
0     003f375c  _xdc_runtime_LoggerBuf_Module__gateObj__C                 
0     003f375e  _xdc_runtime_LoggerBuf_statusLogger__C                    
0     003f3760  _xdc_runtime_Memory_defaultHeapInstance__C                
0     003f3762  _xdc_runtime_Startup_execImpl__C                          
0     003f3764  _xdc_runtime_Startup_firstFxns__A                         
0     003f3766  _xdc_runtime_Startup_lastFxns__A                          
0     003f3768  _xdc_runtime_Startup_sfxnRts__C                           
0     003f376a  _xdc_runtime_Startup_sfxnTab__C                           
0     003f376c  _xdc_runtime_SysMin_bufSize__C                            
0     003f376e  _xdc_runtime_SysMin_outputFunc__C                         
0     003f3770  _xdc_runtime_System_Module__gateObj__C                    
0     003f3772  _xdc_runtime_System_abortFxn__C                           
0     003f3774  _xdc_runtime_System_exitFxn__C                            
0     003f3776  _xdc_runtime_System_extendFxn__C                          
0     003f3778  _xdc_runtime_Text_charTab__C                              
0     003f377a  _xdc_runtime_Text_nameEmpty__C                            
0     003f377c  _xdc_runtime_Text_nameStatic__C                           
0     003f377e  _xdc_runtime_Text_nameUnknown__C                          
0     003f3780  _xdc_runtime_Text_nodeTab__C                              
0     003f3782  _xdc_runtime_Text_visitRopeFxn__C                         
0     003f3784  _ti_sysbios_knl_Task_Module__id__C                        
0     003f3785  _ti_sysbios_knl_Task_Object__count__C                     
0     003f3786  _ti_sysbios_knl_Task_numConstructedTasks__C               
0     003f3787  _xdc_runtime_Core_Module__id__C                           
0     003f3788  _xdc_runtime_Error_Module__loggerDefined__C               
0     003f3789  _xdc_runtime_Error_maxDepth__C                            
0     003f378a  _xdc_runtime_Error_policy__C                              
0     003f378b  _xdc_runtime_HeapStd_Module__id__C                        
0     003f378c  _xdc_runtime_LoggerBuf_Module__id__C                      
0     003f378d  _xdc_runtime_LoggerBuf_Object__count__C                   
0     003f378e  _xdc_runtime_LoggerBuf_filterByLevel__C                   
0     003f378f  _xdc_runtime_Memory_Module__id__C                         
0     003f3790  _xdc_runtime_Startup_maxPasses__C                         
0     003f3791  _xdc_runtime_SysMin_flushAtExit__C                        
0     003f3792  _xdc_runtime_System_maxAtexitHandlers__C                  
0     003f3793  _xdc_runtime_Text_charCnt__C                              
0     003f3794  _xdc_runtime_Text_isLoaded__C                             
0     003f3795  _xdc_runtime_Text_registryModsLastId__C                   
0     003f3796  _xdc_runtime_Text_unnamedModsLastId__C                    
0     003f3797  ___cinit__                                                
0     003f3797  cinit                                                     
1     00000000  _xdc_runtime_Error_Module__state__V                       
1     00000002  _xdc_runtime_HeapStd_Module__state__V                     
1     00000004  ___xdc__init__addr                                        
1     00000006  _xdc_runtime_Memory_Module__state__V                      
1     00000008  _ti_sysbios_knl_Task_Module_State_0_idleTask__A           
1     0000000a  _ti_sysbios_gates_GateHwi_Object__table__V                
1     0000000c  _xdc_runtime_LoggerBuf_Module__state__V                   
1     00000010  _ti_sysbios_family_c28_Timer_Module__root__V              
1     00000014  _ti_sysbios_hal_Hwi_Module__root__V                       
1     00000018  _xdc_runtime_SysMin_Module__state__V                      
1     0000001c  _xdc_runtime_Registry_Module__state__V                    
1     00000020  _ti_sysbios_family_c28_TimestampProvider_Module__state__V 
1     00000024  _ti_sysbios_gates_GateHwi_Module__root__V                 
1     00000028  _xdc_runtime_Startup_Module__state__V                     
1     0000002c  _xdc_runtime_System_Module__state__V                      
1     00000030  _ti_sysbios_knl_Task_Module__root__V                      
1     00000034  _xdc_runtime_Text_Module__state__V                        
1     00000038  _xdc_runtime_HeapStd_Module__root__V                      
1     0000003c  _xdc_runtime_LoggerBuf_Module__root__V                    
1     00000040  _ti_sysbios_knl_Queue_Module__root__V                     
1     00000044  _ti_sysbios_family_c28_Hwi_Module__root__V                
1     00000048  _ti_sysbios_knl_Swi_Module__root__V                       
1     0000004c  _xdc_runtime_GateNull_Module__root__V                     
1     00000050  _xdc_runtime_HeapStd_Object__table__V                     
1     00000056  _xdc_runtime_System_Module_State_0_atexitHandlers__A      
1     0000005e  _ti_sysbios_family_c28_Timer_Module__state__V             
1     00000066  _ti_sysbios_knl_Swi_Module__state__V                      
1     00000080  _ti_sysbios_family_c28_Hwi_Module__state__V               
1     00000090  _xdc_runtime_Error_IgnoreBlock                            
1     000000a0  _ti_sysbios_BIOS_Module__state__V                         
1     000000c0  _xdc_runtime_LoggerBuf_Object__table__V                   
1     000000d2  _ti_sysbios_knl_Swi_Object__table__V                      
1     00000100  _ti_sysbios_knl_Task_Module__state__V                     
1     00000140  _ti_sysbios_knl_Task_Object__table__V                     
1     00000180  _ti_sysbios_knl_Swi_Module_State_0_readyQ__A              
1     000001c0  _ti_sysbios_knl_Task_Module_State_0_readyQ__A             
1     00000200  _ti_sysbios_family_c28_Hwi_Object__table__V               
1     00000240  _ti_sysbios_family_c28_Timer_Object__table__V             
1     000002c0  _xdc_runtime_SysMin_Module_State_0_outbuf__A              
1     00000340  _ti_sysbios_family_c28_Hwi_Module_State_0_dispatchTable__A
1     00000440  _xdc_runtime_LoggerBuf_Instance_State_0_entryArr__A       
1     00000540  _ti_sysbios_knl_Task_Instance_State_0_stack__A            
1     00000640  _trig                                                     
1     00000641  _riseE                                                    
1     00000642  _carState                                                 
1     00000643  _range                                                    
1     00000644  _pwmCount                                                 
1     00000645  _pwmDC                                                    
1     00000646  _period                                                   
1     00000648  _pulseTime                                                
1     0000064a  _stopCounter                                              
1     0000064c  _dist1                                                    
1     0000064e  _startCounter                                             
1     00000650  _parmbuf                                                  
1     00000658  ___TI_enable_exit_profile_output                          
1     0000065a  ___TI_cleanup_ptr                                         
1     0000065c  ___TI_dtors_ptr                                           
1     0000065e  __lock                                                    
1     00000660  __unlock                                                  
1     00000662  __stack                                                   
1     00000762  __STACK_END                                               
1     00000880  _DevEmuRegs                                               
1     00000985  _SysPwrCtrlRegs                                           
1     00000a80  _FlashRegs                                                
1     00000ae0  _CsmRegs                                                  
1     00000b00  _AdcResult                                                
1     00000c00  _CpuTimer0Regs                                            
1     00000c08  _CpuTimer1Regs                                            
1     00000c10  _CpuTimer2Regs                                            
1     00000ce0  _PieCtrlRegs                                              
1     00006400  _Comp1Regs                                                
1     00006420  _Comp2Regs                                                
1     00006800  _EPwm1Regs                                                
1     00006840  _EPwm2Regs                                                
1     00006880  _EPwm3Regs                                                
1     000068c0  _EPwm4Regs                                                
1     00006a00  _ECap1Regs                                                
1     00006f80  _GpioCtrlRegs                                             
1     00006fc0  _GpioDataRegs                                             
1     00006fe0  _GpioIntRegs                                              
1     00007010  _SysCtrlRegs                                              
1     00007040  _SpiaRegs                                                 
1     00007050  _SciaRegs                                                 
1     00007060  _NmiIntruptRegs                                           
1     00007070  _XIntruptRegs                                             
1     00007100  _AdcRegs                                                  
1     00007900  _I2caRegs                                                 
1     00008000  _RamfuncsLoadEnd                                          
1     00008000  _RamfuncsLoadStart                                        
1     00008000  _RamfuncsRunStart                                         
1     00008000  __CIOBUF_                                                 
1     003d7fff  _PartIdRegs                                               
1     003f7ff8  _CsmPwl                                                   
abs   00000000  _RamfuncsLoadSize                                         
abs   00000001  _xdc_runtime_Startup__EXECFXN__C                          
abs   00000001  _xdc_runtime_Startup__RESETFXN__C                         
abs   00000100  __STACK_SIZE                                              
abs   ffffffff  ___TI_pprof_out_hndl                                      
abs   ffffffff  ___TI_prof_data_size                                      
abs   ffffffff  ___TI_prof_data_start                                     
abs   ffffffff  ___binit__                                                
abs   ffffffff  ___c_args__                                               
abs   ffffffff  ___pinit__                                                
abs   ffffffff  binit                                                     
abs   ffffffff  pinit                                                     

[473 symbols]
