<?xml version="1.0" encoding="ISO-8859-1" ?>
<link_info>
   <banner>TMS320C2000 Linker PC v18.1.2.LTS</banner>
   <copyright>Copyright (c) 1996-2017 Texas Instruments Incorporated</copyright>
   <link_time>0x5c072af5</link_time>
   <link_errors>0x0</link_errors>
   <output_file>task_WonBot.out</output_file>
   <entry_point>
      <name>_c_int00</name>
      <address>0x3f0ee2</address>
   </entry_point>
   <input_file_list>
      <input_file id="fl-2">
         <path>.\</path>
         <kind>object</kind>
         <file>DeviceInit_18Nov2018.obj</file>
         <name>DeviceInit_18Nov2018.obj</name>
      </input_file>
      <input_file id="fl-3">
         <path>.\</path>
         <kind>object</kind>
         <file>F2802x_GlobalVariableDefs.obj</file>
         <name>F2802x_GlobalVariableDefs.obj</name>
      </input_file>
      <input_file id="fl-4">
         <path>.\</path>
         <kind>object</kind>
         <file>task.obj</file>
         <name>task.obj</name>
      </input_file>
      <input_file id="fl-8">
         <path>C:\Users\peima\Documents\01- School\02-Term 7\02-Real-Time\03-Labs\task_WonBot\Debug\configPkg\package\cfg\</path>
         <kind>object</kind>
         <file>task_p28L.o28L</file>
         <name>task_p28L.o28L</name>
      </input_file>
      <input_file id="fl-f">
         <kind>object</kind>
         <file>&lt;internal&gt;</file>
         <name>&lt;internal&gt;</name>
      </input_file>
      <input_file id="fl-10">
         <path>C:\Users\peima\Documents\01- School\02-Term 7\02-Real-Time\03-Labs\task_WonBot\src\sysbios\</path>
         <kind>archive</kind>
         <file>sysbios.a28L</file>
         <name>BIOS.obj</name>
      </input_file>
      <input_file id="fl-11">
         <path>C:\Users\peima\Documents\01- School\02-Term 7\02-Real-Time\03-Labs\task_WonBot\src\sysbios\</path>
         <kind>archive</kind>
         <file>sysbios.a28L</file>
         <name>c28_Hwi_asm.obj</name>
      </input_file>
      <input_file id="fl-12">
         <path>C:\Users\peima\Documents\01- School\02-Term 7\02-Real-Time\03-Labs\task_WonBot\src\sysbios\</path>
         <kind>archive</kind>
         <file>sysbios.a28L</file>
         <name>c28_Hwi_disp_asm.obj</name>
      </input_file>
      <input_file id="fl-13">
         <path>C:\Users\peima\Documents\01- School\02-Term 7\02-Real-Time\03-Labs\task_WonBot\src\sysbios\</path>
         <kind>archive</kind>
         <file>sysbios.a28L</file>
         <name>c28_IntrinsicsSupport_asm.obj</name>
      </input_file>
      <input_file id="fl-14">
         <path>C:\Users\peima\Documents\01- School\02-Term 7\02-Real-Time\03-Labs\task_WonBot\src\sysbios\</path>
         <kind>archive</kind>
         <file>sysbios.a28L</file>
         <name>c28_TaskSupport_asm.obj</name>
      </input_file>
      <input_file id="fl-15">
         <path>C:\TI\bios_6_73_01_01\packages\ti\catalog\c2800\init\lib\</path>
         <kind>archive</kind>
         <file>Boot.a28L</file>
         <name>Boot.o28L</name>
      </input_file>
      <input_file id="fl-16">
         <path>C:\TI\bios_6_73_01_01\packages\ti\targets\rts2800\lib\</path>
         <kind>archive</kind>
         <file>ti.targets.rts2800.a28L</file>
         <name>Assert.o28L</name>
      </input_file>
      <input_file id="fl-17">
         <path>C:\TI\bios_6_73_01_01\packages\ti\targets\rts2800\lib\</path>
         <kind>archive</kind>
         <file>ti.targets.rts2800.a28L</file>
         <name>Core-mem.o28L</name>
      </input_file>
      <input_file id="fl-18">
         <path>C:\TI\bios_6_73_01_01\packages\ti\targets\rts2800\lib\</path>
         <kind>archive</kind>
         <file>ti.targets.rts2800.a28L</file>
         <name>Core-smem.o28L</name>
      </input_file>
      <input_file id="fl-19">
         <path>C:\TI\bios_6_73_01_01\packages\ti\targets\rts2800\lib\</path>
         <kind>archive</kind>
         <file>ti.targets.rts2800.a28L</file>
         <name>Core-label.o28L</name>
      </input_file>
      <input_file id="fl-1a">
         <path>C:\TI\bios_6_73_01_01\packages\ti\targets\rts2800\lib\</path>
         <kind>archive</kind>
         <file>ti.targets.rts2800.a28L</file>
         <name>Core-params.o28L</name>
      </input_file>
      <input_file id="fl-1b">
         <path>C:\TI\bios_6_73_01_01\packages\ti\targets\rts2800\lib\</path>
         <kind>archive</kind>
         <file>ti.targets.rts2800.a28L</file>
         <name>Error.o28L</name>
      </input_file>
      <input_file id="fl-1c">
         <path>C:\TI\bios_6_73_01_01\packages\ti\targets\rts2800\lib\</path>
         <kind>archive</kind>
         <file>ti.targets.rts2800.a28L</file>
         <name>Gate.o28L</name>
      </input_file>
      <input_file id="fl-1d">
         <path>C:\TI\bios_6_73_01_01\packages\ti\targets\rts2800\lib\</path>
         <kind>archive</kind>
         <file>ti.targets.rts2800.a28L</file>
         <name>GateNull.o28L</name>
      </input_file>
      <input_file id="fl-1e">
         <path>C:\TI\bios_6_73_01_01\packages\ti\targets\rts2800\lib\</path>
         <kind>archive</kind>
         <file>ti.targets.rts2800.a28L</file>
         <name>HeapStd.o28L</name>
      </input_file>
      <input_file id="fl-1f">
         <path>C:\TI\bios_6_73_01_01\packages\ti\targets\rts2800\lib\</path>
         <kind>archive</kind>
         <file>ti.targets.rts2800.a28L</file>
         <name>LoggerBuf.o28L</name>
      </input_file>
      <input_file id="fl-20">
         <path>C:\TI\bios_6_73_01_01\packages\ti\targets\rts2800\lib\</path>
         <kind>archive</kind>
         <file>ti.targets.rts2800.a28L</file>
         <name>Memory.o28L</name>
      </input_file>
      <input_file id="fl-21">
         <path>C:\TI\bios_6_73_01_01\packages\ti\targets\rts2800\lib\</path>
         <kind>archive</kind>
         <file>ti.targets.rts2800.a28L</file>
         <name>Startup.o28L</name>
      </input_file>
      <input_file id="fl-22">
         <path>C:\TI\bios_6_73_01_01\packages\ti\targets\rts2800\lib\</path>
         <kind>archive</kind>
         <file>ti.targets.rts2800.a28L</file>
         <name>System.o28L</name>
      </input_file>
      <input_file id="fl-23">
         <path>C:\TI\bios_6_73_01_01\packages\ti\targets\rts2800\lib\</path>
         <kind>archive</kind>
         <file>ti.targets.rts2800.a28L</file>
         <name>SysMin.o28L</name>
      </input_file>
      <input_file id="fl-24">
         <path>C:\TI\bios_6_73_01_01\packages\ti\targets\rts2800\lib\</path>
         <kind>archive</kind>
         <file>ti.targets.rts2800.a28L</file>
         <name>Text.o28L</name>
      </input_file>
      <input_file id="fl-25">
         <path>C:\TI\bios_6_73_01_01\packages\ti\targets\rts2800\lib\</path>
         <kind>archive</kind>
         <file>ti.targets.rts2800.a28L</file>
         <name>xdc_noinit.o28L</name>
      </input_file>
      <input_file id="fl-26">
         <path>C:\TI\bios_6_73_01_01\packages\ti\targets\rts2800\lib\</path>
         <kind>archive</kind>
         <file>ti.targets.rts2800.a28L</file>
         <name>Log.o28L</name>
      </input_file>
      <input_file id="fl-27">
         <path>C:\TI\bios_6_73_01_01\packages\ti\targets\rts2800\lib\</path>
         <kind>archive</kind>
         <file>ti.targets.rts2800.a28L</file>
         <name>Registry.o28L</name>
      </input_file>
      <input_file id="fl-28">
         <path>C:\TI\bios_6_73_01_01\packages\ti\targets\rts2800\lib\</path>
         <kind>archive</kind>
         <file>boot.a28L</file>
         <name>boot_cg.o28L</name>
      </input_file>
      <input_file id="fl-34">
         <path>C:\TI\ccsv8\tools\compiler\ti-cgt-c2000_18.1.2.LTS\lib\</path>
         <kind>archive</kind>
         <file>rts2800_ml.lib</file>
         <name>fs_mpy28.asm.obj</name>
      </input_file>
      <input_file id="fl-35">
         <path>C:\TI\ccsv8\tools\compiler\ti-cgt-c2000_18.1.2.LTS\lib\</path>
         <kind>archive</kind>
         <file>rts2800_ml.lib</file>
         <name>fs_toul28.asm.obj</name>
      </input_file>
      <input_file id="fl-36">
         <path>C:\TI\ccsv8\tools\compiler\ti-cgt-c2000_18.1.2.LTS\lib\</path>
         <kind>archive</kind>
         <file>rts2800_ml.lib</file>
         <name>ll_div28.asm.obj</name>
      </input_file>
      <input_file id="fl-37">
         <path>C:\TI\ccsv8\tools\compiler\ti-cgt-c2000_18.1.2.LTS\lib\</path>
         <kind>archive</kind>
         <file>rts2800_ml.lib</file>
         <name>l_tofs28.asm.obj</name>
      </input_file>
      <input_file id="fl-38">
         <path>C:\TI\ccsv8\tools\compiler\ti-cgt-c2000_18.1.2.LTS\lib\</path>
         <kind>archive</kind>
         <file>rts2800_ml.lib</file>
         <name>l_div28.asm.obj</name>
      </input_file>
      <input_file id="fl-39">
         <path>C:\TI\ccsv8\tools\compiler\ti-cgt-c2000_18.1.2.LTS\lib\</path>
         <kind>archive</kind>
         <file>rts2800_ml.lib</file>
         <name>cpy_tbl.c.obj</name>
      </input_file>
      <input_file id="fl-3a">
         <path>C:\TI\ccsv8\tools\compiler\ti-cgt-c2000_18.1.2.LTS\lib\</path>
         <kind>archive</kind>
         <file>rts2800_ml.lib</file>
         <name>memcpy.c.obj</name>
      </input_file>
      <input_file id="fl-3b">
         <path>C:\TI\ccsv8\tools\compiler\ti-cgt-c2000_18.1.2.LTS\lib\</path>
         <kind>archive</kind>
         <file>rts2800_ml.lib</file>
         <name>pre_init.c.obj</name>
      </input_file>
      <input_file id="fl-3c">
         <path>C:\TI\ccsv8\tools\compiler\ti-cgt-c2000_18.1.2.LTS\lib\</path>
         <kind>archive</kind>
         <file>rts2800_ml.lib</file>
         <name>startup.c.obj</name>
      </input_file>
      <input_file id="fl-3d">
         <path>C:\TI\ccsv8\tools\compiler\ti-cgt-c2000_18.1.2.LTS\lib\</path>
         <kind>archive</kind>
         <file>rts2800_ml.lib</file>
         <name>exit.c.obj</name>
      </input_file>
      <input_file id="fl-3e">
         <path>C:\TI\ccsv8\tools\compiler\ti-cgt-c2000_18.1.2.LTS\lib\</path>
         <kind>archive</kind>
         <file>rts2800_ml.lib</file>
         <name>_lock.c.obj</name>
      </input_file>
      <input_file id="fl-3f">
         <path>C:\TI\ccsv8\tools\compiler\ti-cgt-c2000_18.1.2.LTS\lib\</path>
         <kind>archive</kind>
         <file>rts2800_ml.lib</file>
         <name>args_main.c.obj</name>
      </input_file>
      <input_file id="fl-40">
         <path>C:\TI\ccsv8\tools\compiler\ti-cgt-c2000_18.1.2.LTS\lib\</path>
         <kind>archive</kind>
         <file>rts2800_ml.lib</file>
         <name>memset.c.obj</name>
      </input_file>
      <input_file id="fl-41">
         <path>C:\TI\ccsv8\tools\compiler\ti-cgt-c2000_18.1.2.LTS\lib\</path>
         <kind>archive</kind>
         <file>rts2800_ml.lib</file>
         <name>strcmp.c.obj</name>
      </input_file>
      <input_file id="fl-42">
         <path>C:\TI\ccsv8\tools\compiler\ti-cgt-c2000_18.1.2.LTS\lib\</path>
         <kind>archive</kind>
         <file>rts2800_ml.lib</file>
         <name>strlen.c.obj</name>
      </input_file>
      <input_file id="fl-43">
         <path>C:\TI\ccsv8\tools\compiler\ti-cgt-c2000_18.1.2.LTS\lib\</path>
         <kind>archive</kind>
         <file>rts2800_ml.lib</file>
         <name>hostwrite.c.obj</name>
      </input_file>
      <input_file id="fl-44">
         <path>C:\TI\ccsv8\tools\compiler\ti-cgt-c2000_18.1.2.LTS\lib\</path>
         <kind>archive</kind>
         <file>rts2800_ml.lib</file>
         <name>trgmsg.c.obj</name>
      </input_file>
      <input_file id="fl-45">
         <path>C:\TI\ccsv8\tools\compiler\ti-cgt-c2000_18.1.2.LTS\lib\</path>
         <kind>archive</kind>
         <file>rts2800_ml.lib</file>
         <name>hostopen.c.obj</name>
      </input_file>
   </input_file_list>
   <object_component_list>
      <object_component id="oc-5f">
         <name>PieVectTableFile</name>
         <uninitialized>true</uninitialized>
         <run_address>0xd00</run_address>
         <size>0x100</size>
         <input_file_ref idref="fl-3"/>
      </object_component>
      <object_component id="oc-3f">
         <name>EmuKeyVar</name>
         <uninitialized>true</uninitialized>
         <run_address>0xd00</run_address>
         <size>0x1</size>
         <input_file_ref idref="fl-3"/>
      </object_component>
      <object_component id="oc-41">
         <name>EmuBModeVar</name>
         <uninitialized>true</uninitialized>
         <run_address>0xd01</run_address>
         <size>0x1</size>
         <input_file_ref idref="fl-3"/>
      </object_component>
      <object_component id="oc-42">
         <name>FlashCallbackVar</name>
         <uninitialized>true</uninitialized>
         <run_address>0xd02</run_address>
         <size>0x2</size>
         <input_file_ref idref="fl-3"/>
      </object_component>
      <object_component id="oc-43">
         <name>FlashScalingVar</name>
         <uninitialized>true</uninitialized>
         <run_address>0xd04</run_address>
         <size>0x2</size>
         <input_file_ref idref="fl-3"/>
      </object_component>
      <object_component id="oc-45">
         <name>DevEmuRegsFile</name>
         <uninitialized>true</uninitialized>
         <run_address>0x880</run_address>
         <size>0x4</size>
         <input_file_ref idref="fl-3"/>
      </object_component>
      <object_component id="oc-44">
         <name>SysPwrCtrlRegsFile</name>
         <uninitialized>true</uninitialized>
         <run_address>0x985</run_address>
         <size>0x3</size>
         <input_file_ref idref="fl-3"/>
      </object_component>
      <object_component id="oc-46">
         <name>FlashRegsFile</name>
         <uninitialized>true</uninitialized>
         <run_address>0xa80</run_address>
         <size>0x8</size>
         <input_file_ref idref="fl-3"/>
      </object_component>
      <object_component id="oc-4e">
         <name>CsmRegsFile</name>
         <uninitialized>true</uninitialized>
         <run_address>0xae0</run_address>
         <size>0x10</size>
         <input_file_ref idref="fl-3"/>
      </object_component>
      <object_component id="oc-57">
         <name>AdcResultFile</name>
         <uninitialized>true</uninitialized>
         <run_address>0xb00</run_address>
         <size>0x20</size>
         <input_file_ref idref="fl-3"/>
      </object_component>
      <object_component id="oc-48">
         <name>CpuTimer0RegsFile</name>
         <uninitialized>true</uninitialized>
         <run_address>0xc00</run_address>
         <size>0x8</size>
         <input_file_ref idref="fl-3"/>
      </object_component>
      <object_component id="oc-47">
         <name>CpuTimer1RegsFile</name>
         <uninitialized>true</uninitialized>
         <run_address>0xc08</run_address>
         <size>0x8</size>
         <input_file_ref idref="fl-3"/>
      </object_component>
      <object_component id="oc-4a">
         <name>CpuTimer2RegsFile</name>
         <uninitialized>true</uninitialized>
         <run_address>0xc10</run_address>
         <size>0x8</size>
         <input_file_ref idref="fl-3"/>
      </object_component>
      <object_component id="oc-51">
         <name>PieCtrlRegsFile</name>
         <uninitialized>true</uninitialized>
         <run_address>0xce0</run_address>
         <size>0x1a</size>
         <input_file_ref idref="fl-3"/>
      </object_component>
      <object_component id="oc-53">
         <name>ECap1RegsFile</name>
         <uninitialized>true</uninitialized>
         <run_address>0x6a00</run_address>
         <size>0x20</size>
         <input_file_ref idref="fl-3"/>
      </object_component>
      <object_component id="oc-5b">
         <name>GpioCtrlRegsFile</name>
         <uninitialized>true</uninitialized>
         <run_address>0x6f80</run_address>
         <size>0x40</size>
         <input_file_ref idref="fl-3"/>
      </object_component>
      <object_component id="oc-56">
         <name>GpioDataRegsFile</name>
         <uninitialized>true</uninitialized>
         <run_address>0x6fc0</run_address>
         <size>0x20</size>
         <input_file_ref idref="fl-3"/>
      </object_component>
      <object_component id="oc-4b">
         <name>GpioIntRegsFile</name>
         <uninitialized>true</uninitialized>
         <run_address>0x6fe0</run_address>
         <size>0xa</size>
         <input_file_ref idref="fl-3"/>
      </object_component>
      <object_component id="oc-52">
         <name>SysCtrlRegsFile</name>
         <uninitialized>true</uninitialized>
         <run_address>0x7010</run_address>
         <size>0x1f</size>
         <input_file_ref idref="fl-3"/>
      </object_component>
      <object_component id="oc-50">
         <name>SpiaRegsFile</name>
         <uninitialized>true</uninitialized>
         <run_address>0x7040</run_address>
         <size>0x10</size>
         <input_file_ref idref="fl-3"/>
      </object_component>
      <object_component id="oc-4d">
         <name>SciaRegsFile</name>
         <uninitialized>true</uninitialized>
         <run_address>0x7050</run_address>
         <size>0x10</size>
         <input_file_ref idref="fl-3"/>
      </object_component>
      <object_component id="oc-4c">
         <name>NmiIntruptRegsFile</name>
         <uninitialized>true</uninitialized>
         <run_address>0x7060</run_address>
         <size>0x10</size>
         <input_file_ref idref="fl-3"/>
      </object_component>
      <object_component id="oc-4f">
         <name>XIntruptRegsFile</name>
         <uninitialized>true</uninitialized>
         <run_address>0x7070</run_address>
         <size>0x10</size>
         <input_file_ref idref="fl-3"/>
      </object_component>
      <object_component id="oc-5e">
         <name>AdcRegsFile</name>
         <uninitialized>true</uninitialized>
         <run_address>0x7100</run_address>
         <size>0x51</size>
         <input_file_ref idref="fl-3"/>
      </object_component>
      <object_component id="oc-58">
         <name>I2caRegsFile</name>
         <uninitialized>true</uninitialized>
         <run_address>0x7900</run_address>
         <size>0x22</size>
         <input_file_ref idref="fl-3"/>
      </object_component>
      <object_component id="oc-55">
         <name>Comp1RegsFile</name>
         <uninitialized>true</uninitialized>
         <run_address>0x6400</run_address>
         <size>0x20</size>
         <input_file_ref idref="fl-3"/>
      </object_component>
      <object_component id="oc-54">
         <name>Comp2RegsFile</name>
         <uninitialized>true</uninitialized>
         <run_address>0x6420</run_address>
         <size>0x20</size>
         <input_file_ref idref="fl-3"/>
      </object_component>
      <object_component id="oc-5c">
         <name>EPwm1RegsFile</name>
         <uninitialized>true</uninitialized>
         <run_address>0x6800</run_address>
         <size>0x40</size>
         <input_file_ref idref="fl-3"/>
      </object_component>
      <object_component id="oc-59">
         <name>EPwm2RegsFile</name>
         <uninitialized>true</uninitialized>
         <run_address>0x6840</run_address>
         <size>0x40</size>
         <input_file_ref idref="fl-3"/>
      </object_component>
      <object_component id="oc-5d">
         <name>EPwm3RegsFile</name>
         <uninitialized>true</uninitialized>
         <run_address>0x6880</run_address>
         <size>0x40</size>
         <input_file_ref idref="fl-3"/>
      </object_component>
      <object_component id="oc-5a">
         <name>EPwm4RegsFile</name>
         <uninitialized>true</uninitialized>
         <run_address>0x68c0</run_address>
         <size>0x40</size>
         <input_file_ref idref="fl-3"/>
      </object_component>
      <object_component id="oc-49">
         <name>CsmPwlFile</name>
         <uninitialized>true</uninitialized>
         <run_address>0x3f7ff8</run_address>
         <size>0x8</size>
         <input_file_ref idref="fl-3"/>
      </object_component>
      <object_component id="oc-40">
         <name>PartIdRegsFile</name>
         <uninitialized>true</uninitialized>
         <run_address>0x3d7fff</run_address>
         <size>0x1</size>
         <input_file_ref idref="fl-3"/>
      </object_component>
      <object_component id="oc-6a">
         <name>.cinit</name>
         <load_address>0x3f3797</load_address>
         <run_address>0x3f3797</run_address>
         <size>0x38c</size>
         <input_file_ref idref="fl-8"/>
      </object_component>
      <object_component id="oc-62">
         <name>.cinit</name>
         <load_address>0x3f3b23</load_address>
         <run_address>0x3f3b23</run_address>
         <size>0x31</size>
         <input_file_ref idref="fl-4"/>
      </object_component>
      <object_component id="oc-122">
         <name>.cinit</name>
         <load_address>0x3f3b54</load_address>
         <run_address>0x3f3b54</run_address>
         <size>0xe</size>
         <input_file_ref idref="fl-3d"/>
      </object_component>
      <object_component id="oc-1b9">
         <name>.cinit:__lock</name>
         <load_address>0x3f3b62</load_address>
         <run_address>0x3f3b62</run_address>
         <size>0x5</size>
         <input_file_ref idref="fl-3e"/>
      </object_component>
      <object_component id="oc-1b8">
         <name>.cinit:__unlock</name>
         <load_address>0x3f3b67</load_address>
         <run_address>0x3f3b67</run_address>
         <size>0x5</size>
         <input_file_ref idref="fl-3e"/>
      </object_component>
      <object_component id="oc-1fc">
         <name>.text:_xdc_runtime_System_doPrint__I</name>
         <load_address>0x3f0000</load_address>
         <run_address>0x3f0000</run_address>
         <size>0x230</size>
         <input_file_ref idref="fl-22"/>
      </object_component>
      <object_component id="oc-194">
         <name>.text</name>
         <load_address>0x3f0230</load_address>
         <run_address>0x3f0230</run_address>
         <size>0x11c</size>
         <input_file_ref idref="fl-2"/>
      </object_component>
      <object_component id="oc-fe">
         <name>.text</name>
         <load_address>0x3f034c</load_address>
         <run_address>0x3f034c</run_address>
         <size>0x107</size>
         <input_file_ref idref="fl-36"/>
      </object_component>
      <object_component id="oc-177">
         <name>.text:_xdc_runtime_HeapStd_alloc__E</name>
         <load_address>0x3f0453</load_address>
         <run_address>0x3f0453</run_address>
         <size>0xef</size>
         <input_file_ref idref="fl-1e"/>
      </object_component>
      <object_component id="oc-1ef">
         <name>.text:_ti_sysbios_family_c28_Hwi_clearInterrupt__E</name>
         <load_address>0x3f0542</load_address>
         <run_address>0x3f0542</run_address>
         <size>0xe1</size>
         <input_file_ref idref="fl-10"/>
      </object_component>
      <object_component id="oc-161">
         <name>.text</name>
         <load_address>0x3f0623</load_address>
         <run_address>0x3f0623</run_address>
         <size>0xc3</size>
         <input_file_ref idref="fl-4"/>
      </object_component>
      <object_component id="oc-18e">
         <name>.text:_xdc_runtime_LoggerBuf_write8__E</name>
         <load_address>0x3f06e6</load_address>
         <run_address>0x3f06e6</run_address>
         <size>0xb4</size>
         <input_file_ref idref="fl-1f"/>
      </object_component>
      <object_component id="oc-242">
         <name>.text:_xdc_runtime_System_printfExtend__I</name>
         <load_address>0x3f079a</load_address>
         <run_address>0x3f079a</run_address>
         <size>0xb0</size>
         <input_file_ref idref="fl-8"/>
      </object_component>
      <object_component id="oc-1a3">
         <name>.text:_xdc_runtime_Core_createObject__I</name>
         <load_address>0x3f084a</load_address>
         <run_address>0x3f084a</run_address>
         <size>0x9f</size>
         <input_file_ref idref="fl-17"/>
      </object_component>
      <object_component id="oc-276">
         <name>.text</name>
         <load_address>0x3f08e9</load_address>
         <run_address>0x3f08e9</run_address>
         <size>0x94</size>
         <input_file_ref idref="fl-44"/>
      </object_component>
      <object_component id="oc-1f0">
         <name>.text:_ti_sysbios_family_c28_Hwi_enableInterrupt__E</name>
         <load_address>0x3f097d</load_address>
         <run_address>0x3f097d</run_address>
         <size>0x8e</size>
         <input_file_ref idref="fl-10"/>
      </object_component>
      <object_component id="oc-1d1">
         <name>.text:_xdc_runtime_Error_policyDefault__E</name>
         <load_address>0x3f0a0b</load_address>
         <run_address>0x3f0a0b</run_address>
         <size>0x8a</size>
         <input_file_ref idref="fl-1b"/>
      </object_component>
      <object_component id="oc-26b">
         <name>.text:_ti_sysbios_family_c28_Hwi_dispatch</name>
         <load_address>0x3f0a95</load_address>
         <run_address>0x3f0a95</run_address>
         <size>0x83</size>
         <input_file_ref idref="fl-12"/>
      </object_component>
      <object_component id="oc-1b4">
         <name>.text:_xdc_runtime_HeapStd_Instance_init__E</name>
         <load_address>0x3f0b18</load_address>
         <run_address>0x3f0b18</run_address>
         <size>0x82</size>
         <input_file_ref idref="fl-1e"/>
      </object_component>
      <object_component id="oc-27e">
         <name>.text:_ti_sysbios_family_c28_Hwi_disableInterrupt__E</name>
         <load_address>0x3f0b9a</load_address>
         <run_address>0x3f0b9a</run_address>
         <size>0x81</size>
         <input_file_ref idref="fl-10"/>
      </object_component>
      <object_component id="oc-220">
         <name>.text:_ti_sysbios_family_c28_Hwi_disablePIEIER__E</name>
         <load_address>0x3f0c1b</load_address>
         <run_address>0x3f0c1b</run_address>
         <size>0x80</size>
         <input_file_ref idref="fl-10"/>
      </object_component>
      <object_component id="oc-21f">
         <name>.text:_ti_sysbios_family_c28_Hwi_enablePIEIER__E</name>
         <load_address>0x3f0c9b</load_address>
         <run_address>0x3f0c9b</run_address>
         <size>0x7f</size>
         <input_file_ref idref="fl-10"/>
      </object_component>
      <object_component id="oc-18d">
         <name>.text:_xdc_runtime_LoggerBuf_write4__E</name>
         <load_address>0x3f0d1a</load_address>
         <run_address>0x3f0d1a</run_address>
         <size>0x78</size>
         <input_file_ref idref="fl-1f"/>
      </object_component>
      <object_component id="oc-1f4">
         <name>.text:_ti_sysbios_knl_Task_checkStacks__E</name>
         <load_address>0x3f0d92</load_address>
         <run_address>0x3f0d92</run_address>
         <size>0x73</size>
         <input_file_ref idref="fl-10"/>
      </object_component>
      <object_component id="oc-1d5">
         <name>.text:_xdc_runtime_Startup_startMods__I</name>
         <load_address>0x3f0e05</load_address>
         <run_address>0x3f0e05</run_address>
         <size>0x71</size>
         <input_file_ref idref="fl-21"/>
      </object_component>
      <object_component id="oc-178">
         <name>.text:_xdc_runtime_HeapStd_free__E</name>
         <load_address>0x3f0e76</load_address>
         <run_address>0x3f0e76</run_address>
         <size>0x6c</size>
         <input_file_ref idref="fl-1e"/>
      </object_component>
      <object_component id="oc-38">
         <name>.text</name>
         <load_address>0x3f0ee2</load_address>
         <run_address>0x3f0ee2</run_address>
         <size>0x67</size>
         <input_file_ref idref="fl-28"/>
      </object_component>
      <object_component id="oc-26c">
         <name>.text:_ti_sysbios_family_c28_Timer_stopAndClear__I</name>
         <load_address>0x3f0f49</load_address>
         <run_address>0x3f0f49</run_address>
         <size>0x66</size>
         <input_file_ref idref="fl-10"/>
      </object_component>
      <object_component id="oc-255">
         <name>.text:_xdc_runtime_Text_putSite__E</name>
         <load_address>0x3f0faf</load_address>
         <run_address>0x3f0faf</run_address>
         <size>0x5d</size>
         <input_file_ref idref="fl-24"/>
      </object_component>
      <object_component id="oc-f4">
         <name>.text</name>
         <load_address>0x3f100c</load_address>
         <run_address>0x3f100c</run_address>
         <size>0x5a</size>
         <input_file_ref idref="fl-34"/>
      </object_component>
      <object_component id="oc-28b">
         <name>.text:_ti_sysbios_family_c28_Hwi_dispatchCore__I</name>
         <load_address>0x3f1066</load_address>
         <run_address>0x3f1066</run_address>
         <size>0x4d</size>
         <input_file_ref idref="fl-10"/>
      </object_component>
      <object_component id="oc-264">
         <name>.text:_ti_sysbios_knl_Task_postInit__I</name>
         <load_address>0x3f10b3</load_address>
         <run_address>0x3f10b3</run_address>
         <size>0x48</size>
         <input_file_ref idref="fl-10"/>
      </object_component>
      <object_component id="oc-24d">
         <name>.text:_ti_sysbios_family_c28_Hwi_Module_startup__E</name>
         <load_address>0x3f10fb</load_address>
         <run_address>0x3f10fb</run_address>
         <size>0x47</size>
         <input_file_ref idref="fl-10"/>
      </object_component>
      <object_component id="oc-254">
         <name>.text:_xdc_runtime_Text_putLab__E</name>
         <load_address>0x3f1142</load_address>
         <run_address>0x3f1142</run_address>
         <size>0x41</size>
         <input_file_ref idref="fl-24"/>
      </object_component>
      <object_component id="oc-268">
         <name>.text:_xdc_runtime_Text_putMod__E</name>
         <load_address>0x3f1183</load_address>
         <run_address>0x3f1183</run_address>
         <size>0x3e</size>
         <input_file_ref idref="fl-24"/>
      </object_component>
      <object_component id="oc-1a5">
         <name>.text:_xdc_runtime_Core_deleteObject__I</name>
         <load_address>0x3f11c1</load_address>
         <run_address>0x3f11c1</run_address>
         <size>0x3d</size>
         <input_file_ref idref="fl-17"/>
      </object_component>
      <object_component id="oc-190">
         <name>.text:_xdc_runtime_LoggerBuf_getFilterLevel__E</name>
         <load_address>0x3f11fe</load_address>
         <run_address>0x3f11fe</run_address>
         <size>0x3d</size>
         <input_file_ref idref="fl-1f"/>
      </object_component>
      <object_component id="oc-1f9">
         <name>.text:_xdc_runtime_Memory_alloc__E</name>
         <load_address>0x3f123b</load_address>
         <run_address>0x3f123b</run_address>
         <size>0x3d</size>
         <input_file_ref idref="fl-20"/>
      </object_component>
      <object_component id="oc-25e">
         <name>.text:_ti_sysbios_family_c28_Timer_postInit__I</name>
         <load_address>0x3f1278</load_address>
         <run_address>0x3f1278</run_address>
         <size>0x3c</size>
         <input_file_ref idref="fl-10"/>
      </object_component>
      <object_component id="oc-28e">
         <name>.text:_ti_sysbios_knl_Swi_restoreHwi__E</name>
         <load_address>0x3f12b4</load_address>
         <run_address>0x3f12b4</run_address>
         <size>0x3c</size>
         <input_file_ref idref="fl-10"/>
      </object_component>
      <object_component id="oc-236">
         <name>.text:_ti_sysbios_knl_Swi_run__I</name>
         <load_address>0x3f12f0</load_address>
         <run_address>0x3f12f0</run_address>
         <size>0x3c</size>
         <input_file_ref idref="fl-10"/>
      </object_component>
      <object_component id="oc-18f">
         <name>.text:_xdc_runtime_LoggerBuf_setFilterLevel__E</name>
         <load_address>0x3f132c</load_address>
         <run_address>0x3f132c</run_address>
         <size>0x3c</size>
         <input_file_ref idref="fl-1f"/>
      </object_component>
      <object_component id="oc-234">
         <name>.text:_xdc_runtime_System_formatNum__I</name>
         <load_address>0x3f1368</load_address>
         <run_address>0x3f1368</run_address>
         <size>0x3a</size>
         <input_file_ref idref="fl-22"/>
      </object_component>
      <object_component id="oc-281">
         <name>.text:_ti_sysbios_family_c28_TaskSupport_start__E</name>
         <load_address>0x3f13a2</load_address>
         <run_address>0x3f13a2</run_address>
         <size>0x38</size>
         <input_file_ref idref="fl-10"/>
      </object_component>
      <object_component id="oc-267">
         <name>.text</name>
         <load_address>0x3f13da</load_address>
         <run_address>0x3f13da</run_address>
         <size>0x38</size>
         <input_file_ref idref="fl-43"/>
      </object_component>
      <object_component id="oc-1bf">
         <name>.text:_ti_sysbios_knl_Task_startCore__E</name>
         <load_address>0x3f1412</load_address>
         <run_address>0x3f1412</run_address>
         <size>0x35</size>
         <input_file_ref idref="fl-10"/>
      </object_component>
      <object_component id="oc-250">
         <name>.text:_ti_sysbios_knl_Task_Module_startup__E</name>
         <load_address>0x3f1447</load_address>
         <run_address>0x3f1447</run_address>
         <size>0x32</size>
         <input_file_ref idref="fl-10"/>
      </object_component>
      <object_component id="oc-246">
         <name>.text:_xdc_runtime_Error_print__E</name>
         <load_address>0x3f1479</load_address>
         <run_address>0x3f1479</run_address>
         <size>0x30</size>
         <input_file_ref idref="fl-1b"/>
      </object_component>
      <object_component id="oc-155">
         <name>.text:_xdc_runtime_Startup_exec__E</name>
         <load_address>0x3f14a9</load_address>
         <run_address>0x3f14a9</run_address>
         <size>0x2f</size>
         <input_file_ref idref="fl-21"/>
      </object_component>
      <object_component id="oc-168">
         <name>.text:.bootCodeSection:_ti_catalog_c2800_init_Boot_configurePll2802x</name>
         <load_address>0x3f14d8</load_address>
         <run_address>0x3f14d8</run_address>
         <size>0x2e</size>
         <input_file_ref idref="fl-15"/>
      </object_component>
      <object_component id="oc-1fd">
         <name>.text:_ti_sysbios_knl_Swi_runLoop__I</name>
         <load_address>0x3f1506</load_address>
         <run_address>0x3f1506</run_address>
         <size>0x2e</size>
         <input_file_ref idref="fl-10"/>
      </object_component>
      <object_component id="oc-1cf">
         <name>.text:_ti_sysbios_knl_Swi_schedule__I</name>
         <load_address>0x3f1534</load_address>
         <run_address>0x3f1534</run_address>
         <size>0x2e</size>
         <input_file_ref idref="fl-10"/>
      </object_component>
      <object_component id="oc-223">
         <name>.text:_ti_sysbios_knl_Task_schedule__I</name>
         <load_address>0x3f1562</load_address>
         <run_address>0x3f1562</run_address>
         <size>0x2e</size>
         <input_file_ref idref="fl-10"/>
      </object_component>
      <object_component id="oc-1cc">
         <name>.text:_xdc_runtime_LoggerBuf_Instance_init__E</name>
         <load_address>0x3f1590</load_address>
         <run_address>0x3f1590</run_address>
         <size>0x2e</size>
         <input_file_ref idref="fl-1f"/>
      </object_component>
      <object_component id="oc-241">
         <name>.text:_ti_sysbios_family_c28_Hwi_getInterruptFlag__E</name>
         <load_address>0x3f15be</load_address>
         <run_address>0x3f15be</run_address>
         <size>0x2d</size>
         <input_file_ref idref="fl-10"/>
      </object_component>
      <object_component id="oc-1e0">
         <name>.text:_xdc_runtime_Core_assignParams__I</name>
         <load_address>0x3f15eb</load_address>
         <run_address>0x3f15eb</run_address>
         <size>0x2d</size>
         <input_file_ref idref="fl-1a"/>
      </object_component>
      <object_component id="oc-191">
         <name>.text:_xdc_runtime_LoggerBuf_Object__create__S</name>
         <load_address>0x3f1618</load_address>
         <run_address>0x3f1618</run_address>
         <size>0x2d</size>
         <input_file_ref idref="fl-8"/>
      </object_component>
      <object_component id="oc-28a">
         <name>.text:_xdc_runtime_Text_visitRope2__I</name>
         <load_address>0x3f1645</load_address>
         <run_address>0x3f1645</run_address>
         <size>0x2d</size>
         <input_file_ref idref="fl-24"/>
      </object_component>
      <object_component id="oc-1bc">
         <name>.text:_ti_sysbios_family_c28_Timer_start__E</name>
         <load_address>0x3f1672</load_address>
         <run_address>0x3f1672</run_address>
         <size>0x2c</size>
         <input_file_ref idref="fl-10"/>
      </object_component>
      <object_component id="oc-1ac">
         <name>.text:_xdc_runtime_Assert_raise__I</name>
         <load_address>0x3f169e</load_address>
         <run_address>0x3f169e</run_address>
         <size>0x2c</size>
         <input_file_ref idref="fl-16"/>
      </object_component>
      <object_component id="oc-17b">
         <name>.text:_xdc_runtime_HeapStd_Object__create__S</name>
         <load_address>0x3f16ca</load_address>
         <run_address>0x3f16ca</run_address>
         <size>0x2c</size>
         <input_file_ref idref="fl-8"/>
      </object_component>
      <object_component id="oc-108">
         <name>.text</name>
         <load_address>0x3f16f6</load_address>
         <run_address>0x3f16f6</run_address>
         <size>0x2a</size>
         <input_file_ref idref="fl-38"/>
      </object_component>
      <object_component id="oc-23b">
         <name>.text:_ti_sysbios_family_c28_Hwi_getStackInfo__E</name>
         <load_address>0x3f1720</load_address>
         <run_address>0x3f1720</run_address>
         <size>0x29</size>
         <input_file_ref idref="fl-10"/>
      </object_component>
      <object_component id="oc-75">
         <name>.text:_ti_sysbios_family_c28_Hwi_unPluggedInterrupt__I</name>
         <load_address>0x3f1749</load_address>
         <run_address>0x3f1749</run_address>
         <size>0x29</size>
         <input_file_ref idref="fl-10"/>
      </object_component>
      <object_component id="oc-200">
         <name>.text:_xdc_runtime_Error_setX__E</name>
         <load_address>0x3f1772</load_address>
         <run_address>0x3f1772</run_address>
         <size>0x29</size>
         <input_file_ref idref="fl-1b"/>
      </object_component>
      <object_component id="oc-1d9">
         <name>.text</name>
         <load_address>0x3f179b</load_address>
         <run_address>0x3f179b</run_address>
         <size>0x29</size>
         <input_file_ref idref="fl-3d"/>
      </object_component>
      <object_component id="oc-22b">
         <name>.text:_ti_sysbios_family_c28_Timer_getExpiredCounts64__E</name>
         <load_address>0x3f17c4</load_address>
         <run_address>0x3f17c4</run_address>
         <size>0x28</size>
         <input_file_ref idref="fl-10"/>
      </object_component>
      <object_component id="oc-269">
         <name>.text:_xdc_runtime_Text_xprintf__I</name>
         <load_address>0x3f17ec</load_address>
         <run_address>0x3f17ec</run_address>
         <size>0x28</size>
         <input_file_ref idref="fl-24"/>
      </object_component>
      <object_component id="oc-212">
         <name>.text:_xdc_runtime_SysMin_flush__E</name>
         <load_address>0x3f1814</load_address>
         <run_address>0x3f1814</run_address>
         <size>0x26</size>
         <input_file_ref idref="fl-23"/>
      </object_component>
      <object_component id="oc-154">
         <name>.text</name>
         <load_address>0x3f183a</load_address>
         <run_address>0x3f183a</run_address>
         <size>0x24</size>
         <input_file_ref idref="fl-39"/>
      </object_component>
      <object_component id="oc-16d">
         <name>.text:_xdc_runtime_System_processAtExit__E</name>
         <load_address>0x3f185e</load_address>
         <run_address>0x3f185e</run_address>
         <size>0x23</size>
         <input_file_ref idref="fl-22"/>
      </object_component>
      <object_component id="oc-197">
         <name>.text:_ti_sysbios_knl_Swi_post__E</name>
         <load_address>0x3f1881</load_address>
         <run_address>0x3f1881</run_address>
         <size>0x22</size>
         <input_file_ref idref="fl-10"/>
      </object_component>
      <object_component id="oc-27f">
         <name>.text:_ti_sysbios_knl_Task_blockI__E</name>
         <load_address>0x3f18a3</load_address>
         <run_address>0x3f18a3</run_address>
         <size>0x22</size>
         <input_file_ref idref="fl-10"/>
      </object_component>
      <object_component id="oc-1f2">
         <name>.text:_ti_sysbios_knl_Task_allBlockedFunction__I</name>
         <load_address>0x3f18c5</load_address>
         <run_address>0x3f18c5</run_address>
         <size>0x21</size>
         <input_file_ref idref="fl-10"/>
      </object_component>
      <object_component id="oc-f9">
         <name>.text</name>
         <load_address>0x3f18e6</load_address>
         <run_address>0x3f18e6</run_address>
         <size>0x21</size>
         <input_file_ref idref="fl-35"/>
      </object_component>
      <object_component id="oc-26e">
         <name>.text:_ti_sysbios_family_c28_Timer_setPrescale__E</name>
         <load_address>0x3f1907</load_address>
         <run_address>0x3f1907</run_address>
         <size>0x20</size>
         <input_file_ref idref="fl-10"/>
      </object_component>
      <object_component id="oc-26f">
         <name>.text:_ti_sysbios_knl_Task_exit__E</name>
         <load_address>0x3f1927</load_address>
         <run_address>0x3f1927</run_address>
         <size>0x20</size>
         <input_file_ref idref="fl-10"/>
      </object_component>
      <object_component id="oc-1c2">
         <name>.text:_xdc_runtime_LoggerBuf_filterOutEvent__I</name>
         <load_address>0x3f1947</load_address>
         <run_address>0x3f1947</run_address>
         <size>0x1e</size>
         <input_file_ref idref="fl-1f"/>
      </object_component>
      <object_component id="oc-181">
         <name>.text:_xdc_runtime_System_atexit__E</name>
         <load_address>0x3f1965</load_address>
         <run_address>0x3f1965</run_address>
         <size>0x1e</size>
         <input_file_ref idref="fl-22"/>
      </object_component>
      <object_component id="oc-289">
         <name>.text:_ti_sysbios_family_c28_TaskSupport_buildTaskStack</name>
         <load_address>0x3f1983</load_address>
         <run_address>0x3f1983</run_address>
         <size>0x1d</size>
         <input_file_ref idref="fl-14"/>
      </object_component>
      <object_component id="oc-173">
         <name>.text:_ti_sysbios_gates_GateHwi_Object__create__S</name>
         <load_address>0x3f19a0</load_address>
         <run_address>0x3f19a0</run_address>
         <size>0x1d</size>
         <input_file_ref idref="fl-8"/>
      </object_component>
      <object_component id="oc-169">
         <name>.text</name>
         <load_address>0x3f19bd</load_address>
         <run_address>0x3f19bd</run_address>
         <size>0x1d</size>
         <input_file_ref idref="fl-3a"/>
      </object_component>
      <object_component id="oc-256">
         <name>.text:_xdc_runtime_SysMin_putch__E</name>
         <load_address>0x3f19da</load_address>
         <run_address>0x3f19da</run_address>
         <size>0x1c</size>
         <input_file_ref idref="fl-23"/>
      </object_component>
      <object_component id="oc-284">
         <name>.text:_ti_sysbios_family_c28_Hwi_switchAndDispatch__I</name>
         <load_address>0x3f19f6</load_address>
         <run_address>0x3f19f6</run_address>
         <size>0x1b</size>
         <input_file_ref idref="fl-11"/>
      </object_component>
      <object_component id="oc-237">
         <name>.text:_ti_sysbios_hal_Hwi_checkStack</name>
         <load_address>0x3f1a11</load_address>
         <run_address>0x3f1a11</run_address>
         <size>0x1b</size>
         <input_file_ref idref="fl-10"/>
      </object_component>
      <object_component id="oc-280">
         <name>.text:_ti_sysbios_knl_Task_processVitalTaskFlag__I</name>
         <load_address>0x3f1a2c</load_address>
         <run_address>0x3f1a2c</run_address>
         <size>0x1b</size>
         <input_file_ref idref="fl-10"/>
      </object_component>
      <object_component id="oc-1f1">
         <name>.text:_ti_sysbios_knl_Task_restore__E</name>
         <load_address>0x3f1a47</load_address>
         <run_address>0x3f1a47</run_address>
         <size>0x1b</size>
         <input_file_ref idref="fl-10"/>
      </object_component>
      <object_component id="oc-252">
         <name>.text:_xdc_runtime_SysMin_output__I</name>
         <load_address>0x3f1a62</load_address>
         <run_address>0x3f1a62</run_address>
         <size>0x1b</size>
         <input_file_ref idref="fl-8"/>
      </object_component>
      <object_component id="oc-1d4">
         <name>.text:_ti_sysbios_hal_Hwi_initStack</name>
         <load_address>0x3f1a7d</load_address>
         <run_address>0x3f1a7d</run_address>
         <size>0x1a</size>
         <input_file_ref idref="fl-10"/>
      </object_component>
      <object_component id="oc-1a6">
         <name>.text:_xdc_runtime_Core_assignLabel__I</name>
         <load_address>0x3f1a97</load_address>
         <run_address>0x3f1a97</run_address>
         <size>0x1a</size>
         <input_file_ref idref="fl-19"/>
      </object_component>
      <object_component id="oc-26a">
         <name>.text:_xdc_runtime_System_avprintf__E</name>
         <load_address>0x3f1ab1</load_address>
         <run_address>0x3f1ab1</run_address>
         <size>0x1a</size>
         <input_file_ref idref="fl-22"/>
      </object_component>
      <object_component id="oc-103">
         <name>.text</name>
         <load_address>0x3f1acb</load_address>
         <run_address>0x3f1acb</run_address>
         <size>0x1a</size>
         <input_file_ref idref="fl-37"/>
      </object_component>
      <object_component id="oc-1be">
         <name>.text:_ti_sysbios_knl_Swi_restore__E</name>
         <load_address>0x3f1ae5</load_address>
         <run_address>0x3f1ae5</run_address>
         <size>0x19</size>
         <input_file_ref idref="fl-10"/>
      </object_component>
      <object_component id="oc-235">
         <name>.text:_xdc_runtime_System_putchar__I</name>
         <load_address>0x3f1afe</load_address>
         <run_address>0x3f1afe</run_address>
         <size>0x19</size>
         <input_file_ref idref="fl-22"/>
      </object_component>
      <object_component id="oc-1ce">
         <name>.text:_xdc_runtime_System_vprintf__E</name>
         <load_address>0x3f1b17</load_address>
         <run_address>0x3f1b17</run_address>
         <size>0x19</size>
         <input_file_ref idref="fl-22"/>
      </object_component>
      <object_component id="oc-157">
         <name>.text</name>
         <load_address>0x3f1b30</load_address>
         <run_address>0x3f1b30</run_address>
         <size>0x19</size>
         <input_file_ref idref="fl-3f"/>
      </object_component>
      <object_component id="oc-1fe">
         <name>.text:_ti_sysbios_family_xxx_Hwi_switchAndRunFunc</name>
         <load_address>0x3f1b49</load_address>
         <run_address>0x3f1b49</run_address>
         <size>0x18</size>
         <input_file_ref idref="fl-11"/>
      </object_component>
      <object_component id="oc-213">
         <name>.text:_xdc_runtime_Memory_valloc__E</name>
         <load_address>0x3f1b61</load_address>
         <run_address>0x3f1b61</run_address>
         <size>0x18</size>
         <input_file_ref idref="fl-20"/>
      </object_component>
      <object_component id="oc-27b">
         <name>.text:_xdc_runtime_Text_printVisFxn__I</name>
         <load_address>0x3f1b79</load_address>
         <run_address>0x3f1b79</run_address>
         <size>0x18</size>
         <input_file_ref idref="fl-24"/>
      </object_component>
      <object_component id="oc-182">
         <name>.text:_ti_sysbios_family_c28_Timer_startup__E</name>
         <load_address>0x3f1b91</load_address>
         <run_address>0x3f1b91</run_address>
         <size>0x17</size>
         <input_file_ref idref="fl-10"/>
      </object_component>
      <object_component id="oc-282">
         <name>.text:_ti_sysbios_knl_Task_unblockI__E</name>
         <load_address>0x3f1ba8</load_address>
         <run_address>0x3f1ba8</run_address>
         <size>0x17</size>
         <input_file_ref idref="fl-10"/>
      </object_component>
      <object_component id="oc-249">
         <name>.text:_xdc_runtime_LoggerBuf_Module_startup__E</name>
         <load_address>0x3f1bbf</load_address>
         <run_address>0x3f1bbf</run_address>
         <size>0x17</size>
         <input_file_ref idref="fl-1f"/>
      </object_component>
      <object_component id="oc-180">
         <name>.text:_ti_sysbios_BIOS_atExitFunc__I</name>
         <load_address>0x3f1bd6</load_address>
         <run_address>0x3f1bd6</run_address>
         <size>0x16</size>
         <input_file_ref idref="fl-8"/>
      </object_component>
      <object_component id="oc-24e">
         <name>.text:_ti_sysbios_family_c28_Timer_Module_startup__E</name>
         <load_address>0x3f1bec</load_address>
         <run_address>0x3f1bec</run_address>
         <size>0x16</size>
         <input_file_ref idref="fl-10"/>
      </object_component>
      <object_component id="oc-1fa">
         <name>.text:_xdc_runtime_LoggerBuf_reset__E</name>
         <load_address>0x3f1c02</load_address>
         <run_address>0x3f1c02</run_address>
         <size>0x16</size>
         <input_file_ref idref="fl-1f"/>
      </object_component>
      <object_component id="oc-247">
         <name>.text:_xdc_runtime_SysMin_abort__E</name>
         <load_address>0x3f1c18</load_address>
         <run_address>0x3f1c18</run_address>
         <size>0x16</size>
         <input_file_ref idref="fl-23"/>
      </object_component>
      <object_component id="oc-24f">
         <name>.text:_ti_sysbios_knl_Swi_Module_startup__E</name>
         <load_address>0x3f1c2e</load_address>
         <run_address>0x3f1c2e</run_address>
         <size>0x15</size>
         <input_file_ref idref="fl-10"/>
      </object_component>
      <object_component id="oc-285">
         <name>.text:_ti_sysbios_knl_Task_restoreHwi__E</name>
         <load_address>0x3f1c43</load_address>
         <run_address>0x3f1c43</run_address>
         <size>0x15</size>
         <input_file_ref idref="fl-10"/>
      </object_component>
      <object_component id="oc-198">
         <name>.text:_ti_sysbios_knl_Idle_run__E</name>
         <load_address>0x3f1c58</load_address>
         <run_address>0x3f1c58</run_address>
         <size>0x14</size>
         <input_file_ref idref="fl-10"/>
      </object_component>
      <object_component id="oc-15e">
         <name>.text:_ti_sysbios_BIOS_startFunc__I</name>
         <load_address>0x3f1c6c</load_address>
         <run_address>0x3f1c6c</run_address>
         <size>0x13</size>
         <input_file_ref idref="fl-8"/>
      </object_component>
      <object_component id="oc-174">
         <name>.text:_ti_sysbios_gates_GateHwi_Object__delete__S</name>
         <load_address>0x3f1c7f</load_address>
         <run_address>0x3f1c7f</run_address>
         <size>0x12</size>
         <input_file_ref idref="fl-8"/>
      </object_component>
      <object_component id="oc-192">
         <name>.text:_xdc_runtime_LoggerBuf_Object__delete__S</name>
         <load_address>0x3f1c91</load_address>
         <run_address>0x3f1c91</run_address>
         <size>0x12</size>
         <input_file_ref idref="fl-8"/>
      </object_component>
      <object_component id="oc-17c">
         <name>.text:_xdc_runtime_HeapStd_Object__delete__S</name>
         <load_address>0x3f1ca3</load_address>
         <run_address>0x3f1ca3</run_address>
         <size>0x11</size>
         <input_file_ref idref="fl-8"/>
      </object_component>
      <object_component id="oc-1e3">
         <name>.text:_xdc_runtime_Text_cordText__E</name>
         <load_address>0x3f1cb4</load_address>
         <run_address>0x3f1cb4</run_address>
         <size>0x11</size>
         <input_file_ref idref="fl-24"/>
      </object_component>
      <object_component id="oc-26d">
         <name>.text:_ti_sysbios_family_c28_Timer_stop__E</name>
         <load_address>0x3f1cc5</load_address>
         <run_address>0x3f1cc5</run_address>
         <size>0x10</size>
         <input_file_ref idref="fl-10"/>
      </object_component>
      <object_component id="oc-1f7">
         <name>.text:_ti_sysbios_family_c28_TimestampProvider_get64__E</name>
         <load_address>0x3f1cd5</load_address>
         <run_address>0x3f1cd5</run_address>
         <size>0x10</size>
         <input_file_ref idref="fl-10"/>
      </object_component>
      <object_component id="oc-24b">
         <name>.text:_xdc_runtime_SysMin_Module_startup__E</name>
         <load_address>0x3f1ce5</load_address>
         <run_address>0x3f1ce5</run_address>
         <size>0x10</size>
         <input_file_ref idref="fl-23"/>
      </object_component>
      <object_component id="oc-167">
         <name>.text:.bootCodeSection:_ti_catalog_c2800_init_Boot_disableWatchdog</name>
         <load_address>0x3f1cf5</load_address>
         <run_address>0x3f1cf5</run_address>
         <size>0xf</size>
         <input_file_ref idref="fl-15"/>
      </object_component>
      <object_component id="oc-166">
         <name>.text:_xdc_runtime_Error_raiseX__E</name>
         <load_address>0x3f1d04</load_address>
         <run_address>0x3f1d04</run_address>
         <size>0xf</size>
         <input_file_ref idref="fl-1b"/>
      </object_component>
      <object_component id="oc-279">
         <name>.text:_xdc_runtime_Registry_findById__E</name>
         <load_address>0x3f1d13</load_address>
         <run_address>0x3f1d13</run_address>
         <size>0xf</size>
         <input_file_ref idref="fl-27"/>
      </object_component>
      <object_component id="oc-238">
         <name>.text:_ti_sysbios_BIOS_errorRaiseHook__I</name>
         <load_address>0x3f1d22</load_address>
         <run_address>0x3f1d22</run_address>
         <size>0xe</size>
         <input_file_ref idref="fl-8"/>
      </object_component>
      <object_component id="oc-260">
         <name>.text:_ti_sysbios_knl_Swi_Object__get__S</name>
         <load_address>0x3f1d30</load_address>
         <run_address>0x3f1d30</run_address>
         <size>0xe</size>
         <input_file_ref idref="fl-8"/>
      </object_component>
      <object_component id="oc-263">
         <name>.text:_ti_sysbios_knl_Task_Object__get__S</name>
         <load_address>0x3f1d3e</load_address>
         <run_address>0x3f1d3e</run_address>
         <size>0xe</size>
         <input_file_ref idref="fl-8"/>
      </object_component>
      <object_component id="oc-25a">
         <name>.text:_xdc_runtime_LoggerBuf_Object__get__S</name>
         <load_address>0x3f1d4c</load_address>
         <run_address>0x3f1d4c</run_address>
         <size>0xe</size>
         <input_file_ref idref="fl-8"/>
      </object_component>
      <object_component id="oc-27d">
         <name>.text:_ti_sysbios_family_c28_Hwi_dispatchC__I</name>
         <load_address>0x3f1d5a</load_address>
         <run_address>0x3f1d5a</run_address>
         <size>0xd</size>
         <input_file_ref idref="fl-10"/>
      </object_component>
      <object_component id="oc-240">
         <name>.text:_ti_sysbios_family_c28_TaskSupport_checkStack__E</name>
         <load_address>0x3f1d67</load_address>
         <run_address>0x3f1d67</run_address>
         <size>0xd</size>
         <input_file_ref idref="fl-10"/>
      </object_component>
      <object_component id="oc-22a">
         <name>.text:_ti_sysbios_family_c28_TaskSupport_swap__E</name>
         <load_address>0x3f1d74</load_address>
         <run_address>0x3f1d74</run_address>
         <size>0xd</size>
         <input_file_ref idref="fl-14"/>
      </object_component>
      <object_component id="oc-175">
         <name>.text:_ti_sysbios_gates_GateHwi_Handle__label__S</name>
         <load_address>0x3f1d81</load_address>
         <run_address>0x3f1d81</run_address>
         <size>0xd</size>
         <input_file_ref idref="fl-8"/>
      </object_component>
      <object_component id="oc-270">
         <name>.text:_ti_sysbios_knl_Task_enter__I</name>
         <load_address>0x3f1d8e</load_address>
         <run_address>0x3f1d8e</run_address>
         <size>0xd</size>
         <input_file_ref idref="fl-10"/>
      </object_component>
      <object_component id="oc-22c">
         <name>.text:_xdc_runtime_Error_check__E</name>
         <load_address>0x3f1d9b</load_address>
         <run_address>0x3f1d9b</run_address>
         <size>0xd</size>
         <input_file_ref idref="fl-1b"/>
      </object_component>
      <object_component id="oc-17d">
         <name>.text:_xdc_runtime_HeapStd_Handle__label__S</name>
         <load_address>0x3f1da8</load_address>
         <run_address>0x3f1da8</run_address>
         <size>0xd</size>
         <input_file_ref idref="fl-8"/>
      </object_component>
      <object_component id="oc-193">
         <name>.text:_xdc_runtime_LoggerBuf_Handle__label__S</name>
         <load_address>0x3f1db5</load_address>
         <run_address>0x3f1db5</run_address>
         <size>0xd</size>
         <input_file_ref idref="fl-8"/>
      </object_component>
      <object_component id="oc-20b">
         <name>.text:_xdc_runtime_System_abort__E</name>
         <load_address>0x3f1dc2</load_address>
         <run_address>0x3f1dc2</run_address>
         <size>0xd</size>
         <input_file_ref idref="fl-22"/>
      </object_component>
      <object_component id="oc-286">
         <name>.text:_ti_sysbios_family_c28_Hwi_disableIER__E</name>
         <load_address>0x3f1dcf</load_address>
         <run_address>0x3f1dcf</run_address>
         <size>0xc</size>
         <input_file_ref idref="fl-8"/>
      </object_component>
      <object_component id="oc-275">
         <name>.text:_ti_sysbios_knl_Queue_put__E</name>
         <load_address>0x3f1ddb</load_address>
         <run_address>0x3f1ddb</run_address>
         <size>0xc</size>
         <input_file_ref idref="fl-10"/>
      </object_component>
      <object_component id="oc-1cd">
         <name>.text:_xdc_runtime_LoggerBuf_Instance_finalize__E</name>
         <load_address>0x3f1de7</load_address>
         <run_address>0x3f1de7</run_address>
         <size>0xc</size>
         <input_file_ref idref="fl-1f"/>
      </object_component>
      <object_component id="oc-18c">
         <name>.text:_xdc_runtime_LoggerBuf_write2__E</name>
         <load_address>0x3f1df3</load_address>
         <run_address>0x3f1df3</run_address>
         <size>0xc</size>
         <input_file_ref idref="fl-1f"/>
      </object_component>
      <object_component id="oc-230">
         <name>.text</name>
         <load_address>0x3f1dff</load_address>
         <run_address>0x3f1dff</run_address>
         <size>0xc</size>
         <input_file_ref idref="fl-40"/>
      </object_component>
      <object_component id="oc-266">
         <name>.text:_ti_sysbios_family_c28_Hwi_Module__startupDone__F</name>
         <load_address>0x3f1e0b</load_address>
         <run_address>0x3f1e0b</run_address>
         <size>0xb</size>
         <input_file_ref idref="fl-8"/>
      </object_component>
      <object_component id="oc-25d">
         <name>.text:_ti_sysbios_family_c28_Hwi_Object__get__S</name>
         <load_address>0x3f1e16</load_address>
         <run_address>0x3f1e16</run_address>
         <size>0xb</size>
         <input_file_ref idref="fl-8"/>
      </object_component>
      <object_component id="oc-21d">
         <name>.text:_ti_sysbios_family_c28_Hwi_enableIER__E</name>
         <load_address>0x3f1e21</load_address>
         <run_address>0x3f1e21</run_address>
         <size>0xb</size>
         <input_file_ref idref="fl-8"/>
      </object_component>
      <object_component id="oc-272">
         <name>.text:_ti_sysbios_knl_Queue_Object__get__S</name>
         <load_address>0x3f1e2c</load_address>
         <run_address>0x3f1e2c</run_address>
         <size>0xb</size>
         <input_file_ref idref="fl-8"/>
      </object_component>
      <object_component id="oc-18b">
         <name>.text:_xdc_runtime_LoggerBuf_write1__E</name>
         <load_address>0x3f1e37</load_address>
         <run_address>0x3f1e37</run_address>
         <size>0xb</size>
         <input_file_ref idref="fl-1f"/>
      </object_component>
      <object_component id="oc-1d8">
         <name>.text:_xdc_runtime_SysMin_exit__E</name>
         <load_address>0x3f1e42</load_address>
         <run_address>0x3f1e42</run_address>
         <size>0xb</size>
         <input_file_ref idref="fl-23"/>
      </object_component>
      <object_component id="oc-158">
         <name>.text:_xdc_runtime_System_exit__E</name>
         <load_address>0x3f1e4d</load_address>
         <run_address>0x3f1e4d</run_address>
         <size>0xb</size>
         <input_file_ref idref="fl-22"/>
      </object_component>
      <object_component id="oc-15f">
         <name>.text:_ti_sysbios_BIOS_exitFunc__I</name>
         <load_address>0x3f1e58</load_address>
         <run_address>0x3f1e58</run_address>
         <size>0xa</size>
         <input_file_ref idref="fl-8"/>
      </object_component>
      <object_component id="oc-1c8">
         <name>.text:_xdc_runtime_Error_init__E</name>
         <load_address>0x3f1e62</load_address>
         <run_address>0x3f1e62</run_address>
         <size>0xa</size>
         <input_file_ref idref="fl-1b"/>
      </object_component>
      <object_component id="oc-18a">
         <name>.text:_xdc_runtime_LoggerBuf_write0__E</name>
         <load_address>0x3f1e6c</load_address>
         <run_address>0x3f1e6c</run_address>
         <size>0xa</size>
         <input_file_ref idref="fl-1f"/>
      </object_component>
      <object_component id="oc-1e2">
         <name>.text:_xdc_runtime_Memory_free__E</name>
         <load_address>0x3f1e76</load_address>
         <run_address>0x3f1e76</run_address>
         <size>0xa</size>
         <input_file_ref idref="fl-20"/>
      </object_component>
      <object_component id="oc-27c">
         <name>.text:_xdc_runtime_System_vsnprintf__E</name>
         <load_address>0x3f1e80</load_address>
         <run_address>0x3f1e80</run_address>
         <size>0xa</size>
         <input_file_ref idref="fl-22"/>
      </object_component>
      <object_component id="oc-1e8">
         <name>.text:_xdc_runtime_Text_ropeText__E</name>
         <load_address>0x3f1e8a</load_address>
         <run_address>0x3f1e8a</run_address>
         <size>0xa</size>
         <input_file_ref idref="fl-24"/>
      </object_component>
      <object_component id="oc-221">
         <name>.text:_ti_sysbios_family_c28_Hwi_restoreIER__E</name>
         <load_address>0x3f1e94</load_address>
         <run_address>0x3f1e94</run_address>
         <size>0x9</size>
         <input_file_ref idref="fl-8"/>
      </object_component>
      <object_component id="oc-28c">
         <name>.text:_ti_sysbios_family_c28_TaskSupport_glue</name>
         <load_address>0x3f1e9d</load_address>
         <run_address>0x3f1e9d</run_address>
         <size>0x9</size>
         <input_file_ref idref="fl-14"/>
      </object_component>
      <object_component id="oc-251">
         <name>.text:_ti_sysbios_hal_Hwi_Module_startup__E</name>
         <load_address>0x3f1ea6</load_address>
         <run_address>0x3f1ea6</run_address>
         <size>0x9</size>
         <input_file_ref idref="fl-10"/>
      </object_component>
      <object_component id="oc-271">
         <name>.text:_ti_sysbios_knl_Task_SupportProxy_start__E</name>
         <load_address>0x3f1eaf</load_address>
         <run_address>0x3f1eaf</run_address>
         <size>0x9</size>
         <input_file_ref idref="fl-8"/>
      </object_component>
      <object_component id="oc-273">
         <name>.text:_ti_sysbios_knl_Task_unblock__E</name>
         <load_address>0x3f1eb8</load_address>
         <run_address>0x3f1eb8</run_address>
         <size>0x9</size>
         <input_file_ref idref="fl-10"/>
      </object_component>
      <object_component id="oc-19d">
         <name>.text:_xdc_runtime_Startup_exec__I</name>
         <load_address>0x3f1ec1</load_address>
         <run_address>0x3f1ec1</run_address>
         <size>0x9</size>
         <input_file_ref idref="fl-8"/>
      </object_component>
      <object_component id="oc-283">
         <name>.text:_xdc_runtime_Text_visitRope__I</name>
         <load_address>0x3f1eca</load_address>
         <run_address>0x3f1eca</run_address>
         <size>0x9</size>
         <input_file_ref idref="fl-8"/>
      </object_component>
      <object_component id="oc-1b7">
         <name>.text</name>
         <load_address>0x3f1ed3</load_address>
         <run_address>0x3f1ed3</run_address>
         <size>0x9</size>
         <input_file_ref idref="fl-3e"/>
      </object_component>
      <object_component id="oc-186">
         <name>.text:_ti_sysbios_BIOS_setThreadType__E</name>
         <load_address>0x3f1edc</load_address>
         <run_address>0x3f1edc</run_address>
         <size>0x8</size>
         <input_file_ref idref="fl-10"/>
      </object_component>
      <object_component id="oc-22d">
         <name>.text:_xdc_runtime_IHeap_alloc</name>
         <load_address>0x3f1ee4</load_address>
         <run_address>0x3f1ee4</run_address>
         <size>0x8</size>
         <input_file_ref idref="fl-8"/>
      </object_component>
      <object_component id="oc-1e1">
         <name>.text:_xdc_runtime_Memory_calloc__E</name>
         <load_address>0x3f1eec</load_address>
         <run_address>0x3f1eec</run_address>
         <size>0x8</size>
         <input_file_ref idref="fl-20"/>
      </object_component>
      <object_component id="oc-231">
         <name>.text:_xdc_runtime_SysMin_ready__E</name>
         <load_address>0x3f1ef4</load_address>
         <run_address>0x3f1ef4</run_address>
         <size>0x8</size>
         <input_file_ref idref="fl-23"/>
      </object_component>
      <object_component id="oc-233">
         <name>.text</name>
         <load_address>0x3f1efc</load_address>
         <run_address>0x3f1efc</run_address>
         <size>0x8</size>
         <input_file_ref idref="fl-42"/>
      </object_component>
      <object_component id="oc-153">
         <name>.text:.bootCodeSection:_ti_catalog_c2800_init_Boot_init</name>
         <load_address>0x3f1f04</load_address>
         <run_address>0x3f1f04</run_address>
         <size>0x7</size>
         <input_file_ref idref="fl-8"/>
      </object_component>
      <object_component id="oc-17a">
         <name>.text:_xdc_runtime_HeapStd_getStats__E</name>
         <load_address>0x3f1f0b</load_address>
         <run_address>0x3f1f0b</run_address>
         <size>0x7</size>
         <input_file_ref idref="fl-1e"/>
      </object_component>
      <object_component id="oc-258">
         <name>.text:_xdc_runtime_System_aprintf__E</name>
         <load_address>0x3f1f12</load_address>
         <run_address>0x3f1f12</run_address>
         <size>0x7</size>
         <input_file_ref idref="fl-8"/>
      </object_component>
      <object_component id="oc-195">
         <name>.text:_xdc_runtime_System_printf__E</name>
         <load_address>0x3f1f19</load_address>
         <run_address>0x3f1f19</run_address>
         <size>0x7</size>
         <input_file_ref idref="fl-8"/>
      </object_component>
      <object_component id="oc-196">
         <name>.text:_ti_sysbios_BIOS_start__E</name>
         <load_address>0x3f1f20</load_address>
         <run_address>0x3f1f20</run_address>
         <size>0x6</size>
         <input_file_ref idref="fl-10"/>
      </object_component>
      <object_component id="oc-1f3">
         <name>.text:_ti_sysbios_family_c28_IntrinsicsSupport_maxbit__E</name>
         <load_address>0x3f1f26</load_address>
         <run_address>0x3f1f26</run_address>
         <size>0x6</size>
         <input_file_ref idref="fl-13"/>
      </object_component>
      <object_component id="oc-163">
         <name>.text:_ti_sysbios_family_c28_TimestampProvider_rolloverFunc__E</name>
         <load_address>0x3f1f2c</load_address>
         <run_address>0x3f1f2c</run_address>
         <size>0x6</size>
         <input_file_ref idref="fl-10"/>
      </object_component>
      <object_component id="oc-1d3">
         <name>.text:_ti_sysbios_family_c28_TimestampProvider_startTimer__E</name>
         <load_address>0x3f1f32</load_address>
         <run_address>0x3f1f32</run_address>
         <size>0x6</size>
         <input_file_ref idref="fl-10"/>
      </object_component>
      <object_component id="oc-1b5">
         <name>.text:_ti_sysbios_knl_Swi_disable__E</name>
         <load_address>0x3f1f38</load_address>
         <run_address>0x3f1f38</run_address>
         <size>0x6</size>
         <input_file_ref idref="fl-10"/>
      </object_component>
      <object_component id="oc-1b6">
         <name>.text:_ti_sysbios_knl_Task_disable__E</name>
         <load_address>0x3f1f3e</load_address>
         <run_address>0x3f1f3e</run_address>
         <size>0x6</size>
         <input_file_ref idref="fl-10"/>
      </object_component>
      <object_component id="oc-19e">
         <name>.text:_xdc_runtime_Gate_enterSystem__E</name>
         <load_address>0x3f1f44</load_address>
         <run_address>0x3f1f44</run_address>
         <size>0x6</size>
         <input_file_ref idref="fl-1c"/>
      </object_component>
      <object_component id="oc-1af">
         <name>.text:_xdc_runtime_Gate_leaveSystem__E</name>
         <load_address>0x3f1f4a</load_address>
         <run_address>0x3f1f4a</run_address>
         <size>0x6</size>
         <input_file_ref idref="fl-1c"/>
      </object_component>
      <object_component id="oc-188">
         <name>.text:_xdc_runtime_LoggerBuf_enable__E</name>
         <load_address>0x3f1f50</load_address>
         <run_address>0x3f1f50</run_address>
         <size>0x6</size>
         <input_file_ref idref="fl-1f"/>
      </object_component>
      <object_component id="oc-229">
         <name>.text:_ti_sysbios_family_c28_Hwi_switchFromBootStack__E</name>
         <load_address>0x3f1f56</load_address>
         <run_address>0x3f1f56</run_address>
         <size>0x5</size>
         <input_file_ref idref="fl-10"/>
      </object_component>
      <object_component id="oc-171">
         <name>.text:_ti_sysbios_gates_GateHwi_enter__E</name>
         <load_address>0x3f1f5b</load_address>
         <run_address>0x3f1f5b</run_address>
         <size>0x5</size>
         <input_file_ref idref="fl-10"/>
      </object_component>
      <object_component id="oc-189">
         <name>.text:_xdc_runtime_LoggerBuf_disable__E</name>
         <load_address>0x3f1f60</load_address>
         <run_address>0x3f1f60</run_address>
         <size>0x5</size>
         <input_file_ref idref="fl-1f"/>
      </object_component>
      <object_component id="oc-1bd">
         <name>.text:_ti_sysbios_family_c28_Hwi_startup__E</name>
         <load_address>0x3f1f65</load_address>
         <run_address>0x3f1f65</run_address>
         <size>0x4</size>
         <input_file_ref idref="fl-8"/>
      </object_component>
      <object_component id="oc-184">
         <name>.text:_ti_sysbios_knl_Swi_startup__E</name>
         <load_address>0x3f1f69</load_address>
         <run_address>0x3f1f69</run_address>
         <size>0x4</size>
         <input_file_ref idref="fl-10"/>
      </object_component>
      <object_component id="oc-215">
         <name>.text:_xdc_runtime_IHeap_free</name>
         <load_address>0x3f1f6d</load_address>
         <run_address>0x3f1f6d</run_address>
         <size>0x4</size>
         <input_file_ref idref="fl-8"/>
      </object_component>
      <object_component id="oc-1ae">
         <name>.text:_xdc_runtime_Memory_getMaxDefaultTypeAlign__E</name>
         <load_address>0x3f1f71</load_address>
         <run_address>0x3f1f71</run_address>
         <size>0x4</size>
         <input_file_ref idref="fl-20"/>
      </object_component>
      <object_component id="oc-17e">
         <name>.text:_xdc_runtime_Startup_rtsDone__E</name>
         <load_address>0x3f1f75</load_address>
         <run_address>0x3f1f75</run_address>
         <size>0x4</size>
         <input_file_ref idref="fl-21"/>
      </object_component>
      <object_component id="oc-159">
         <name>.text:___xdc__init</name>
         <load_address>0x3f1f79</load_address>
         <run_address>0x3f1f79</run_address>
         <size>0x3</size>
         <input_file_ref idref="fl-25"/>
      </object_component>
      <object_component id="oc-19a">
         <name>.text:_ti_catalog_c2800_init_Boot_limpAbort</name>
         <load_address>0x3f1f7c</load_address>
         <run_address>0x3f1f7c</run_address>
         <size>0x3</size>
         <input_file_ref idref="fl-8"/>
      </object_component>
      <object_component id="oc-253">
         <name>.text:_ti_sysbios_family_c28_Hwi_getIFR__I</name>
         <load_address>0x3f1f7f</load_address>
         <run_address>0x3f1f7f</run_address>
         <size>0x3</size>
         <input_file_ref idref="fl-11"/>
      </object_component>
      <object_component id="oc-24c">
         <name>.text:_ti_sysbios_family_c28_TimestampProvider_Module_startup__E</name>
         <load_address>0x3f1f82</load_address>
         <run_address>0x3f1f82</run_address>
         <size>0x3</size>
         <input_file_ref idref="fl-10"/>
      </object_component>
      <object_component id="oc-172">
         <name>.text:_ti_sysbios_gates_GateHwi_leave__E</name>
         <load_address>0x3f1f85</load_address>
         <run_address>0x3f1f85</run_address>
         <size>0x3</size>
         <input_file_ref idref="fl-10"/>
      </object_component>
      <object_component id="oc-20c">
         <name>.text:_ti_sysbios_hal_Hwi_HwiProxy_getStackInfo__E</name>
         <load_address>0x3f1f88</load_address>
         <run_address>0x3f1f88</run_address>
         <size>0x3</size>
         <input_file_ref idref="fl-8"/>
      </object_component>
      <object_component id="oc-1f5">
         <name>.text:_ti_sysbios_hal_Hwi_HwiProxy_switchFromBootStack__E</name>
         <load_address>0x3f1f8b</load_address>
         <run_address>0x3f1f8b</run_address>
         <size>0x3</size>
         <input_file_ref idref="fl-8"/>
      </object_component>
      <object_component id="oc-183">
         <name>.text:_ti_sysbios_hal_Hwi_startup__E</name>
         <load_address>0x3f1f8e</load_address>
         <run_address>0x3f1f8e</run_address>
         <size>0x3</size>
         <input_file_ref idref="fl-10"/>
      </object_component>
      <object_component id="oc-162">
         <name>.text:_ti_sysbios_knl_Idle_loop__E</name>
         <load_address>0x3f1f91</load_address>
         <run_address>0x3f1f91</run_address>
         <size>0x3</size>
         <input_file_ref idref="fl-10"/>
      </object_component>
      <object_component id="oc-225">
         <name>.text:_ti_sysbios_knl_Task_SupportProxy_checkStack__E</name>
         <load_address>0x3f1f94</load_address>
         <run_address>0x3f1f94</run_address>
         <size>0x3</size>
         <input_file_ref idref="fl-8"/>
      </object_component>
      <object_component id="oc-1f6">
         <name>.text:_ti_sysbios_knl_Task_SupportProxy_swap__E</name>
         <load_address>0x3f1f97</load_address>
         <run_address>0x3f1f97</run_address>
         <size>0x3</size>
         <input_file_ref idref="fl-8"/>
      </object_component>
      <object_component id="oc-185">
         <name>.text:_ti_sysbios_knl_Task_startup__E</name>
         <load_address>0x3f1f9a</load_address>
         <run_address>0x3f1f9a</run_address>
         <size>0x3</size>
         <input_file_ref idref="fl-10"/>
      </object_component>
      <object_component id="oc-1c5">
         <name>.text:_xdc_runtime_LoggerBuf_Module_GateProxy_enter__E</name>
         <load_address>0x3f1f9d</load_address>
         <run_address>0x3f1f9d</run_address>
         <size>0x3</size>
         <input_file_ref idref="fl-8"/>
      </object_component>
      <object_component id="oc-1c7">
         <name>.text:_xdc_runtime_LoggerBuf_Module_GateProxy_leave__E</name>
         <load_address>0x3f1fa0</load_address>
         <run_address>0x3f1fa0</run_address>
         <size>0x3</size>
         <input_file_ref idref="fl-8"/>
      </object_component>
      <object_component id="oc-1c6">
         <name>.text:_xdc_runtime_LoggerBuf_TimestampProxy_get64__E</name>
         <load_address>0x3f1fa3</load_address>
         <run_address>0x3f1fa3</run_address>
         <size>0x3</size>
         <input_file_ref idref="fl-8"/>
      </object_component>
      <object_component id="oc-1d7">
         <name>.text:_xdc_runtime_System_Module_GateProxy_enter__E</name>
         <load_address>0x3f1fa6</load_address>
         <run_address>0x3f1fa6</run_address>
         <size>0x3</size>
         <input_file_ref idref="fl-8"/>
      </object_component>
      <object_component id="oc-1ea">
         <name>.text:_xdc_runtime_System_Module_GateProxy_leave__E</name>
         <load_address>0x3f1fa9</load_address>
         <run_address>0x3f1fa9</run_address>
         <size>0x3</size>
         <input_file_ref idref="fl-8"/>
      </object_component>
      <object_component id="oc-24a">
         <name>.text:_xdc_runtime_System_Module_startup__E</name>
         <load_address>0x3f1fac</load_address>
         <run_address>0x3f1fac</run_address>
         <size>0x3</size>
         <input_file_ref idref="fl-22"/>
      </object_component>
      <object_component id="oc-239">
         <name>.text:_xdc_runtime_System_SupportProxy_abort__E</name>
         <load_address>0x3f1faf</load_address>
         <run_address>0x3f1faf</run_address>
         <size>0x3</size>
         <input_file_ref idref="fl-8"/>
      </object_component>
      <object_component id="oc-19f">
         <name>.text:_xdc_runtime_System_SupportProxy_exit__E</name>
         <load_address>0x3f1fb2</load_address>
         <run_address>0x3f1fb2</run_address>
         <size>0x3</size>
         <input_file_ref idref="fl-8"/>
      </object_component>
      <object_component id="oc-243">
         <name>.text:_xdc_runtime_System_SupportProxy_putch__E</name>
         <load_address>0x3f1fb5</load_address>
         <run_address>0x3f1fb5</run_address>
         <size>0x3</size>
         <input_file_ref idref="fl-8"/>
      </object_component>
      <object_component id="oc-1fb">
         <name>.text:_xdc_runtime_System_SupportProxy_ready__E</name>
         <load_address>0x3f1fb8</load_address>
         <run_address>0x3f1fb8</run_address>
         <size>0x3</size>
         <input_file_ref idref="fl-8"/>
      </object_component>
      <object_component id="oc-248">
         <name>.text:_xdc_runtime_System_abortStd__E</name>
         <load_address>0x3f1fbb</load_address>
         <run_address>0x3f1fbb</run_address>
         <size>0x3</size>
         <input_file_ref idref="fl-22"/>
      </object_component>
      <object_component id="oc-1a0">
         <name>.text:_xdc_runtime_System_exitStd__E</name>
         <load_address>0x3f1fbe</load_address>
         <run_address>0x3f1fbe</run_address>
         <size>0x3</size>
         <input_file_ref idref="fl-22"/>
      </object_component>
      <object_component id="oc-1b0">
         <name>.text:_malloc</name>
         <load_address>0x3f1fc1</load_address>
         <run_address>0x3f1fc1</run_address>
         <size>0x2</size>
         <input_file_ref idref="fl-8"/>
      </object_component>
      <object_component id="oc-1d2">
         <name>.text:_ti_catalog_c2800_init_Boot_defaultLimpAbortFunction</name>
         <load_address>0x3f1fc3</load_address>
         <run_address>0x3f1fc3</run_address>
         <size>0x2</size>
         <input_file_ref idref="fl-15"/>
      </object_component>
      <object_component id="oc-261">
[...]
         <name>_ti_sysbios_family_c28_TaskSupport_buildTaskStack</name>
         <value>0x3f1983</value>
         <object_component_ref idref="oc-289"/>
      </symbol>
      <symbol id="sm-683">
         <name>_ti_sysbios_family_c28_TaskSupport_swap__E</name>
         <value>0x3f1d74</value>
         <object_component_ref idref="oc-22a"/>
      </symbol>
      <symbol id="sm-684">
         <name>_ti_sysbios_family_c28_TaskSupport_glue</name>
         <value>0x3f1e9d</value>
         <object_component_ref idref="oc-28c"/>
      </symbol>
      <symbol id="sm-697">
         <name>_ti_catalog_c2800_init_Boot_configurePll2802x</name>
         <value>0x3f14d8</value>
         <object_component_ref idref="oc-168"/>
      </symbol>
      <symbol id="sm-698">
         <name>_ti_catalog_c2800_init_Boot_disableWatchdog</name>
         <value>0x3f1cf5</value>
         <object_component_ref idref="oc-167"/>
      </symbol>
      <symbol id="sm-699">
         <name>_ti_catalog_c2800_init_Boot_defaultLimpAbortFunction</name>
         <value>0x3f1fc3</value>
         <object_component_ref idref="oc-1d2"/>
      </symbol>
      <symbol id="sm-6ad">
         <name>_xdc_runtime_Assert_raise__I</name>
         <value>0x3f169e</value>
         <object_component_ref idref="oc-1ac"/>
      </symbol>
      <symbol id="sm-6cd">
         <name>_xdc_runtime_Core_deleteObject__I</name>
         <value>0x3f11c1</value>
         <object_component_ref idref="oc-1a5"/>
      </symbol>
      <symbol id="sm-6ce">
         <name>_xdc_runtime_Core_createObject__I</name>
         <value>0x3f084a</value>
         <object_component_ref idref="oc-1a3"/>
      </symbol>
      <symbol id="sm-6e6">
         <name>_xdc_runtime_Core_assignLabel__I</name>
         <value>0x3f1a97</value>
         <object_component_ref idref="oc-1a6"/>
      </symbol>
      <symbol id="sm-6f4">
         <name>_xdc_runtime_Core_assignParams__I</name>
         <value>0x3f15eb</value>
         <object_component_ref idref="oc-1e0"/>
      </symbol>
      <symbol id="sm-720">
         <name>_xdc_runtime_Error_getSite__E</name>
         <value>0x3f1fc9</value>
         <object_component_ref idref="oc-257"/>
      </symbol>
      <symbol id="sm-721">
         <name>_xdc_runtime_Error_print__E</name>
         <value>0x3f1479</value>
         <object_component_ref idref="oc-246"/>
      </symbol>
      <symbol id="sm-722">
         <name>_xdc_runtime_Error_policyDefault__E</name>
         <value>0x3f0a0b</value>
         <object_component_ref idref="oc-1d1"/>
      </symbol>
      <symbol id="sm-723">
         <name>_xdc_runtime_Error_init__E</name>
         <value>0x3f1e62</value>
         <object_component_ref idref="oc-1c8"/>
      </symbol>
      <symbol id="sm-724">
         <name>_xdc_runtime_Error_raiseX__E</name>
         <value>0x3f1d04</value>
         <object_component_ref idref="oc-166"/>
      </symbol>
      <symbol id="sm-725">
         <name>_xdc_runtime_Error_check__E</name>
         <value>0x3f1d9b</value>
         <object_component_ref idref="oc-22c"/>
      </symbol>
      <symbol id="sm-726">
         <name>_xdc_runtime_Error_setX__E</name>
         <value>0x3f1772</value>
         <object_component_ref idref="oc-200"/>
      </symbol>
      <symbol id="sm-734">
         <name>_xdc_runtime_Gate_leaveSystem__E</name>
         <value>0x3f1f4a</value>
         <object_component_ref idref="oc-1af"/>
      </symbol>
      <symbol id="sm-735">
         <name>_xdc_runtime_Gate_enterSystem__E</name>
         <value>0x3f1f44</value>
         <object_component_ref idref="oc-19e"/>
      </symbol>
      <symbol id="sm-77f">
         <name>_xdc_runtime_HeapStd_isBlocking__E</name>
         <value>0x3f1fcb</value>
         <object_component_ref idref="oc-179"/>
      </symbol>
      <symbol id="sm-780">
         <name>_xdc_runtime_HeapStd_getStats__E</name>
         <value>0x3f1f0b</value>
         <object_component_ref idref="oc-17a"/>
      </symbol>
      <symbol id="sm-781">
         <name>_xdc_runtime_HeapStd_free__E</name>
         <value>0x3f0e76</value>
         <object_component_ref idref="oc-178"/>
      </symbol>
      <symbol id="sm-782">
         <name>_xdc_runtime_HeapStd_Instance_init__E</name>
         <value>0x3f0b18</value>
         <object_component_ref idref="oc-1b4"/>
      </symbol>
      <symbol id="sm-783">
         <name>_xdc_runtime_HeapStd_alloc__E</name>
         <value>0x3f0453</value>
         <object_component_ref idref="oc-177"/>
      </symbol>
      <symbol id="sm-7d2">
         <name>_xdc_runtime_LoggerBuf_write0__E</name>
         <value>0x3f1e6c</value>
         <object_component_ref idref="oc-18a"/>
      </symbol>
      <symbol id="sm-7d3">
         <name>_xdc_runtime_LoggerBuf_Instance_init__E</name>
         <value>0x3f1590</value>
         <object_component_ref idref="oc-1cc"/>
      </symbol>
      <symbol id="sm-7d4">
         <name>_xdc_runtime_LoggerBuf_Module_startup__E</name>
         <value>0x3f1bbf</value>
         <object_component_ref idref="oc-249"/>
      </symbol>
      <symbol id="sm-7d5">
         <name>_xdc_runtime_LoggerBuf_reset__E</name>
         <value>0x3f1c02</value>
         <object_component_ref idref="oc-1fa"/>
      </symbol>
      <symbol id="sm-7d6">
         <name>_xdc_runtime_LoggerBuf_Instance_finalize__E</name>
         <value>0x3f1de7</value>
         <object_component_ref idref="oc-1cd"/>
      </symbol>
      <symbol id="sm-7d7">
         <name>_xdc_runtime_LoggerBuf_write4__E</name>
         <value>0x3f0d1a</value>
         <object_component_ref idref="oc-18d"/>
      </symbol>
      <symbol id="sm-7d8">
         <name>_xdc_runtime_LoggerBuf_getFilterLevel__E</name>
         <value>0x3f11fe</value>
         <object_component_ref idref="oc-190"/>
      </symbol>
      <symbol id="sm-7d9">
         <name>_xdc_runtime_LoggerBuf_disable__E</name>
         <value>0x3f1f60</value>
         <object_component_ref idref="oc-189"/>
      </symbol>
      <symbol id="sm-7da">
         <name>_xdc_runtime_LoggerBuf_setFilterLevel__E</name>
         <value>0x3f132c</value>
         <object_component_ref idref="oc-18f"/>
      </symbol>
      <symbol id="sm-7db">
         <name>_xdc_runtime_LoggerBuf_write8__E</name>
         <value>0x3f06e6</value>
         <object_component_ref idref="oc-18e"/>
      </symbol>
      <symbol id="sm-7dc">
         <name>_xdc_runtime_LoggerBuf_write2__E</name>
         <value>0x3f1df3</value>
         <object_component_ref idref="oc-18c"/>
      </symbol>
      <symbol id="sm-7dd">
         <name>_xdc_runtime_LoggerBuf_filterOutEvent__I</name>
         <value>0x3f1947</value>
         <object_component_ref idref="oc-1c2"/>
      </symbol>
      <symbol id="sm-7de">
         <name>_xdc_runtime_LoggerBuf_write1__E</name>
         <value>0x3f1e37</value>
         <object_component_ref idref="oc-18b"/>
      </symbol>
      <symbol id="sm-7df">
         <name>_xdc_runtime_LoggerBuf_enable__E</name>
         <value>0x3f1f50</value>
         <object_component_ref idref="oc-188"/>
      </symbol>
      <symbol id="sm-7fa">
         <name>_xdc_runtime_Memory_calloc__E</name>
         <value>0x3f1eec</value>
         <object_component_ref idref="oc-1e1"/>
      </symbol>
      <symbol id="sm-7fb">
         <name>_xdc_runtime_Memory_free__E</name>
         <value>0x3f1e76</value>
         <object_component_ref idref="oc-1e2"/>
      </symbol>
      <symbol id="sm-7fc">
         <name>_xdc_runtime_Memory_valloc__E</name>
         <value>0x3f1b61</value>
         <object_component_ref idref="oc-213"/>
      </symbol>
      <symbol id="sm-7fd">
         <name>_xdc_runtime_Memory_alloc__E</name>
         <value>0x3f123b</value>
         <object_component_ref idref="oc-1f9"/>
      </symbol>
      <symbol id="sm-7fe">
         <name>_xdc_runtime_Memory_getMaxDefaultTypeAlign__E</name>
         <value>0x3f1f71</value>
         <object_component_ref idref="oc-1ae"/>
      </symbol>
      <symbol id="sm-820">
         <name>_xdc_runtime_Startup_startMods__I</name>
         <value>0x3f0e05</value>
         <object_component_ref idref="oc-1d5"/>
      </symbol>
      <symbol id="sm-821">
         <name>_xdc_runtime_Startup_rtsDone__E</name>
         <value>0x3f1f75</value>
         <object_component_ref idref="oc-17e"/>
      </symbol>
      <symbol id="sm-822">
         <name>_xdc_runtime_Startup_exec__E</name>
         <value>0x3f14a9</value>
         <object_component_ref idref="oc-155"/>
      </symbol>
      <symbol id="sm-8a6">
         <name>_xdc_runtime_System_formatNum__I</name>
         <value>0x3f1368</value>
         <object_component_ref idref="oc-234"/>
      </symbol>
      <symbol id="sm-8a7">
         <name>_xdc_runtime_System_exit__E</name>
         <value>0x3f1e4d</value>
         <object_component_ref idref="oc-158"/>
      </symbol>
      <symbol id="sm-8a8">
         <name>_xdc_runtime_System_exitStd__E</name>
         <value>0x3f1fbe</value>
         <object_component_ref idref="oc-1a0"/>
      </symbol>
      <symbol id="sm-8a9">
         <name>_xdc_runtime_System_printf_va__F</name>
         <value>0x3f1b17</value>
         <object_component_ref idref="oc-1ce"/>
      </symbol>
      <symbol id="sm-8aa">
         <name>_xdc_runtime_System_atexit__E</name>
         <value>0x3f1965</value>
         <object_component_ref idref="oc-181"/>
      </symbol>
      <symbol id="sm-8ab">
         <name>_xdc_runtime_System_abortStd__E</name>
         <value>0x3f1fbb</value>
         <object_component_ref idref="oc-248"/>
      </symbol>
      <symbol id="sm-8ac">
         <name>_xdc_runtime_System_putchar__I</name>
         <value>0x3f1afe</value>
         <object_component_ref idref="oc-235"/>
      </symbol>
      <symbol id="sm-8ad">
         <name>_xdc_runtime_System_snprintf_va__F</name>
         <value>0x3f1e80</value>
         <object_component_ref idref="oc-27c"/>
      </symbol>
      <symbol id="sm-8ae">
         <name>_xdc_runtime_System_Module_startup__E</name>
         <value>0x3f1fac</value>
         <object_component_ref idref="oc-24a"/>
      </symbol>
      <symbol id="sm-8af">
         <name>_xdc_runtime_System_avprintf__E</name>
         <value>0x3f1ab1</value>
         <object_component_ref idref="oc-26a"/>
      </symbol>
      <symbol id="sm-8b0">
         <name>_xdc_runtime_System_vprintf__E</name>
         <value>0x3f1b17</value>
         <object_component_ref idref="oc-1ce"/>
      </symbol>
      <symbol id="sm-8b1">
         <name>_xdc_runtime_System_aprintf_va__F</name>
         <value>0x3f1ab1</value>
         <object_component_ref idref="oc-26a"/>
      </symbol>
      <symbol id="sm-8b2">
         <name>_xdc_runtime_System_doPrint__I</name>
         <value>0x3f0000</value>
         <object_component_ref idref="oc-1fc"/>
      </symbol>
      <symbol id="sm-8b3">
         <name>_xdc_runtime_System_processAtExit__E</name>
         <value>0x3f185e</value>
         <object_component_ref idref="oc-16d"/>
      </symbol>
      <symbol id="sm-8b4">
         <name>_xdc_runtime_System_vsnprintf__E</name>
         <value>0x3f1e80</value>
         <object_component_ref idref="oc-27c"/>
      </symbol>
      <symbol id="sm-8b5">
         <name>_xdc_runtime_System_abort__E</name>
         <value>0x3f1dc2</value>
         <object_component_ref idref="oc-20b"/>
      </symbol>
      <symbol id="sm-8d4">
         <name>_xdc_runtime_SysMin_abort__E</name>
         <value>0x3f1c18</value>
         <object_component_ref idref="oc-247"/>
      </symbol>
      <symbol id="sm-8d5">
         <name>_xdc_runtime_SysMin_ready__E</name>
         <value>0x3f1ef4</value>
         <object_component_ref idref="oc-231"/>
      </symbol>
      <symbol id="sm-8d6">
         <name>_xdc_runtime_SysMin_flush__E</name>
         <value>0x3f1814</value>
         <object_component_ref idref="oc-212"/>
      </symbol>
      <symbol id="sm-8d7">
         <name>_xdc_runtime_SysMin_Module_startup__E</name>
         <value>0x3f1ce5</value>
         <object_component_ref idref="oc-24b"/>
      </symbol>
      <symbol id="sm-8d8">
         <name>_xdc_runtime_SysMin_putch__E</name>
         <value>0x3f19da</value>
         <object_component_ref idref="oc-256"/>
      </symbol>
      <symbol id="sm-8d9">
         <name>_xdc_runtime_SysMin_exit__E</name>
         <value>0x3f1e42</value>
         <object_component_ref idref="oc-1d8"/>
      </symbol>
      <symbol id="sm-91e">
         <name>_xdc_runtime_Text_putLab__E</name>
         <value>0x3f1142</value>
         <object_component_ref idref="oc-254"/>
      </symbol>
      <symbol id="sm-91f">
         <name>_xdc_runtime_Text_printVisFxn__I</name>
         <value>0x3f1b79</value>
         <object_component_ref idref="oc-27b"/>
      </symbol>
      <symbol id="sm-920">
         <name>_xdc_runtime_Text_putMod__E</name>
         <value>0x3f1183</value>
         <object_component_ref idref="oc-268"/>
      </symbol>
      <symbol id="sm-921">
         <name>_xdc_runtime_Text_cordText__E</name>
         <value>0x3f1cb4</value>
         <object_component_ref idref="oc-1e3"/>
      </symbol>
      <symbol id="sm-922">
         <name>_xdc_runtime_Text_xprintf__I</name>
         <value>0x3f17ec</value>
         <object_component_ref idref="oc-269"/>
      </symbol>
      <symbol id="sm-923">
         <name>_xdc_runtime_Text_visitRope2__I</name>
         <value>0x3f1645</value>
         <object_component_ref idref="oc-28a"/>
      </symbol>
      <symbol id="sm-924">
         <name>_xdc_runtime_Text_ropeText__E</name>
         <value>0x3f1e8a</value>
         <object_component_ref idref="oc-1e8"/>
      </symbol>
      <symbol id="sm-925">
         <name>_xdc_runtime_Text_putSite__E</name>
         <value>0x3f0faf</value>
         <object_component_ref idref="oc-255"/>
      </symbol>
      <symbol id="sm-931">
         <name>___xdc__init</name>
         <value>0x3f1f79</value>
         <object_component_ref idref="oc-159"/>
      </symbol>
      <symbol id="sm-951">
         <name>_xdc_runtime_Registry_findById__E</name>
         <value>0x3f1d13</value>
         <object_component_ref idref="oc-279"/>
      </symbol>
      <symbol id="sm-96c">
         <name>_c_int00</name>
         <value>0x3f0ee2</value>
         <object_component_ref idref="oc-38"/>
      </symbol>
      <symbol id="sm-96d">
         <name>__stack</name>
         <value>0x662</value>
         <object_component_ref idref="oc-ef"/>
      </symbol>
      <symbol id="sm-97e">
         <name>FS$$MPY</name>
         <value>0x3f100c</value>
         <object_component_ref idref="oc-f4"/>
      </symbol>
      <symbol id="sm-98f">
         <name>FS$$TOUL</name>
         <value>0x3f18e6</value>
         <object_component_ref idref="oc-f9"/>
      </symbol>
      <symbol id="sm-9bb">
         <name>ULL$$MOD</name>
         <value>0x3f03f1</value>
         <object_component_ref idref="oc-fe"/>
      </symbol>
      <symbol id="sm-9bc">
         <name>ULL$$DIV</name>
         <value>0x3f03c2</value>
         <object_component_ref idref="oc-fe"/>
      </symbol>
      <symbol id="sm-9bd">
         <name>LL$$MOD</name>
         <value>0x3f0388</value>
         <object_component_ref idref="oc-fe"/>
      </symbol>
      <symbol id="sm-9be">
         <name>LL$$DIV</name>
         <value>0x3f034c</value>
         <object_component_ref idref="oc-fe"/>
      </symbol>
      <symbol id="sm-9cd">
         <name>L$$TOFS</name>
         <value>0x3f1acb</value>
         <object_component_ref idref="oc-103"/>
      </symbol>
      <symbol id="sm-9d9">
         <name>UL$$MOD</name>
         <value>0x3f171a</value>
         <object_component_ref idref="oc-108"/>
      </symbol>
      <symbol id="sm-9da">
         <name>L$$MOD</name>
         <value>0x3f1705</value>
         <object_component_ref idref="oc-108"/>
      </symbol>
      <symbol id="sm-9db">
         <name>L$$DIV</name>
         <value>0x3f16f6</value>
         <object_component_ref idref="oc-108"/>
      </symbol>
      <symbol id="sm-9dc">
         <name>UL$$DIV</name>
         <value>0x3f1713</value>
         <object_component_ref idref="oc-108"/>
      </symbol>
      <symbol id="sm-9eb">
         <name>_copy_in</name>
         <value>0x3f183a</value>
         <object_component_ref idref="oc-154"/>
      </symbol>
      <symbol id="sm-9fc">
         <name>_memcpy</name>
         <value>0x3f19bd</value>
         <object_component_ref idref="oc-169"/>
      </symbol>
      <symbol id="sm-a08">
         <name>__system_pre_init</name>
         <value>0x3f1fcd</value>
         <object_component_ref idref="oc-152"/>
      </symbol>
      <symbol id="sm-a15">
         <name>__system_post_cinit</name>
         <value>0x3f1fd3</value>
         <object_component_ref idref="oc-156"/>
      </symbol>
      <symbol id="sm-a29">
         <name>C$$EXIT</name>
         <value>0x3f179b</value>
         <object_component_ref idref="oc-1d9"/>
      </symbol>
      <symbol id="sm-a2a">
         <name>_exit</name>
         <value>0x3f179d</value>
         <object_component_ref idref="oc-1d9"/>
      </symbol>
      <symbol id="sm-a2b">
         <name>___TI_cleanup_ptr</name>
         <value>0x65a</value>
         <object_component_ref idref="oc-123"/>
      </symbol>
      <symbol id="sm-a2c">
         <name>___TI_enable_exit_profile_output</name>
         <value>0x658</value>
         <object_component_ref idref="oc-123"/>
      </symbol>
      <symbol id="sm-a2d">
         <name>_abort</name>
         <value>0x3f179b</value>
         <object_component_ref idref="oc-1d9"/>
      </symbol>
      <symbol id="sm-a2e">
         <name>___TI_dtors_ptr</name>
         <value>0x65c</value>
         <object_component_ref idref="oc-123"/>
      </symbol>
      <symbol id="sm-a42">
         <name>__unlock</name>
         <value>0x660</value>
         <object_component_ref idref="oc-1ed"/>
      </symbol>
      <symbol id="sm-a43">
         <name>__lock</name>
         <value>0x65e</value>
         <object_component_ref idref="oc-1ee"/>
      </symbol>
      <symbol id="sm-a44">
         <name>__register_lock</name>
         <value>0x3f1ed7</value>
         <object_component_ref idref="oc-1b7"/>
      </symbol>
      <symbol id="sm-a45">
         <name>__nop</name>
         <value>0x3f1edb</value>
         <object_component_ref idref="oc-1b7"/>
      </symbol>
      <symbol id="sm-a46">
         <name>__register_unlock</name>
         <value>0x3f1ed3</value>
         <object_component_ref idref="oc-1b7"/>
      </symbol>
      <symbol id="sm-a55">
         <name>__args_main</name>
         <value>0x3f1b30</value>
         <object_component_ref idref="oc-157"/>
      </symbol>
      <symbol id="sm-a63">
         <name>_memset</name>
         <value>0x3f1dff</value>
         <object_component_ref idref="oc-230"/>
      </symbol>
      <symbol id="sm-a79">
         <name>_strlen</name>
         <value>0x3f1efc</value>
         <object_component_ref idref="oc-233"/>
      </symbol>
      <symbol id="sm-a86">
         <name>_HOSTwrite</name>
         <value>0x3f13da</value>
         <object_component_ref idref="oc-267"/>
      </symbol>
      <symbol id="sm-a9e">
         <name>___TI_readmsg</name>
         <value>0x3f0941</value>
         <object_component_ref idref="oc-276"/>
      </symbol>
      <symbol id="sm-a9f">
         <name>C$$IO$$</name>
         <value>0x3f093c</value>
         <object_component_ref idref="oc-276"/>
      </symbol>
      <symbol id="sm-aa0">
         <name>__CIOBUF_</name>
         <value>0x8000</value>
         <object_component_ref idref="oc-147"/>
      </symbol>
      <symbol id="sm-aa1">
         <name>___TI_writemsg</name>
         <value>0x3f08e9</value>
         <object_component_ref idref="oc-276"/>
      </symbol>
      <symbol id="sm-aad">
         <name>_parmbuf</name>
         <value>0x650</value>
         <object_component_ref idref="oc-14d"/>
      </symbol>
   </symbol_table>
   <title>Link successful</title>
</link_info>
